core_cm33.h:2127:22:__NVIC_EnableIRQ	16	static
fsl_clock.h:839:20:CLOCK_EnableClock	24	static
fsl_clock.h:869:20:CLOCK_DisableClock	24	static
fsl_common.h:747:28:EnableIRQ	24	static
fsl_i3c.h:623:24:I3C_MasterGetStatusFlags	16	static
fsl_i3c.h:646:20:I3C_MasterClearStatusFlags	16	static
fsl_i3c.h:663:24:I3C_MasterGetErrorStatusFlags	16	static
fsl_i3c.h:677:20:I3C_MasterClearErrorStatusFlags	16	static
fsl_i3c.h:708:20:I3C_MasterEnableInterrupts	16	static
fsl_i3c.h:723:20:I3C_MasterDisableInterrupts	16	static
fsl_i3c.h:735:24:I3C_MasterGetEnabledInterrupts	16	static
fsl_i3c.h:814:20:I3C_MasterSetWatermarks	16	static
fsl_i3c.h:830:20:I3C_MasterGetFifoCounts	24	static
fsl_i3c.h:868:20:I3C_MasterGetBusIdleState	16	static
fsl_i3c.h:1158:24:I3C_SlaveGetStatusFlags	16	static
fsl_i3c.h:1179:20:I3C_SlaveClearStatusFlags	16	static
fsl_i3c.h:1196:24:I3C_SlaveGetErrorStatusFlags	16	static
fsl_i3c.h:1210:20:I3C_SlaveClearErrorStatusFlags	16	static
fsl_i3c.h:1247:20:I3C_SlaveEnableInterrupts	16	static
fsl_i3c.h:1272:20:I3C_SlaveDisableInterrupts	16	static
fsl_i3c.h:1296:24:I3C_SlaveGetPendingInterrupts	16	static
fsl_i3c.h:1379:20:I3C_SlaveGetFifoCounts	24	static
fsl_i3c.c:145:10:I3C_GetInstance	24	static
fsl_i3c.c:178:10:I3C_MasterCheckAndClearError	24	static
fsl_i3c.c:243:17:I3C_MasterWaitForCtrlDone	32	static
fsl_i3c.c:287:17:I3C_MasterWaitForTxReady	32	static
fsl_i3c.c:325:17:I3C_MasterWaitForComplete	32	static
fsl_i3c.c:385:17:I3C_SlaveCheckAndClearError	24	static
fsl_i3c.c:454:17:I3C_SlaveWaitForTxReady	32	static
fsl_i3c.c:492:17:I3C_MasterEmitStop	24	static
fsl_i3c.c:523:10:I3C_CheckForBusyBus	16	static
fsl_i3c.c:547:6:I3C_MasterGetDefaultConfig	16	static
fsl_i3c.c:571:6:I3C_MasterInit	40	static
fsl_i3c.c:598:20:I3C_MasterGetState	24	static
fsl_i3c.c:645:6:I3C_MasterDeinit	24	static
fsl_i3c.c:663:17:I3C_CalcErrorRatio	16	static
fsl_i3c.c:685:6:I3C_MasterSetBaudRate	72	static
fsl_i3c.c:758:10:I3C_MasterStart	24	static
fsl_i3c.c:787:10:I3C_MasterRepeatedStart	24	static
fsl_i3c.c:819:10:I3C_MasterStop	16	static
fsl_i3c.c:830:6:I3C_MasterEmitRequest	24	static
fsl_i3c.c:845:6:I3C_MasterRegisterIBI	24	static
fsl_i3c.c:879:10:I3C_MasterReceive	40	static
fsl_i3c.c:987:10:I3C_MasterSend	40	static
fsl_i3c.c:1065:10:I3C_MasterProcessDAA	56	static
fsl_i3c.c:1145:10:I3C_MasterTransferBlocking	40	static
fsl_i3c.c:1263:6:I3C_MasterTransferCreateHandle	32	static
fsl_i3c.c:1297:17:I3C_RunTransferStateMachine	64	static
fsl_i3c.c:1541:17:I3C_InitTransferStateMachine	32	static
fsl_i3c.c:1608:10:I3C_MasterTransferNonBlocking	40	static
fsl_i3c.c:1663:10:I3C_MasterTransferGetCount	40	static
fsl_i3c.c:1725:6:I3C_MasterTransferAbort	16	static
fsl_i3c.c:1750:6:I3C_MasterTransferHandleIRQ	32	static
fsl_i3c.c:1801:6:I3C_SlaveGetDefaultConfig	16	static
fsl_i3c.c:1835:6:I3C_SlaveInit	40	static
fsl_i3c.c:1888:6:I3C_SlaveDeinit	24	static
fsl_i3c.c:1912:28:I3C_SlaveGetActivityState	24	static
fsl_i3c.c:1945:6:I3C_SlaveRequestEvent	24	static
fsl_i3c.c:1969:10:I3C_SlaveSend	32	static
fsl_i3c.c:2008:10:I3C_SlaveReceive	32	static
fsl_i3c.c:2069:6:I3C_SlaveTransferCreateHandle	32	static
fsl_i3c.c:2123:10:I3C_SlaveTransferNonBlocking	24	static
fsl_i3c.c:2160:10:I3C_SlaveTransferGetCount	24	static
fsl_i3c.c:2190:6:I3C_SlaveTransferAbort	16	static
fsl_i3c.c:2215:6:I3C_SlaveTransferHandleIRQ	48	static
fsl_i3c.c:2379:13:I3C_CommonIRQHandler	16	static
fsl_i3c.c:2400:6:I3C0_DriverIRQHandler	8	static
