fsl_adapter_usart.c:154:13:HAL_UartInterruptHandle.isra.0	16	static
fsl_adapter_usart.c:212:13:HAL_UartInterruptHandle_Wapper	0	static
fsl_adapter_usart.c:220:19:HAL_UartInit	48	static
fsl_adapter_usart.c:287:19:HAL_UartDeinit	8	static
fsl_adapter_usart.c:300:19:HAL_UartReceiveBlocking	8	static
fsl_adapter_usart.c:322:19:HAL_UartSendBlocking	8	static
fsl_adapter_usart.c:343:19:HAL_UartEnterLowpower	0	static
fsl_adapter_usart.c:350:19:HAL_UartExitLowpower	0	static
fsl_adapter_usart.c:470:19:HAL_UartInstallCallback	0	static
fsl_adapter_usart.c:487:19:HAL_UartReceiveNonBlocking	0	static
fsl_adapter_usart.c:509:19:HAL_UartSendNonBlocking	0	static
fsl_adapter_usart.c:530:19:HAL_UartGetReceiveCount	0	static
fsl_adapter_usart.c:547:19:HAL_UartGetSendCount	0	static
fsl_adapter_usart.c:564:19:HAL_UartAbortReceive	0	static
fsl_adapter_usart.c:582:19:HAL_UartAbortSend	0	static
fsl_adapter_usart.c:623:6:HAL_UartIsrFunction	0	static
