micro_error_reporter.h:27:3:tflite::MicroErrorReporter::~MicroErrorReporter()	0	static
micro_mutable_op_resolver.h:35:29:const TfLiteRegistration* tflite::MicroMutableOpResolver<tOpCount>::FindOp(tflite::BuiltinOperator) const [with unsigned int tOpCount = 4]	0	static
micro_mutable_op_resolver.h:30:7:tflite::MicroMutableOpResolver<4>::~MicroMutableOpResolver()	0	static
micro_mutable_op_resolver.h:58:41:TfLiteStatus (* tflite::MicroMutableOpResolver<tOpCount>::GetOpDataParser(tflite::BuiltinOperator) const)(const tflite::Operator*, tflite::BuiltinOperator, tflite::ErrorReporter*, tflite::BuiltinDataAllocator*, void**) [with unsigned int tOpCount = 4]	0	static
micro_mutable_op_resolver.h:47:29:const TfLiteRegistration* tflite::MicroMutableOpResolver<tOpCount>::FindOp(const char*) const [with unsigned int tOpCount = 4]	16	static
micro_mutable_op_resolver.h:30:7:virtual tflite::MicroMutableOpResolver<4>::~MicroMutableOpResolver()	8	static
micro_op_resolver.h:76:29:virtual const TfLiteRegistration* tflite::MicroOpResolver::FindOp(tflite::BuiltinOperator, int) const	8	static
micro_mutable_op_resolver.h:64:16:TfLiteStatus tflite::MicroMutableOpResolver<tOpCount>::AddBuiltin(tflite::BuiltinOperator, TfLiteRegistration*) [with unsigned int tOpCount = 4]	24	static
micro_op_resolver.h:83:29:virtual const TfLiteRegistration* tflite::MicroOpResolver::FindOp(const char*, int) const	16	static
micro_mutable_op_resolver.h:94:16:TfLiteStatus tflite::MicroMutableOpResolver<tOpCount>::AddCustom(const char*, TfLiteRegistration*) [with unsigned int tOpCount = 4]	24	static
micro_error_reporter.h:27:3:virtual tflite::MicroErrorReporter::~MicroErrorReporter()	8	static
main.cpp:46:5:int main()	64	static
main.cpp:126:17:void DebugLog(const char*)	0	static
