fully_connected.cc:73:7:void* tflite::ops::micro::fully_connected::Init(TfLiteContext*, const char*, size_t)	16	static
fully_connected.cc:83:14:TfLiteStatus tflite::ops::micro::fully_connected::Prepare(TfLiteContext*, TfLiteNode*)	64	static
types.h:178:3:tflite::RuntimeShape::~RuntimeShape()	8	static
types.h:189:16:int32 tflite::RuntimeShape::Dims(int) const	0	static
types.h:635:12:int tflite::FlatSizeSkipDim(const tflite::RuntimeShape&, int)	12	static
common.h:153:14:int32 tflite::MultiplyByQuantizedMultiplier(int32, int32, int)	16	static
tensor_ctypes.h:34:21:tflite::RuntimeShape tflite::GetTensorShape(const TfLiteTensor*)	16	static
fully_connected.cc:166:14:TfLiteStatus tflite::ops::micro::fully_connected::EvalFloat(TfLiteContext*, TfLiteNode*, TfLiteFusedActivation, const TfLiteTensor*, const TfLiteTensor*, const TfLiteTensor*, TfLiteTensor*)	160	static
fully_connected.cc:184:14:TfLiteStatus tflite::ops::micro::fully_connected::Eval(TfLiteContext*, TfLiteNode*)	208	static
fully_connected.cc:219:21:TfLiteRegistration* tflite::ops::micro::Register_FULLY_CONNECTED()	0	static
