fsl_clock.h:839:20:CLOCK_EnableClock	24	static
fsl_iopctl.h:88:22:IOPCTL_PinMuxSet	24	static
pin_mux.c:37:6:BOARD_InitBootPins	8	static
pin_mux.c:60:6:BOARD_InitPins	4	static
pin_mux.c:85:6:BOARD_InitDEBUG_UARTPins	16	static
pin_mux.c:168:6:BOARD_InitFlexSPIFlashPins	48	static
pin_mux.c:419:6:BOARD_InitPSRAMPins	56	static
pin_mux.c:687:6:BOARD_InitUSDHC0Pins	40	static
pin_mux.c:882:6:BOARD_InitLEDsPins	32	static
pin_mux.c:995:6:BOARD_InitBUTTONsPins	24	static
pin_mux.c:1086:6:BOARD_InitACCELPins	32	static
