dsp_nn.c:27:6:xa_nn_matXvec_16x16_16_async	168	static
dsp_nn.c:71:12:xa_nn_matXvec_16x16_16	160	static
dsp_nn.c:115:6:xa_nn_matXvec_16x16_32_async	168	static
dsp_nn.c:159:12:xa_nn_matXvec_16x16_32	160	static
dsp_nn.c:203:6:xa_nn_matXvec_16x16_64_async	168	static
dsp_nn.c:247:12:xa_nn_matXvec_16x16_64	160	static
dsp_nn.c:291:6:xa_nn_matXvec_16x16_16_tanh_async	168	static
dsp_nn.c:339:12:xa_nn_matXvec_16x16_16_tanh	160	static
dsp_nn.c:387:6:xa_nn_matXvec_16x16_16_sigmoid_async	168	static
dsp_nn.c:435:12:xa_nn_matXvec_16x16_16_sigmoid	160	static
dsp_nn.c:483:6:xa_nn_matXvec_batch_16x16_64_async	168	static
dsp_nn.c:521:12:xa_nn_matXvec_batch_16x16_64	160	static
dsp_nn.c:559:6:xa_nn_matmul_16x16_16_async	168	static
dsp_nn.c:603:12:xa_nn_matmul_16x16_16	160	static
dsp_nn.c:647:6:xa_nn_matXvec_8x16_16_async	168	static
dsp_nn.c:691:12:xa_nn_matXvec_8x16_16	160	static
dsp_nn.c:735:6:xa_nn_matXvec_8x16_32_async	168	static
dsp_nn.c:779:12:xa_nn_matXvec_8x16_32	160	static
dsp_nn.c:823:6:xa_nn_matXvec_8x16_64_async	168	static
dsp_nn.c:867:12:xa_nn_matXvec_8x16_64	160	static
dsp_nn.c:911:6:xa_nn_matXvec_8x16_16_tanh_async	168	static
dsp_nn.c:959:12:xa_nn_matXvec_8x16_16_tanh	160	static
dsp_nn.c:1007:6:xa_nn_matXvec_8x16_16_sigmoid_async	168	static
dsp_nn.c:1055:12:xa_nn_matXvec_8x16_16_sigmoid	160	static
dsp_nn.c:1103:6:xa_nn_matXvec_batch_8x16_64_async	168	static
dsp_nn.c:1141:12:xa_nn_matXvec_batch_8x16_64	160	static
dsp_nn.c:1179:6:xa_nn_matmul_8x16_16_async	168	static
dsp_nn.c:1223:12:xa_nn_matmul_8x16_16	160	static
dsp_nn.c:1267:6:xa_nn_matXvec_8x8_8_async	168	static
dsp_nn.c:1311:12:xa_nn_matXvec_8x8_8	160	static
dsp_nn.c:1355:6:xa_nn_matXvec_8x8_16_async	168	static
dsp_nn.c:1399:12:xa_nn_matXvec_8x8_16	160	static
dsp_nn.c:1443:6:xa_nn_matXvec_8x8_32_async	168	static
dsp_nn.c:1487:12:xa_nn_matXvec_8x8_32	160	static
dsp_nn.c:1531:6:xa_nn_matXvec_8x8_8_tanh_async	168	static
dsp_nn.c:1579:12:xa_nn_matXvec_8x8_8_tanh	160	static
dsp_nn.c:1627:6:xa_nn_matXvec_8x8_8_sigmoid_async	168	static
dsp_nn.c:1675:12:xa_nn_matXvec_8x8_8_sigmoid	160	static
dsp_nn.c:1723:6:xa_nn_matXvec_batch_8x8_32_async	168	static
dsp_nn.c:1761:12:xa_nn_matXvec_batch_8x8_32	160	static
dsp_nn.c:1799:6:xa_nn_matmul_8x8_8_async	168	static
dsp_nn.c:1843:12:xa_nn_matmul_8x8_8	160	static
dsp_nn.c:1887:6:xa_nn_matXvec_f32xf32_f32_sigmoid_async	168	static
dsp_nn.c:1929:12:xa_nn_matXvec_f32xf32_f32_sigmoid	160	static
dsp_nn.c:1971:6:xa_nn_matXvec_f32xf32_f32_tanh_async	168	static
dsp_nn.c:2013:12:xa_nn_matXvec_f32xf32_f32_tanh	160	static
dsp_nn.c:2055:6:xa_nn_matXvec_f32xf32_f32_async	168	static
dsp_nn.c:2095:12:xa_nn_matXvec_f32xf32_f32	160	static
dsp_nn.c:2135:6:xa_nn_matXvec_batch_f32xf32_f32_async	168	static
dsp_nn.c:2169:12:xa_nn_matXvec_batch_f32xf32_f32	160	static
dsp_nn.c:2203:6:xa_nn_matmul_f32xf32_f32_async	168	static
dsp_nn.c:2243:12:xa_nn_matmul_f32xf32_f32	160	static
dsp_nn.c:2283:6:xa_nn_vec_sigmoid_32_32_async	168	static
dsp_nn.c:2307:12:xa_nn_vec_sigmoid_32_32	160	static
dsp_nn.c:2329:6:xa_nn_vec_tanh_32_32_async	168	static
dsp_nn.c:2353:12:xa_nn_vec_tanh_32_32	160	static
dsp_nn.c:2375:6:xa_nn_vec_relu_std_32_32_async	168	static
dsp_nn.c:2399:12:xa_nn_vec_relu_std_32_32	160	static
dsp_nn.c:2421:6:xa_nn_vec_relu_32_32_async	168	static
dsp_nn.c:2447:12:xa_nn_vec_relu_32_32	160	static
dsp_nn.c:2470:6:xa_nn_vec_relu1_32_32_async	168	static
dsp_nn.c:2494:12:xa_nn_vec_relu1_32_32	160	static
dsp_nn.c:2516:6:xa_nn_vec_relu6_32_32_async	168	static
dsp_nn.c:2540:12:xa_nn_vec_relu6_32_32	160	static
dsp_nn.c:2562:6:xa_nn_vec_softmax_32_32_async	168	static
dsp_nn.c:2586:12:xa_nn_vec_softmax_32_32	160	static
dsp_nn.c:2608:6:xa_nn_vec_sigmoid_f32_f32_async	168	static
dsp_nn.c:2629:12:xa_nn_vec_sigmoid_f32_f32	160	static
dsp_nn.c:2651:6:xa_nn_vec_tanh_f32_f32_async	168	static
dsp_nn.c:2672:12:xa_nn_vec_tanh_f32_f32	160	static
dsp_nn.c:2694:6:xa_nn_vec_relu_f32_f32_async	168	static
dsp_nn.c:2720:12:xa_nn_vec_relu_f32_f32	160	static
dsp_nn.c:2743:6:xa_nn_vec_relu_std_f32_f32_async	168	static
dsp_nn.c:2764:12:xa_nn_vec_relu_std_f32_f32	160	static
dsp_nn.c:2786:6:xa_nn_vec_relu1_f32_f32_async	168	static
dsp_nn.c:2807:12:xa_nn_vec_relu1_f32_f32	160	static
dsp_nn.c:2829:6:xa_nn_vec_relu6_f32_f32_async	168	static
dsp_nn.c:2850:12:xa_nn_vec_relu6_f32_f32	160	static
dsp_nn.c:2872:6:xa_nn_vec_softmax_f32_f32_async	168	static
dsp_nn.c:2893:12:xa_nn_vec_softmax_f32_f32	160	static
dsp_nn.c:2915:6:xa_nn_vec_sigmoid_32_16_async	168	static
dsp_nn.c:2939:12:xa_nn_vec_sigmoid_32_16	160	static
dsp_nn.c:2961:6:xa_nn_vec_tanh_32_16_async	168	static
dsp_nn.c:2985:12:xa_nn_vec_tanh_32_16	160	static
dsp_nn.c:3007:6:xa_nn_vec_sigmoid_32_8_async	168	static
dsp_nn.c:3031:12:xa_nn_vec_sigmoid_32_8	160	static
dsp_nn.c:3053:6:xa_nn_vec_tanh_32_8_async	168	static
dsp_nn.c:3077:12:xa_nn_vec_tanh_32_8	160	static
dsp_nn.c:3099:6:xa_nn_vec_relu_16_16_async	168	static
dsp_nn.c:3125:12:xa_nn_vec_relu_16_16	160	static
dsp_nn.c:3151:6:xa_nn_vec_relu_std_16_16_async	168	static
dsp_nn.c:3175:12:xa_nn_vec_relu_std_16_16	160	static
dsp_nn.c:3197:6:xa_nn_vec_relu_8_8_async	168	static
dsp_nn.c:3223:12:xa_nn_vec_relu_8_8	160	static
dsp_nn.c:3249:6:xa_nn_vec_relu_std_8_8_async	168	static
dsp_nn.c:3273:12:xa_nn_vec_relu_std_8_8	160	static
dsp_nn.c:3295:6:xa_nn_vec_interpolation_q15_async	168	static
dsp_nn.c:3323:12:xa_nn_vec_interpolation_q15	160	static
dsp_nn.c:3351:6:xa_nn_conv1d_std_getsize_async	168	static
dsp_nn.c:3377:12:xa_nn_conv1d_std_getsize	160	static
dsp_nn.c:3403:6:xa_nn_conv1d_std_8x16_async	168	static
dsp_nn.c:3453:12:xa_nn_conv1d_std_8x16	160	static
dsp_nn.c:3503:6:xa_nn_conv1d_std_8x8_async	168	static
dsp_nn.c:3553:12:xa_nn_conv1d_std_8x8	160	static
dsp_nn.c:3603:6:xa_nn_conv1d_std_16x16_async	168	static
dsp_nn.c:3653:12:xa_nn_conv1d_std_16x16	160	static
dsp_nn.c:3703:6:xa_nn_conv1d_std_f32_async	168	static
dsp_nn.c:3749:12:xa_nn_conv1d_std_f32	160	static
dsp_nn.c:3795:6:xa_nn_conv2d_std_getsize_async	168	static
dsp_nn.c:3829:12:xa_nn_conv2d_std_getsize	160	static
dsp_nn.c:3863:6:xa_nn_conv2d_std_8x16_async	168	static
dsp_nn.c:3921:12:xa_nn_conv2d_std_8x16	160	static
dsp_nn.c:3979:6:xa_nn_conv2d_std_8x8_async	168	static
dsp_nn.c:4037:12:xa_nn_conv2d_std_8x8	160	static
dsp_nn.c:4095:6:xa_nn_conv2d_std_16x16_async	168	static
dsp_nn.c:4153:12:xa_nn_conv2d_std_16x16	160	static
dsp_nn.c:4211:6:xa_nn_conv2d_std_f32_async	168	static
dsp_nn.c:4265:12:xa_nn_conv2d_std_f32	160	static
dsp_nn.c:4319:6:xa_nn_conv2d_pointwise_f32_async	168	static
dsp_nn.c:4355:12:xa_nn_conv2d_pointwise_f32	160	static
dsp_nn.c:4391:6:xa_nn_conv2d_pointwise_8x16_async	168	static
dsp_nn.c:4431:12:xa_nn_conv2d_pointwise_8x16	160	static
dsp_nn.c:4471:6:xa_nn_conv2d_pointwise_8x8_async	168	static
dsp_nn.c:4511:12:xa_nn_conv2d_pointwise_8x8	160	static
dsp_nn.c:4551:6:xa_nn_conv2d_depthwise_getsize_async	168	static
dsp_nn.c:4597:12:xa_nn_conv2d_depthwise_getsize	160	static
dsp_nn.c:4643:6:xa_nn_conv2d_depthwise_f32_async	168	static
dsp_nn.c:4699:12:xa_nn_conv2d_depthwise_f32	160	static
dsp_nn.c:4755:6:xa_nn_conv2d_depthwise_8x16_async	168	static
dsp_nn.c:4815:12:xa_nn_conv2d_depthwise_8x16	160	static
dsp_nn.c:4875:6:xa_nn_conv2d_depthwise_8x8_async	168	static
dsp_nn.c:4935:12:xa_nn_conv2d_depthwise_8x8	160	static
dsp_nn.c:4995:6:xa_nn_conv2d_depthwise_16x16_async	168	static
dsp_nn.c:5055:12:xa_nn_conv2d_depthwise_16x16	160	static
dsp_nn.c:5115:6:xa_nn_conv2d_pointwise_16x16_async	168	static
dsp_nn.c:5155:12:xa_nn_conv2d_pointwise_16x16	160	static
dsp_nn.c:5195:6:xa_nn_avgpool_8_async	168	static
dsp_nn.c:5245:12:xa_nn_avgpool_8	160	static
dsp_nn.c:5295:6:xa_nn_avgpool_16_async	168	static
dsp_nn.c:5345:12:xa_nn_avgpool_16	160	static
dsp_nn.c:5395:6:xa_nn_avgpool_f32_async	168	static
dsp_nn.c:5445:12:xa_nn_avgpool_f32	160	static
dsp_nn.c:5495:6:xa_nn_avgpool_getsize_async	168	static
dsp_nn.c:5543:12:xa_nn_avgpool_getsize	160	static
dsp_nn.c:5591:6:xa_nn_maxpool_f32_async	168	static
dsp_nn.c:5641:12:xa_nn_maxpool_f32	160	static
dsp_nn.c:5691:6:xa_nn_maxpool_getsize_async	168	static
dsp_nn.c:5739:12:xa_nn_maxpool_getsize	160	static
dsp_nn.c:5787:6:xa_nn_maxpool_8_async	168	static
dsp_nn.c:5837:12:xa_nn_maxpool_8	160	static
dsp_nn.c:5887:6:xa_nn_maxpool_16_async	168	static
dsp_nn.c:5937:12:xa_nn_maxpool_16	160	static
dsp_nn.c:5987:6:xa_nn_fully_connected_f32_async	168	static
dsp_nn.c:6017:12:xa_nn_fully_connected_f32	160	static
dsp_nn.c:6047:6:xa_nn_fully_connected_16x16_16_async	168	static
dsp_nn.c:6081:12:xa_nn_fully_connected_16x16_16	160	static
dsp_nn.c:6115:6:xa_nn_fully_connected_8x16_16_async	168	static
dsp_nn.c:6149:12:xa_nn_fully_connected_8x16_16	160	static
dsp_nn.c:6183:6:xa_nn_fully_connected_8x8_8_async	168	static
dsp_nn.c:6217:12:xa_nn_fully_connected_8x8_8	160	static
dsp_nn.c:6251:6:xa_nn_vec_activation_min_max_asym8_asym8_async	168	static
dsp_nn.c:6279:12:xa_nn_vec_activation_min_max_asym8_asym8	160	static
dsp_nn.c:6304:6:xa_nn_conv1d_std_asym8xasym8_async	168	static
dsp_nn.c:6360:12:xa_nn_conv1d_std_asym8xasym8	160	static
dsp_nn.c:6416:6:xa_nn_conv2d_std_asym8xasym8_async	168	static
dsp_nn.c:6480:12:xa_nn_conv2d_std_asym8xasym8	160	static
dsp_nn.c:6544:6:xa_nn_matXvec_asym8xasym8_asym8_async	168	static
dsp_nn.c:6598:12:xa_nn_matXvec_asym8xasym8_asym8	160	static
dsp_nn.c:6652:6:xa_nn_matXvec_batch_asym8xasym8_asym8_async	168	static
dsp_nn.c:6696:12:xa_nn_matXvec_batch_asym8xasym8_asym8	160	static
dsp_nn.c:6740:6:xa_nn_matmul_asym8xasym8_asym8_async	168	static
dsp_nn.c:6790:12:xa_nn_matmul_asym8xasym8_asym8	160	static
dsp_nn.c:6840:6:xa_nn_conv2d_depthwise_asym8xasym8_async	168	static
dsp_nn.c:6906:12:xa_nn_conv2d_depthwise_asym8xasym8	160	static
dsp_nn.c:6972:6:xa_nn_conv2d_pointwise_asym8xasym8_async	168	static
dsp_nn.c:7018:12:xa_nn_conv2d_pointwise_asym8xasym8	160	static
dsp_nn.c:7064:6:xa_nn_vec_activation_min_max_f32_f32_async	168	static
dsp_nn.c:7092:12:xa_nn_vec_activation_min_max_f32_f32	160	static
dsp_nn.c:7117:6:xa_nn_maxpool_asym8_async	168	static
dsp_nn.c:7167:12:xa_nn_maxpool_asym8	160	static
dsp_nn.c:7217:6:xa_nn_avgpool_asym8_async	168	static
dsp_nn.c:7267:12:xa_nn_avgpool_asym8	160	static
dsp_nn.c:7317:6:xa_nn_fully_connected_asym8xasym8_asym8_async	168	static
dsp_nn.c:7357:12:xa_nn_fully_connected_asym8xasym8_asym8	160	static
dsp_nn.c:7397:6:xa_nn_elm_mul_f32xf32_f32_async	168	static
dsp_nn.c:7423:12:xa_nn_elm_mul_f32xf32_f32	160	static
dsp_nn.c:7446:6:xa_nn_elm_add_f32xf32_f32_async	168	static
dsp_nn.c:7472:12:xa_nn_elm_add_f32xf32_f32	160	static
dsp_nn.c:7495:6:xa_nn_elm_mul_acc_f32xf32_f32_async	168	static
dsp_nn.c:7521:12:xa_nn_elm_mul_acc_f32xf32_f32	160	static
dsp_nn.c:7544:6:xa_nn_elm_sub_f32xf32_f32_async	168	static
dsp_nn.c:7570:12:xa_nn_elm_sub_f32xf32_f32	160	static
dsp_nn.c:7593:6:xa_nn_elm_div_f32xf32_f32_async	168	static
dsp_nn.c:7619:12:xa_nn_elm_div_f32xf32_f32	160	static
dsp_nn.c:7642:6:xa_nn_elm_floor_f32_f32_async	168	static
dsp_nn.c:7663:12:xa_nn_elm_floor_f32_f32	160	static
dsp_nn.c:7685:6:xa_nn_elm_add_asym8xasym8_asym8_async	168	static
dsp_nn.c:7735:12:xa_nn_elm_add_asym8xasym8_asym8	160	static
dsp_nn.c:7785:6:xa_nn_elm_mul_asym8xasym8_asym8_async	168	static
dsp_nn.c:7825:12:xa_nn_elm_mul_asym8xasym8_asym8	160	static
dsp_nn.c:7865:6:xa_nn_vec_softmax_asym8_asym8_async	168	static
dsp_nn.c:7897:12:xa_nn_vec_softmax_asym8_asym8	160	static
dsp_nn.c:7929:6:xa_nn_vec_sigmoid_asym8_asym8_async	168	static
dsp_nn.c:7961:12:xa_nn_vec_sigmoid_asym8_asym8	160	static
dsp_nn.c:7993:6:get_softmax_scratch_size_async	168	static
dsp_nn.c:8014:5:get_softmax_scratch_size	160	static
dsp_nn.c:8036:6:xa_nn_l2_norm_f32_async	168	static
dsp_nn.c:8057:12:xa_nn_l2_norm_f32	160	static
dsp_nn.c:8079:6:xa_nn_dot_prod_f32xf32_f32_async	168	static
dsp_nn.c:8107:12:xa_nn_dot_prod_f32xf32_f32	160	static
dsp_nn.c:8132:6:xa_nn_vec_activation_min_max_8_8_async	168	static
dsp_nn.c:8160:12:xa_nn_vec_activation_min_max_8_8	160	static
dsp_nn.c:8185:6:xa_nn_vec_activation_min_max_16_16_async	168	static
dsp_nn.c:8213:12:xa_nn_vec_activation_min_max_16_16	160	static
