logical.cc:53:6:bool tflite::ops::micro::logical::{anonymous}::LogicalOr(bool, bool)	0	static
logical.cc:59:6:bool tflite::ops::micro::logical::{anonymous}::LogicalAnd(bool, bool)	0	static
logical.cc:68:21:TfLiteRegistration* tflite::ops::micro::Register_LOGICAL_OR()	0	static
logical.cc:82:21:TfLiteRegistration* tflite::ops::micro::Register_LOGICAL_AND()	0	static
binary_function.h:33:13:void tflite::reference_ops::BroadcastBinaryFunction4DSlow(const tflite::RuntimeShape&, const T1*, const tflite::RuntimeShape&, const T2*, const tflite::RuntimeShape&, R*, R (*)(T1, T2)) [with R = bool; T1 = bool; T2 = bool]	176	static
logical.cc:32:14:TfLiteStatus tflite::ops::micro::logical::{anonymous}::LogicalImpl(TfLiteContext*, TfLiteNode*, bool (*)(bool, bool))	120	static
logical.cc:55:14:TfLiteStatus tflite::ops::micro::logical::{anonymous}::LogicalOrEval(TfLiteContext*, TfLiteNode*)	0	static
logical.cc:61:14:TfLiteStatus tflite::ops::micro::logical::{anonymous}::LogicalAndEval(TfLiteContext*, TfLiteNode*)	0	static
