reduce.cc:69:14:TfLiteStatus tflite::ops::micro::reduce::EvalMean(TfLiteContext*, TfLiteNode*)	192	static
reduce.cc:51:14:TfLiteStatus tflite::ops::micro::reduce::PrepareMeanOrSum(TfLiteContext*, TfLiteNode*)	40	static
reduce.cc:33:14:TfLiteStatus tflite::ops::micro::reduce::PrepareSimple(TfLiteContext*, TfLiteNode*)	40	static
reduce.cc:57:6:void tflite::ops::micro::reduce::ResolveAxis(const int*, int, tflite::MeanParams*)	8	static
reduce.cc:122:21:TfLiteRegistration* tflite::ops::micro::Register_MEAN()	0	static
