Archive member included to satisfy reference by file (symbol)

c:/nxp/mcuxpressoide_11.3.0_5222/ide/plugins/com.nxp.mcuxpresso.tools.win32_11.3.0.202008311133/tools/bin/../lib/gcc/arm-none-eabi/9.3.1/../../../../arm-none-eabi/lib/thumb/v7e-m+dp/hard\libcr_semihost_nf.a(_cr__main.o)
                              ./startup/startup_mimxrt1052.o (__main)
c:/nxp/mcuxpressoide_11.3.0_5222/ide/plugins/com.nxp.mcuxpresso.tools.win32_11.3.0.202008311133/tools/bin/../lib/gcc/arm-none-eabi/9.3.1/../../../../arm-none-eabi/lib/thumb/v7e-m+dp/hard\libcr_c.a(memcpy.o)
                              ./utilities/fsl_str.o (memcpy)
c:/nxp/mcuxpressoide_11.3.0_5222/ide/plugins/com.nxp.mcuxpresso.tools.win32_11.3.0.202008311133/tools/bin/../lib/gcc/arm-none-eabi/9.3.1/../../../../arm-none-eabi/lib/thumb/v7e-m+dp/hard\libcr_c.a(memset.o)
                              ./drivers/fsl_lpuart.o (memset)
c:/nxp/mcuxpressoide_11.3.0_5222/ide/plugins/com.nxp.mcuxpresso.tools.win32_11.3.0.202008311133/tools/bin/../lib/gcc/arm-none-eabi/9.3.1/../../../../arm-none-eabi/lib/thumb/v7e-m+dp/hard\libcr_c.a(alloc.o)
                              ./glow/glow_bundle_utils.o (malloc)
c:/nxp/mcuxpressoide_11.3.0_5222/ide/plugins/com.nxp.mcuxpresso.tools.win32_11.3.0.202008311133/tools/bin/../lib/gcc/arm-none-eabi/9.3.1/../../../../arm-none-eabi/lib/thumb/v7e-m+dp/hard\libcr_c.a(exp.o)
                              ./glow/glow_bundle_utils.o (exp)
c:/nxp/mcuxpressoide_11.3.0_5222/ide/plugins/com.nxp.mcuxpresso.tools.win32_11.3.0.202008311133/tools/bin/../lib/gcc/arm-none-eabi/9.3.1/../../../../arm-none-eabi/lib/thumb/v7e-m+dp/hard\libcr_c.a(fabs.o)
                              c:/nxp/mcuxpressoide_11.3.0_5222/ide/plugins/com.nxp.mcuxpresso.tools.win32_11.3.0.202008311133/tools/bin/../lib/gcc/arm-none-eabi/9.3.1/../../../../arm-none-eabi/lib/thumb/v7e-m+dp/hard\libcr_c.a(exp.o) (fabs)
c:/nxp/mcuxpressoide_11.3.0_5222/ide/plugins/com.nxp.mcuxpresso.tools.win32_11.3.0.202008311133/tools/bin/../lib/gcc/arm-none-eabi/9.3.1/../../../../arm-none-eabi/lib/thumb/v7e-m+dp/hard\libcr_c.a(fpprintf.o)
                              ./source/main.o (printf)
c:/nxp/mcuxpressoide_11.3.0_5222/ide/plugins/com.nxp.mcuxpresso.tools.win32_11.3.0.202008311133/tools/bin/../lib/gcc/arm-none-eabi/9.3.1/../../../../arm-none-eabi/lib/thumb/v7e-m+dp/hard\libcr_c.a(initio.o)
                              c:/nxp/mcuxpressoide_11.3.0_5222/ide/plugins/com.nxp.mcuxpresso.tools.win32_11.3.0.202008311133/tools/bin/../lib/gcc/arm-none-eabi/9.3.1/../../../../arm-none-eabi/lib/thumb/v7e-m+dp/hard\libcr_semihost_nf.a(_cr__main.o) (_initio)
c:/nxp/mcuxpressoide_11.3.0_5222/ide/plugins/com.nxp.mcuxpresso.tools.win32_11.3.0.202008311133/tools/bin/../lib/gcc/arm-none-eabi/9.3.1/../../../../arm-none-eabi/lib/thumb/v7e-m+dp/hard\libcr_c.a(ldexp.o)
                              c:/nxp/mcuxpressoide_11.3.0_5222/ide/plugins/com.nxp.mcuxpresso.tools.win32_11.3.0.202008311133/tools/bin/../lib/gcc/arm-none-eabi/9.3.1/../../../../arm-none-eabi/lib/thumb/v7e-m+dp/hard\libcr_c.a(exp.o) (ldexp)
c:/nxp/mcuxpressoide_11.3.0_5222/ide/plugins/com.nxp.mcuxpresso.tools.win32_11.3.0.202008311133/tools/bin/../lib/gcc/arm-none-eabi/9.3.1/../../../../arm-none-eabi/lib/thumb/v7e-m+dp/hard\libcr_c.a(modf.o)
                              ./utilities/fsl_str.o (modf)
c:/nxp/mcuxpressoide_11.3.0_5222/ide/plugins/com.nxp.mcuxpresso.tools.win32_11.3.0.202008311133/tools/bin/../lib/gcc/arm-none-eabi/9.3.1/../../../../arm-none-eabi/lib/thumb/v7e-m+dp/hard\libcr_c.a(pow.o)
                              ./utilities/fsl_str.o (pow)
c:/nxp/mcuxpressoide_11.3.0_5222/ide/plugins/com.nxp.mcuxpresso.tools.win32_11.3.0.202008311133/tools/bin/../lib/gcc/arm-none-eabi/9.3.1/../../../../arm-none-eabi/lib/thumb/v7e-m+dp/hard\libcr_c.a(printf.o)
                              c:/nxp/mcuxpressoide_11.3.0_5222/ide/plugins/com.nxp.mcuxpresso.tools.win32_11.3.0.202008311133/tools/bin/../lib/gcc/arm-none-eabi/9.3.1/../../../../arm-none-eabi/lib/thumb/v7e-m+dp/hard\libcr_c.a(fpprintf.o) (__vfprintf)
c:/nxp/mcuxpressoide_11.3.0_5222/ide/plugins/com.nxp.mcuxpresso.tools.win32_11.3.0.202008311133/tools/bin/../lib/gcc/arm-none-eabi/9.3.1/../../../../arm-none-eabi/lib/thumb/v7e-m+dp/hard\libcr_c.a(scanf.o)
                              ./utilities/fsl_str.o (strtoul)
c:/nxp/mcuxpressoide_11.3.0_5222/ide/plugins/com.nxp.mcuxpresso.tools.win32_11.3.0.202008311133/tools/bin/../lib/gcc/arm-none-eabi/9.3.1/../../../../arm-none-eabi/lib/thumb/v7e-m+dp/hard\libcr_c.a(setvbuf.o)
                              c:/nxp/mcuxpressoide_11.3.0_5222/ide/plugins/com.nxp.mcuxpresso.tools.win32_11.3.0.202008311133/tools/bin/../lib/gcc/arm-none-eabi/9.3.1/../../../../arm-none-eabi/lib/thumb/v7e-m+dp/hard\libcr_c.a(initio.o) (setvbuf)
c:/nxp/mcuxpressoide_11.3.0_5222/ide/plugins/com.nxp.mcuxpresso.tools.win32_11.3.0.202008311133/tools/bin/../lib/gcc/arm-none-eabi/9.3.1/../../../../arm-none-eabi/lib/thumb/v7e-m+dp/hard\libcr_c.a(strlen.o)
[...]
Memory Configuration

Name             Origin             Length             Attributes
BOARD_FLASH      0x60000000         0x04000000         xr
BOARD_SDRAM      0x80000000         0x01e00000         xrw
NCACHE_REGION    0x81e00000         0x00200000         xrw
SRAM_DTC         0x20000000         0x00020000         xrw
SRAM_ITC         0x00000000         0x00020000         xrw
SRAM_OC          0x20200000         0x00040000         xrw
*default*        0x00000000         0xffffffff

Linker script and memory map

LOAD ./xip/evkbimxrt1050_flexspi_nor_config.o
LOAD ./xip/fsl_flexspi_nor_boot.o
LOAD ./utilities/fsl_assert.o
LOAD ./utilities/fsl_debug_console.o
LOAD ./utilities/fsl_str.o
LOAD ./startup/startup_mimxrt1052.o
LOAD ./source/main.o
LOAD ./source/semihost_hardfault.o
LOAD ./source/timer.o
LOAD ./glow/glow_bundle_utils.o
LOAD ./drivers/fsl_clock.o
LOAD ./drivers/fsl_common.o
LOAD ./drivers/fsl_gpio.o
LOAD ./drivers/fsl_lpuart.o
LOAD ./device/system_MIMXRT1052.o
LOAD ./component/uart/lpuart_adapter.o
LOAD ./component/serial_manager/serial_manager.o
LOAD ./component/serial_manager/serial_port_uart.o
LOAD ./component/lists/generic_list.o
LOAD ./board/board.o
LOAD ./board/clock_config.o
LOAD ./board/dcd.o
LOAD ./board/peripherals.o
LOAD ./board/pin_mux.o
LOAD C:/Users/NOTA0801/Documents/MCUXpressoIDE_11.3.0_5222/workspace/lenet_Pglow_2.9.0_1050_tutorial/source/lenet_mnist.o
START GROUP
LOAD c:/nxp/mcuxpressoide_11.3.0_5222/ide/plugins/com.nxp.mcuxpresso.tools.win32_11.3.0.202008311133/tools/bin/../lib/gcc/arm-none-eabi/9.3.1/../../../../arm-none-eabi/lib/thumb/v7e-m+dp/hard\libcr_semihost_nf.a
LOAD c:/nxp/mcuxpressoide_11.3.0_5222/ide/plugins/com.nxp.mcuxpresso.tools.win32_11.3.0.202008311133/tools/bin/../lib/gcc/arm-none-eabi/9.3.1/../../../../arm-none-eabi/lib/thumb/v7e-m+dp/hard\libcr_c.a
LOAD c:/nxp/mcuxpressoide_11.3.0_5222/ide/plugins/com.nxp.mcuxpresso.tools.win32_11.3.0.202008311133/tools/bin/../lib/gcc/arm-none-eabi/9.3.1/thumb/v7e-m+dp/hard\libcr_eabihelpers.a
LOAD c:/nxp/mcuxpressoide_11.3.0_5222/ide/plugins/com.nxp.mcuxpresso.tools.win32_11.3.0.202008311133/tools/bin/../lib/gcc/arm-none-eabi/9.3.1/thumb/v7e-m+dp/hard\libgcc.a
END GROUP
                0x60000000                __base_BOARD_FLASH = 0x60000000
                0x60000000                __base_Flash = 0x60000000
                0x64000000                __top_BOARD_FLASH = 0x64000000
                0x64000000                __top_Flash = 0x64000000
                0x80000000                __base_BOARD_SDRAM = 0x80000000
                0x80000000                __base_RAM = 0x80000000
                0x81e00000                __top_BOARD_SDRAM = 0x81e00000
                0x81e00000                __top_RAM = 0x81e00000
                0x81e00000                __base_NCACHE_REGION = 0x81e00000
                0x81e00000                __base_RAM2 = 0x81e00000
                0x82000000                __top_NCACHE_REGION = 0x82000000
                0x82000000                __top_RAM2 = 0x82000000
                0x20000000                __base_SRAM_DTC = 0x20000000
                0x20000000                __base_RAM3 = 0x20000000
                0x20020000                __top_SRAM_DTC = 0x20020000
                0x20020000                __top_RAM3 = 0x20020000
                0x00000000                __base_SRAM_ITC = 0x0
                0x00000000                __base_RAM4 = 0x0
                0x00020000                __top_SRAM_ITC = 0x20000
                0x00020000                __top_RAM4 = 0x20000
                0x20200000                __base_SRAM_OC = 0x20200000
                0x20200000                __base_RAM5 = 0x20200000
                0x20240000                __top_SRAM_OC = 0x20240000
                0x20240000                __top_RAM5 = 0x20240000

.boot_hdr       0x60000000     0x2000
 FILL mask 0xff
                0x60000000                __boot_hdr_start__ = ABSOLUTE (.)
 *(SORT_BY_ALIGNMENT(.boot_hdr.conf))
 .boot_hdr.conf
                0x60000000      0x200 ./xip/evkbimxrt1050_flexspi_nor_config.o
                0x60000000                hyperflash_config
                0x00001000                . = 0x1000
 *fill*         0x60000200      0xe00 ff
 *(SORT_BY_ALIGNMENT(.boot_hdr.ivt))
 .boot_hdr.ivt  0x60001000       0x20 ./xip/fsl_flexspi_nor_boot.o
                0x60001000                image_vector_table
                0x00001020                . = 0x1020
 *(SORT_BY_ALIGNMENT(.boot_hdr.boot_data))
 .boot_hdr.boot_data
                0x60001020       0x10 ./xip/fsl_flexspi_nor_boot.o
                0x60001020                boot_data
                0x00001030                . = 0x1030
 *(SORT_BY_ALIGNMENT(.boot_hdr.dcd_data))
 .boot_hdr.dcd_data
                0x60001030      0x410 ./board/dcd.o
                0x60001030                dcd_data
                0x60001440                __boot_hdr_end__ = ABSOLUTE (.)
                0x00002000                . = 0x2000
 *fill*         0x60001440      0xbc0 ff

.text           0x60002000     0x57dc
 FILL mask 0xff
                0x60002000                __vectors_start__ = ABSOLUTE (.)
 *(SORT_BY_ALIGNMENT(.isr_vector))
 .isr_vector    0x60002000      0x2a0 ./startup/startup_mimxrt1052.o
                0x60002000                g_pfnVectors
                0x60002000                __Vectors
                0x600022a0                . = ALIGN (0x4)
                0x600022a0                __section_table_start = .
                0x600022a0                __data_section_table = .
                0x600022a0        0x4 LONG 0x600077e4 LOADADDR (.data)
                0x600022a4        0x4 LONG 0x80000000 ADDR (.data)
                0x600022a8        0x4 LONG 0x1a5d0c SIZEOF (.data)
                0x600022ac        0x4 LONG 0x600077e4 LOADADDR (.data_RAM2)
                0x600022b0        0x4 LONG 0x81e00000 ADDR (.data_RAM2)
                0x600022b4        0x4 LONG 0x0 SIZEOF (.data_RAM2)
                0x600022b8        0x4 LONG 0x600077e4 LOADADDR (.data_RAM3)
                0x600022bc        0x4 LONG 0x20000000 ADDR (.data_RAM3)
                0x600022c0        0x4 LONG 0x0 SIZEOF (.data_RAM3)
                0x600022c4        0x4 LONG 0x600077e4 LOADADDR (.data_RAM4)
                0x600022c8        0x4 LONG 0x0 ADDR (.data_RAM4)
                0x600022cc        0x4 LONG 0x0 SIZEOF (.data_RAM4)
                0x600022d0        0x4 LONG 0x600077e4 LOADADDR (.data_RAM5)
                0x600022d4        0x4 LONG 0x20200000 ADDR (.data_RAM5)
                0x600022d8        0x4 LONG 0x0 SIZEOF (.data_RAM5)
                0x600022dc                __data_section_table_end = .
                0x600022dc                __bss_section_table = .
                0x600022dc        0x4 LONG 0x801a5d40 ADDR (.bss)
                0x600022e0        0x4 LONG 0xee74 SIZEOF (.bss)
                0x600022e4        0x4 LONG 0x81e00000 ADDR (.bss_RAM2)
                0x600022e8        0x4 LONG 0x0 SIZEOF (.bss_RAM2)
                0x600022ec        0x4 LONG 0x20000000 ADDR (.bss_RAM3)
                0x600022f0        0x4 LONG 0x0 SIZEOF (.bss_RAM3)
                0x600022f4        0x4 LONG 0x0 ADDR (.bss_RAM4)
                0x600022f8        0x4 LONG 0x0 SIZEOF (.bss_RAM4)
                0x600022fc        0x4 LONG 0x20200000 ADDR (.bss_RAM5)
                0x60002300        0x4 LONG 0x0 SIZEOF (.bss_RAM5)
                0x60002304                __bss_section_table_end = .
                0x60002304                __section_table_end = .
 *(SORT_BY_ALIGNMENT(.after_vectors*))
 .after_vectors
                0x60002304       0x28 ./startup/startup_mimxrt1052.o
                0x60002304                NMI_Handler
                0x6000230c                MemManage_Handler
                0x60002310                BusFault_Handler
                0x60002314                UsageFault_Handler
                0x60002318                SVC_Handler
                0x6000231c                DebugMon_Handler
                0x60002320                PendSV_Handler
                0x60002328                CCM_2_DriverIRQHandler
                0x60002328                PIT_DriverIRQHandler
                0x60002328                PMU_EVENT_DriverIRQHandler
                0x60002328                PWM4_FAULT_DriverIRQHandler
                0x60002328                SAI3_RX_DriverIRQHandler
                0x60002328                FLEXRAM_DriverIRQHandler
                0x60002328                LPSPI4_DriverIRQHandler
                0x60002328                SEMC_DriverIRQHandler
                0x60002328                SPDIF_DriverIRQHandler
                0x60002328                PWM4_3_DriverIRQHandler
                0x60002328                DMA13_DMA29_DriverIRQHandler
                0x60002328                LCDIF_DriverIRQHandler
                0x60002328                USB_PHY1_DriverIRQHandler
                0x60002328                GPIO3_Combined_0_15_DriverIRQHandler
                0x60002328                DMA7_DMA23_DriverIRQHandler
                0x60002328                BEE_DriverIRQHandler
                0x60002328                LPI2C3_DriverIRQHandler
                0x60002328                GPR_IRQ_DriverIRQHandler
                0x60002328                PWM2_FAULT_DriverIRQHandler
                0x60002328                PWM3_1_DriverIRQHandler
                0x60002328                DMA14_DMA30_DriverIRQHandler
                0x60002328                TMR1_DriverIRQHandler
                0x60002328                TRNG_DriverIRQHandler
                0x60002328                PWM3_2_DriverIRQHandler
                0x60002328                ENET_1588_Timer_DriverIRQHandler
                0x60002328                FLEXIO2_DriverIRQHandler
                0x60002328                GPIO2_Combined_16_31_DriverIRQHandler
                0x60002328                Reserved143_DriverIRQHandler
                0x60002328                LPSPI2_DriverIRQHandler
                0x60002328                PWM4_1_DriverIRQHandler
                0x60002328                PWM3_3_DriverIRQHandler
                0x60002328                DMA0_DMA16_DriverIRQHandler
                0x60002328                IntDefaultHandler
                0x60002328                DMA2_DMA18_DriverIRQHandler
                0x60002328                SRC_DriverIRQHandler
                0x60002328                GPIO1_INT4_DriverIRQHandler
                0x60002328                Reserved144_DriverIRQHandler
                0x60002328                USDHC1_DriverIRQHandler
                0x60002328                ENC3_DriverIRQHandler
                0x60002328                PWM3_FAULT_DriverIRQHandler
                0x60002328                EWM_DriverIRQHandler
                0x60002328                TSC_DIG_DriverIRQHandler
                0x60002328                WDOG1_DriverIRQHandler
                0x60002328                KPP_DriverIRQHandler
                0x60002328                ENET_DriverIRQHandler
                0x60002328                Reserved78_DriverIRQHandler
                0x60002328                TMR4_DriverIRQHandler
                0x60002328                ENC2_DriverIRQHandler
                0x60002328                ADC_ETC_IRQ2_DriverIRQHandler
                0x60002328                GPIO1_Combined_16_31_DriverIRQHandler
                0x60002328                GPIO1_INT7_DriverIRQHandler
                0x60002328                SAI1_DriverIRQHandler
                0x60002328                DCDC_DriverIRQHandler
                0x60002328                DMA12_DMA28_DriverIRQHandler
                0x60002328                PWM4_0_DriverIRQHandler
                0x60002328                ADC_ETC_ERROR_IRQ_DriverIRQHandler
                0x60002328                ACMP2_DriverIRQHandler
                0x60002328                GPIO5_Combined_0_15_DriverIRQHandler
                0x60002328                GPIO1_INT0_DriverIRQHandler
                0x60002328                GPIO1_INT2_DriverIRQHandler
                0x60002328                RTWDOG_DriverIRQHandler
                0x60002328                FLEXSPI_DriverIRQHandler
                0x60002328                GPT2_DriverIRQHandler
                0x60002328                USB_PHY2_DriverIRQHandler
                0x60002328                DMA10_DMA26_DriverIRQHandler
                0x60002328                PWM2_1_DriverIRQHandler
                0x60002328                PWM1_1_DriverIRQHandler
                0x60002328                PXP_DriverIRQHandler
                0x60002328                ADC1_DriverIRQHandler
                0x60002328                PWM1_0_DriverIRQHandler
                0x60002328                SJC_DriverIRQHandler
                0x60002328                DMA1_DMA17_DriverIRQHandler
                0x60002328                ENC1_DriverIRQHandler
                0x60002328                ENC4_DriverIRQHandler
                0x60002328                CAN2_DriverIRQHandler
                0x60002328                DCP_DriverIRQHandler
                0x60002328                CTI0_ERROR_DriverIRQHandler
                0x60002328                DMA8_DMA24_DriverIRQHandler
                0x60002328                GPT1_DriverIRQHandler
                0x60002328                ACMP3_DriverIRQHandler
                0x60002328                DMA6_DMA22_DriverIRQHandler
                0x60002328                CSU_DriverIRQHandler
                0x60002328                GPIO1_INT5_DriverIRQHandler
                0x60002328                TMR3_DriverIRQHandler
                0x60002328                TMR2_DriverIRQHandler
                0x60002328                CTI1_ERROR_DriverIRQHandler
                0x60002328                GPIO1_Combined_0_15_DriverIRQHandler
                0x60002328                USDHC2_DriverIRQHandler
                0x60002328                PWM4_2_DriverIRQHandler
                0x60002328                Reserved87_DriverIRQHandler
                0x60002328                SAI2_DriverIRQHandler
                0x60002328                CORE_DriverIRQHandler
                0x60002328                FLEXIO1_DriverIRQHandler
                0x60002328                DMA11_DMA27_DriverIRQHandler
                0x60002328                CSI_DriverIRQHandler
                0x60002328                PWM2_3_DriverIRQHandler
                0x60002328                XBAR1_IRQ_2_3_DriverIRQHandler
                0x60002328                SNVS_HP_WRAPPER_TZ_DriverIRQHandler
                0x60002328                GPIO3_Combined_16_31_DriverIRQHandler
                0x60002328                PWM1_FAULT_DriverIRQHandler
                0x60002328                LPI2C1_DriverIRQHandler
                0x60002328                PWM2_2_DriverIRQHandler
                0x60002328                DMA4_DMA20_DriverIRQHandler
                0x60002328                DMA9_DMA25_DriverIRQHandler
                0x60002328                SNVS_HP_WRAPPER_DriverIRQHandler
                0x60002328                XBAR1_IRQ_0_1_DriverIRQHandler
                0x60002328                ADC_ETC_IRQ1_DriverIRQHandler
                0x60002328                LPSPI1_DriverIRQHandler
                0x60002328                DMA3_DMA19_DriverIRQHandler
                0x60002328                GPIO1_INT3_DriverIRQHandler
                0x60002328                DCP_VMI_DriverIRQHandler
                0x60002328                LPI2C4_DriverIRQHandler
                0x60002328                GPC_DriverIRQHandler
                0x60002328                Reserved123_DriverIRQHandler
                0x60002328                GPIO2_Combined_0_15_DriverIRQHandler
                0x60002328                PWM1_2_DriverIRQHandler
                0x60002328                USB_OTG1_DriverIRQHandler
                0x60002328                TEMP_LOW_HIGH_DriverIRQHandler
                0x60002328                SAI3_TX_DriverIRQHandler
                0x60002328                WDOG2_DriverIRQHandler
                0x60002328                Reserved68_DriverIRQHandler
                0x60002328                PWM3_0_DriverIRQHandler
                0x60002328                GPIO4_Combined_0_15_DriverIRQHandler
                0x60002328                GPIO4_Combined_16_31_DriverIRQHandler
                0x60002328                GPIO5_Combined_16_31_DriverIRQHandler
                0x60002328                DMA5_DMA21_DriverIRQHandler
                0x60002328                CCM_1_DriverIRQHandler
                0x60002328                ADC2_DriverIRQHandler
                0x60002328                Reserved115_DriverIRQHandler
                0x60002328                TEMP_PANIC_DriverIRQHandler
                0x60002328                ACMP4_DriverIRQHandler
                0x60002328                DMA15_DMA31_DriverIRQHandler
                0x60002328                LPSPI3_DriverIRQHandler
                0x60002328                PWM1_3_DriverIRQHandler
                0x60002328                ACMP1_DriverIRQHandler
                0x60002328                LPI2C2_DriverIRQHandler
                0x60002328                Reserved86_DriverIRQHandler
                0x60002328                DMA_ERROR_DriverIRQHandler
                0x60002328                ADC_ETC_IRQ0_DriverIRQHandler
                0x60002328                CAN1_DriverIRQHandler
                0x60002328                GPIO1_INT6_DriverIRQHandler
                0x60002328                GPIO1_INT1_DriverIRQHandler
                0x60002328                PWM2_0_DriverIRQHandler
                0x60002328                SNVS_LP_WRAPPER_DriverIRQHandler
                0x60002328                USB_OTG2_DriverIRQHandler
 .after_vectors.reset
                0x6000232c       0x74 ./startup/startup_mimxrt1052.o
                0x6000232c                ResetISR
 *(SORT_BY_ALIGNMENT(.text*))
 .text.exp      0x600023a0      0x13c c:/nxp/mcuxpressoide_11.3.0_5222/ide/plugins/com.nxp.mcuxpresso.tools.win32_11.3.0.202008311133/tools/bin/../lib/gcc/arm-none-eabi/9.3.1/../../../../arm-none-eabi/lib/thumb/v7e-m+dp/hard\libcr_c.a(exp.o)
                0x600023a0                exp
 *fill*         0x600024dc        0x4 ff
 .text.fp_display
                0x600024e0      0x888 c:/nxp/mcuxpressoide_11.3.0_5222/ide/plugins/com.nxp.mcuxpresso.tools.win32_11.3.0.202008311133/tools/bin/../lib/gcc/arm-none-eabi/9.3.1/../../../../arm-none-eabi/lib/thumb/v7e-m+dp/hard\libcr_c.a(fpprintf.o)
 .text.ldexp    0x60002d68       0x5c c:/nxp/mcuxpressoide_11.3.0_5222/ide/plugins/com.nxp.mcuxpresso.tools.win32_11.3.0.202008311133/tools/bin/../lib/gcc/arm-none-eabi/9.3.1/../../../../arm-none-eabi/lib/thumb/v7e-m+dp/hard\libcr_c.a(ldexp.o)
                0x60002d68                ldexp
 *fill*         0x60002dc4        0x4 ff
 .text._frexpl  0x60002dc8       0x68 c:/nxp/mcuxpressoide_11.3.0_5222/ide/plugins/com.nxp.mcuxpresso.tools.win32_11.3.0.202008311133/tools/bin/../lib/gcc/arm-none-eabi/9.3.1/../../../../arm-none-eabi/lib/thumb/v7e-m+dp/hard\libcr_c.a(_frexpl.o)
                0x60002dc8                _frexpl
 .text._ldexpl  0x60002e30       0x5c c:/nxp/mcuxpressoide_11.3.0_5222/ide/plugins/com.nxp.mcuxpresso.tools.win32_11.3.0.202008311133/tools/bin/../lib/gcc/arm-none-eabi/9.3.1/../../../../arm-none-eabi/lib/thumb/v7e-m+dp/hard\libcr_c.a(_ldexpl.o)
                0x60002e30                _ldexpl
 .text.DMA0_DMA16_IRQHandler
                0x60002e8c        0x8 ./startup/startup_mimxrt1052.o
                0x60002e8c                DMA0_DMA16_IRQHandler
 .text.DMA1_DMA17_IRQHandler
                0x60002e94        0x8 ./startup/startup_mimxrt1052.o
                0x60002e94                DMA1_DMA17_IRQHandler
 .text.DMA2_DMA18_IRQHandler
                0x60002e9c        0x8 ./startup/startup_mimxrt1052.o
                0x60002e9c                DMA2_DMA18_IRQHandler
 .text.DMA3_DMA19_IRQHandler
                0x60002ea4        0x8 ./startup/startup_mimxrt1052.o
                0x60002ea4                DMA3_DMA19_IRQHandler
 .text.DMA4_DMA20_IRQHandler
                0x60002eac        0x8 ./startup/startup_mimxrt1052.o
                0x60002eac                DMA4_DMA20_IRQHandler
 .text.DMA5_DMA21_IRQHandler
                0x60002eb4        0x8 ./startup/startup_mimxrt1052.o
                0x60002eb4                DMA5_DMA21_IRQHandler
 .text.DMA6_DMA22_IRQHandler
                0x60002ebc        0x8 ./startup/startup_mimxrt1052.o
                0x60002ebc                DMA6_DMA22_IRQHandler
 .text.DMA7_DMA23_IRQHandler
                0x60002ec4        0x8 ./startup/startup_mimxrt1052.o
                0x60002ec4                DMA7_DMA23_IRQHandler
 .text.DMA8_DMA24_IRQHandler
                0x60002ecc        0x8 ./startup/startup_mimxrt1052.o
                0x60002ecc                DMA8_DMA24_IRQHandler
 .text.DMA9_DMA25_IRQHandler
                0x60002ed4        0x8 ./startup/startup_mimxrt1052.o
                0x60002ed4                DMA9_DMA25_IRQHandler
 .text.DMA10_DMA26_IRQHandler
                0x60002edc        0x8 ./startup/startup_mimxrt1052.o
                0x60002edc                DMA10_DMA26_IRQHandler
 .text.DMA11_DMA27_IRQHandler
                0x60002ee4        0x8 ./startup/startup_mimxrt1052.o
                0x60002ee4                DMA11_DMA27_IRQHandler
 .text.DMA12_DMA28_IRQHandler
                0x60002eec        0x8 ./startup/startup_mimxrt1052.o
                0x60002eec                DMA12_DMA28_IRQHandler
 .text.DMA13_DMA29_IRQHandler
                0x60002ef4        0x8 ./startup/startup_mimxrt1052.o
                0x60002ef4                DMA13_DMA29_IRQHandler
 .text.DMA14_DMA30_IRQHandler
                0x60002efc        0x8 ./startup/startup_mimxrt1052.o
                0x60002efc                DMA14_DMA30_IRQHandler
 .text.DMA15_DMA31_IRQHandler
                0x60002f04        0x8 ./startup/startup_mimxrt1052.o
                0x60002f04                DMA15_DMA31_IRQHandler
 .text.DMA_ERROR_IRQHandler
                0x60002f0c        0x8 ./startup/startup_mimxrt1052.o
                0x60002f0c                DMA_ERROR_IRQHandler
 .text.CTI0_ERROR_IRQHandler
                0x60002f14        0x8 ./startup/startup_mimxrt1052.o
                0x60002f14                CTI0_ERROR_IRQHandler
 .text.CTI1_ERROR_IRQHandler
                0x60002f1c        0x8 ./startup/startup_mimxrt1052.o
                0x60002f1c                CTI1_ERROR_IRQHandler
 .text.CORE_IRQHandler
                0x60002f24        0x8 ./startup/startup_mimxrt1052.o
                0x60002f24                CORE_IRQHandler
 .text.LPUART1_IRQHandler
                0x60002f2c        0x8 ./startup/startup_mimxrt1052.o
                0x60002f2c                LPUART1_IRQHandler
 .text.LPUART2_IRQHandler
                0x60002f34        0x8 ./startup/startup_mimxrt1052.o
                0x60002f34                LPUART2_IRQHandler
 .text.LPUART3_IRQHandler
                0x60002f3c        0x8 ./startup/startup_mimxrt1052.o
                0x60002f3c                LPUART3_IRQHandler
 .text.LPUART4_IRQHandler
                0x60002f44        0x8 ./startup/startup_mimxrt1052.o
                0x60002f44                LPUART4_IRQHandler
 .text.LPUART5_IRQHandler
                0x60002f4c        0x8 ./startup/startup_mimxrt1052.o
                0x60002f4c                LPUART5_IRQHandler
 .text.LPUART6_IRQHandler
                0x60002f54        0x8 ./startup/startup_mimxrt1052.o
                0x60002f54                LPUART6_IRQHandler
 .text.LPUART7_IRQHandler
                0x60002f5c        0x8 ./startup/startup_mimxrt1052.o
                0x60002f5c                LPUART7_IRQHandler
 .text.LPUART8_IRQHandler
                0x60002f64        0x8 ./startup/startup_mimxrt1052.o
                0x60002f64                LPUART8_IRQHandler
 .text.LPI2C1_IRQHandler
                0x60002f6c        0x8 ./startup/startup_mimxrt1052.o
                0x60002f6c                LPI2C1_IRQHandler
 .text.LPI2C2_IRQHandler
                0x60002f74        0x8 ./startup/startup_mimxrt1052.o
                0x60002f74                LPI2C2_IRQHandler
 .text.LPI2C3_IRQHandler
                0x60002f7c        0x8 ./startup/startup_mimxrt1052.o
                0x60002f7c                LPI2C3_IRQHandler
 .text.LPI2C4_IRQHandler
                0x60002f84        0x8 ./startup/startup_mimxrt1052.o
                0x60002f84                LPI2C4_IRQHandler
 .text.LPSPI1_IRQHandler
                0x60002f8c        0x8 ./startup/startup_mimxrt1052.o
                0x60002f8c                LPSPI1_IRQHandler
 .text.LPSPI2_IRQHandler
                0x60002f94        0x8 ./startup/startup_mimxrt1052.o
                0x60002f94                LPSPI2_IRQHandler
 .text.LPSPI3_IRQHandler
                0x60002f9c        0x8 ./startup/startup_mimxrt1052.o
                0x60002f9c                LPSPI3_IRQHandler
 .text.LPSPI4_IRQHandler
                0x60002fa4        0x8 ./startup/startup_mimxrt1052.o
                0x60002fa4                LPSPI4_IRQHandler
 .text.CAN1_IRQHandler
                0x60002fac        0x8 ./startup/startup_mimxrt1052.o
                0x60002fac                CAN1_IRQHandler
 .text.CAN2_IRQHandler
                0x60002fb4        0x8 ./startup/startup_mimxrt1052.o
                0x60002fb4                CAN2_IRQHandler
 .text.FLEXRAM_IRQHandler
                0x60002fbc        0x8 ./startup/startup_mimxrt1052.o
                0x60002fbc                FLEXRAM_IRQHandler
 .text.KPP_IRQHandler
                0x60002fc4        0x8 ./startup/startup_mimxrt1052.o
                0x60002fc4                KPP_IRQHandler
 .text.TSC_DIG_IRQHandler
                0x60002fcc        0x8 ./startup/startup_mimxrt1052.o
                0x60002fcc                TSC_DIG_IRQHandler
 .text.GPR_IRQ_IRQHandler
                0x60002fd4        0x8 ./startup/startup_mimxrt1052.o
                0x60002fd4                GPR_IRQ_IRQHandler
 .text.LCDIF_IRQHandler
                0x60002fdc        0x8 ./startup/startup_mimxrt1052.o
                0x60002fdc                LCDIF_IRQHandler
 .text.CSI_IRQHandler
                0x60002fe4        0x8 ./startup/startup_mimxrt1052.o
                0x60002fe4                CSI_IRQHandler
 .text.PXP_IRQHandler
                0x60002fec        0x8 ./startup/startup_mimxrt1052.o
                0x60002fec                PXP_IRQHandler
 .text.WDOG2_IRQHandler
                0x60002ff4        0x8 ./startup/startup_mimxrt1052.o
                0x60002ff4                WDOG2_IRQHandler
 .text.SNVS_HP_WRAPPER_IRQHandler
                0x60002ffc        0x8 ./startup/startup_mimxrt1052.o
                0x60002ffc                SNVS_HP_WRAPPER_IRQHandler
 .text.SNVS_HP_WRAPPER_TZ_IRQHandler
                0x60003004        0x8 ./startup/startup_mimxrt1052.o
                0x60003004                SNVS_HP_WRAPPER_TZ_IRQHandler
 .text.SNVS_LP_WRAPPER_IRQHandler
                0x6000300c        0x8 ./startup/startup_mimxrt1052.o
                0x6000300c                SNVS_LP_WRAPPER_IRQHandler
 .text.CSU_IRQHandler
                0x60003014        0x8 ./startup/startup_mimxrt1052.o
                0x60003014                CSU_IRQHandler
 .text.DCP_IRQHandler
                0x6000301c        0x8 ./startup/startup_mimxrt1052.o
                0x6000301c                DCP_IRQHandler
 .text.DCP_VMI_IRQHandler
                0x60003024        0x8 ./startup/startup_mimxrt1052.o
                0x60003024                DCP_VMI_IRQHandler
 .text.Reserved68_IRQHandler
                0x6000302c        0x8 ./startup/startup_mimxrt1052.o
                0x6000302c                Reserved68_IRQHandler
 .text.TRNG_IRQHandler
                0x60003034        0x8 ./startup/startup_mimxrt1052.o
                0x60003034                TRNG_IRQHandler
 .text.SJC_IRQHandler
                0x6000303c        0x8 ./startup/startup_mimxrt1052.o
                0x6000303c                SJC_IRQHandler
 .text.BEE_IRQHandler
                0x60003044        0x8 ./startup/startup_mimxrt1052.o
                0x60003044                BEE_IRQHandler
 .text.SAI1_IRQHandler
                0x6000304c        0x8 ./startup/startup_mimxrt1052.o
                0x6000304c                SAI1_IRQHandler
 .text.SAI2_IRQHandler
                0x60003054        0x8 ./startup/startup_mimxrt1052.o
                0x60003054                SAI2_IRQHandler
 .text.SAI3_RX_IRQHandler
                0x6000305c        0x8 ./startup/startup_mimxrt1052.o
                0x6000305c                SAI3_RX_IRQHandler
 .text.SAI3_TX_IRQHandler
                0x60003064        0x8 ./startup/startup_mimxrt1052.o
                0x60003064                SAI3_TX_IRQHandler
 .text.SPDIF_IRQHandler
                0x6000306c        0x8 ./startup/startup_mimxrt1052.o
                0x6000306c                SPDIF_IRQHandler
 .text.PMU_EVENT_IRQHandler
                0x60003074        0x8 ./startup/startup_mimxrt1052.o
                0x60003074                PMU_EVENT_IRQHandler
 .text.Reserved78_IRQHandler
                0x6000307c        0x8 ./startup/startup_mimxrt1052.o
                0x6000307c                Reserved78_IRQHandler
 .text.TEMP_LOW_HIGH_IRQHandler
                0x60003084        0x8 ./startup/startup_mimxrt1052.o
                0x60003084                TEMP_LOW_HIGH_IRQHandler
 .text.TEMP_PANIC_IRQHandler
                0x6000308c        0x8 ./startup/startup_mimxrt1052.o
                0x6000308c                TEMP_PANIC_IRQHandler
 .text.USB_PHY1_IRQHandler
                0x60003094        0x8 ./startup/startup_mimxrt1052.o
                0x60003094                USB_PHY1_IRQHandler
 .text.USB_PHY2_IRQHandler
                0x6000309c        0x8 ./startup/startup_mimxrt1052.o
                0x6000309c                USB_PHY2_IRQHandler
 .text.ADC1_IRQHandler
                0x600030a4        0x8 ./startup/startup_mimxrt1052.o
                0x600030a4                ADC1_IRQHandler
 .text.ADC2_IRQHandler
                0x600030ac        0x8 ./startup/startup_mimxrt1052.o
                0x600030ac                ADC2_IRQHandler
 .text.DCDC_IRQHandler
                0x600030b4        0x8 ./startup/startup_mimxrt1052.o
                0x600030b4                DCDC_IRQHandler
 .text.Reserved86_IRQHandler
                0x600030bc        0x8 ./startup/startup_mimxrt1052.o
                0x600030bc                Reserved86_IRQHandler
 .text.Reserved87_IRQHandler
                0x600030c4        0x8 ./startup/startup_mimxrt1052.o
                0x600030c4                Reserved87_IRQHandler
 .text.GPIO1_INT0_IRQHandler
                0x600030cc        0x8 ./startup/startup_mimxrt1052.o
                0x600030cc                GPIO1_INT0_IRQHandler
 .text.GPIO1_INT1_IRQHandler
                0x600030d4        0x8 ./startup/startup_mimxrt1052.o
                0x600030d4                GPIO1_INT1_IRQHandler
 .text.GPIO1_INT2_IRQHandler
                0x600030dc        0x8 ./startup/startup_mimxrt1052.o
                0x600030dc                GPIO1_INT2_IRQHandler
 .text.GPIO1_INT3_IRQHandler
                0x600030e4        0x8 ./startup/startup_mimxrt1052.o
                0x600030e4                GPIO1_INT3_IRQHandler
 .text.GPIO1_INT4_IRQHandler
                0x600030ec        0x8 ./startup/startup_mimxrt1052.o
                0x600030ec                GPIO1_INT4_IRQHandler
 .text.GPIO1_INT5_IRQHandler
                0x600030f4        0x8 ./startup/startup_mimxrt1052.o
                0x600030f4                GPIO1_INT5_IRQHandler
 .text.GPIO1_INT6_IRQHandler
                0x600030fc        0x8 ./startup/startup_mimxrt1052.o
                0x600030fc                GPIO1_INT6_IRQHandler
 .text.GPIO1_INT7_IRQHandler
                0x60003104        0x8 ./startup/startup_mimxrt1052.o
                0x60003104                GPIO1_INT7_IRQHandler
 .text.GPIO1_Combined_0_15_IRQHandler
                0x6000310c        0x8 ./startup/startup_mimxrt1052.o
                0x6000310c                GPIO1_Combined_0_15_IRQHandler
 .text.GPIO1_Combined_16_31_IRQHandler
                0x60003114        0x8 ./startup/startup_mimxrt1052.o
                0x60003114                GPIO1_Combined_16_31_IRQHandler
 .text.GPIO2_Combined_0_15_IRQHandler
                0x6000311c        0x8 ./startup/startup_mimxrt1052.o
                0x6000311c                GPIO2_Combined_0_15_IRQHandler
 .text.GPIO2_Combined_16_31_IRQHandler
                0x60003124        0x8 ./startup/startup_mimxrt1052.o
                0x60003124                GPIO2_Combined_16_31_IRQHandler
 .text.GPIO3_Combined_0_15_IRQHandler
                0x6000312c        0x8 ./startup/startup_mimxrt1052.o
                0x6000312c                GPIO3_Combined_0_15_IRQHandler
 .text.GPIO3_Combined_16_31_IRQHandler
                0x60003134        0x8 ./startup/startup_mimxrt1052.o
                0x60003134                GPIO3_Combined_16_31_IRQHandler
 .text.GPIO4_Combined_0_15_IRQHandler
                0x6000313c        0x8 ./startup/startup_mimxrt1052.o
                0x6000313c                GPIO4_Combined_0_15_IRQHandler
 .text.GPIO4_Combined_16_31_IRQHandler
                0x60003144        0x8 ./startup/startup_mimxrt1052.o
                0x60003144                GPIO4_Combined_16_31_IRQHandler
 .text.GPIO5_Combined_0_15_IRQHandler
                0x6000314c        0x8 ./startup/startup_mimxrt1052.o
                0x6000314c                GPIO5_Combined_0_15_IRQHandler
 .text.GPIO5_Combined_16_31_IRQHandler
                0x60003154        0x8 ./startup/startup_mimxrt1052.o
                0x60003154                GPIO5_Combined_16_31_IRQHandler
 .text.FLEXIO1_IRQHandler
                0x6000315c        0x8 ./startup/startup_mimxrt1052.o
                0x6000315c                FLEXIO1_IRQHandler
 .text.FLEXIO2_IRQHandler
                0x60003164        0x8 ./startup/startup_mimxrt1052.o
                0x60003164                FLEXIO2_IRQHandler
 .text.WDOG1_IRQHandler
                0x6000316c        0x8 ./startup/startup_mimxrt1052.o
                0x6000316c                WDOG1_IRQHandler
 .text.RTWDOG_IRQHandler
                0x60003174        0x8 ./startup/startup_mimxrt1052.o
                0x60003174                RTWDOG_IRQHandler
 .text.EWM_IRQHandler
                0x6000317c        0x8 ./startup/startup_mimxrt1052.o
                0x6000317c                EWM_IRQHandler
 .text.CCM_1_IRQHandler
                0x60003184        0x8 ./startup/startup_mimxrt1052.o
                0x60003184                CCM_1_IRQHandler
 .text.CCM_2_IRQHandler
                0x6000318c        0x8 ./startup/startup_mimxrt1052.o
                0x6000318c                CCM_2_IRQHandler
 .text.GPC_IRQHandler
                0x60003194        0x8 ./startup/startup_mimxrt1052.o
                0x60003194                GPC_IRQHandler
 .text.SRC_IRQHandler
                0x6000319c        0x8 ./startup/startup_mimxrt1052.o
                0x6000319c                SRC_IRQHandler
 .text.Reserved115_IRQHandler
                0x600031a4        0x8 ./startup/startup_mimxrt1052.o
                0x600031a4                Reserved115_IRQHandler
 .text.GPT1_IRQHandler
                0x600031ac        0x8 ./startup/startup_mimxrt1052.o
                0x600031ac                GPT1_IRQHandler
 .text.GPT2_IRQHandler
                0x600031b4        0x8 ./startup/startup_mimxrt1052.o
                0x600031b4                GPT2_IRQHandler
 .text.PWM1_0_IRQHandler
                0x600031bc        0x8 ./startup/startup_mimxrt1052.o
                0x600031bc                PWM1_0_IRQHandler
 .text.PWM1_1_IRQHandler
                0x600031c4        0x8 ./startup/startup_mimxrt1052.o
                0x600031c4                PWM1_1_IRQHandler
 .text.PWM1_2_IRQHandler
                0x600031cc        0x8 ./startup/startup_mimxrt1052.o
                0x600031cc                PWM1_2_IRQHandler
 .text.PWM1_3_IRQHandler
                0x600031d4        0x8 ./startup/startup_mimxrt1052.o
                0x600031d4                PWM1_3_IRQHandler
 .text.PWM1_FAULT_IRQHandler
                0x600031dc        0x8 ./startup/startup_mimxrt1052.o
                0x600031dc                PWM1_FAULT_IRQHandler
 .text.Reserved123_IRQHandler
                0x600031e4        0x8 ./startup/startup_mimxrt1052.o
                0x600031e4                Reserved123_IRQHandler
 .text.FLEXSPI_IRQHandler
                0x600031ec        0x8 ./startup/startup_mimxrt1052.o
                0x600031ec                FLEXSPI_IRQHandler
 .text.SEMC_IRQHandler
                0x600031f4        0x8 ./startup/startup_mimxrt1052.o
                0x600031f4                SEMC_IRQHandler
 .text.USDHC1_IRQHandler
                0x600031fc        0x8 ./startup/startup_mimxrt1052.o
                0x600031fc                USDHC1_IRQHandler
 .text.USDHC2_IRQHandler
                0x60003204        0x8 ./startup/startup_mimxrt1052.o
                0x60003204                USDHC2_IRQHandler
 .text.USB_OTG2_IRQHandler
                0x6000320c        0x8 ./startup/startup_mimxrt1052.o
                0x6000320c                USB_OTG2_IRQHandler
 .text.USB_OTG1_IRQHandler
                0x60003214        0x8 ./startup/startup_mimxrt1052.o
                0x60003214                USB_OTG1_IRQHandler
 .text.ENET_IRQHandler
                0x6000321c        0x8 ./startup/startup_mimxrt1052.o
                0x6000321c                ENET_IRQHandler
 .text.ENET_1588_Timer_IRQHandler
                0x60003224        0x8 ./startup/startup_mimxrt1052.o
                0x60003224                ENET_1588_Timer_IRQHandler
 .text.XBAR1_IRQ_0_1_IRQHandler
                0x6000322c        0x8 ./startup/startup_mimxrt1052.o
                0x6000322c                XBAR1_IRQ_0_1_IRQHandler
 .text.XBAR1_IRQ_2_3_IRQHandler
                0x60003234        0x8 ./startup/startup_mimxrt1052.o
                0x60003234                XBAR1_IRQ_2_3_IRQHandler
 .text.ADC_ETC_IRQ0_IRQHandler
                0x6000323c        0x8 ./startup/startup_mimxrt1052.o
                0x6000323c                ADC_ETC_IRQ0_IRQHandler
 .text.ADC_ETC_IRQ1_IRQHandler
                0x60003244        0x8 ./startup/startup_mimxrt1052.o
                0x60003244                ADC_ETC_IRQ1_IRQHandler
 .text.ADC_ETC_IRQ2_IRQHandler
                0x6000324c        0x8 ./startup/startup_mimxrt1052.o
                0x6000324c                ADC_ETC_IRQ2_IRQHandler
 .text.ADC_ETC_ERROR_IRQ_IRQHandler
                0x60003254        0x8 ./startup/startup_mimxrt1052.o
                0x60003254                ADC_ETC_ERROR_IRQ_IRQHandler
 .text.PIT_IRQHandler
                0x6000325c        0x8 ./startup/startup_mimxrt1052.o
                0x6000325c                PIT_IRQHandler
 .text.ACMP1_IRQHandler
                0x60003264        0x8 ./startup/startup_mimxrt1052.o
                0x60003264                ACMP1_IRQHandler
 .text.ACMP2_IRQHandler
                0x6000326c        0x8 ./startup/startup_mimxrt1052.o
                0x6000326c                ACMP2_IRQHandler
 .text.ACMP3_IRQHandler
                0x60003274        0x8 ./startup/startup_mimxrt1052.o
                0x60003274                ACMP3_IRQHandler
 .text.ACMP4_IRQHandler
                0x6000327c        0x8 ./startup/startup_mimxrt1052.o
                0x6000327c                ACMP4_IRQHandler
 .text.Reserved143_IRQHandler
                0x60003284        0x8 ./startup/startup_mimxrt1052.o
                0x60003284                Reserved143_IRQHandler
 .text.Reserved144_IRQHandler
                0x6000328c        0x8 ./startup/startup_mimxrt1052.o
                0x6000328c                Reserved144_IRQHandler
 .text.ENC1_IRQHandler
                0x60003294        0x8 ./startup/startup_mimxrt1052.o
                0x60003294                ENC1_IRQHandler
 .text.ENC2_IRQHandler
                0x6000329c        0x8 ./startup/startup_mimxrt1052.o
                0x6000329c                ENC2_IRQHandler
 .text.ENC3_IRQHandler
                0x600032a4        0x8 ./startup/startup_mimxrt1052.o
                0x600032a4                ENC3_IRQHandler
 .text.ENC4_IRQHandler
                0x600032ac        0x8 ./startup/startup_mimxrt1052.o
                0x600032ac                ENC4_IRQHandler
 .text.TMR1_IRQHandler
                0x600032b4        0x8 ./startup/startup_mimxrt1052.o
                0x600032b4                TMR1_IRQHandler
 .text.TMR2_IRQHandler
                0x600032bc        0x8 ./startup/startup_mimxrt1052.o
                0x600032bc                TMR2_IRQHandler
 .text.TMR3_IRQHandler
                0x600032c4        0x8 ./startup/startup_mimxrt1052.o
                0x600032c4                TMR3_IRQHandler
 .text.TMR4_IRQHandler
                0x600032cc        0x8 ./startup/startup_mimxrt1052.o
                0x600032cc                TMR4_IRQHandler
 .text.PWM2_0_IRQHandler
                0x600032d4        0x8 ./startup/startup_mimxrt1052.o
                0x600032d4                PWM2_0_IRQHandler
 .text.PWM2_1_IRQHandler
                0x600032dc        0x8 ./startup/startup_mimxrt1052.o
                0x600032dc                PWM2_1_IRQHandler
 .text.PWM2_2_IRQHandler
                0x600032e4        0x8 ./startup/startup_mimxrt1052.o
                0x600032e4                PWM2_2_IRQHandler
 .text.PWM2_3_IRQHandler
                0x600032ec        0x8 ./startup/startup_mimxrt1052.o
                0x600032ec                PWM2_3_IRQHandler
 .text.PWM2_FAULT_IRQHandler
                0x600032f4        0x8 ./startup/startup_mimxrt1052.o
                0x600032f4                PWM2_FAULT_IRQHandler
 .text.PWM3_0_IRQHandler
                0x600032fc        0x8 ./startup/startup_mimxrt1052.o
                0x600032fc                PWM3_0_IRQHandler
 .text.PWM3_1_IRQHandler
                0x60003304        0x8 ./startup/startup_mimxrt1052.o
                0x60003304                PWM3_1_IRQHandler
 .text.PWM3_2_IRQHandler
                0x6000330c        0x8 ./startup/startup_mimxrt1052.o
                0x6000330c                PWM3_2_IRQHandler
 .text.PWM3_3_IRQHandler
                0x60003314        0x8 ./startup/startup_mimxrt1052.o
                0x60003314                PWM3_3_IRQHandler
 .text.PWM3_FAULT_IRQHandler
                0x6000331c        0x8 ./startup/startup_mimxrt1052.o
                0x6000331c                PWM3_FAULT_IRQHandler
 .text.PWM4_0_IRQHandler
                0x60003324        0x8 ./startup/startup_mimxrt1052.o
                0x60003324                PWM4_0_IRQHandler
 .text.PWM4_1_IRQHandler
                0x6000332c        0x8 ./startup/startup_mimxrt1052.o
                0x6000332c                PWM4_1_IRQHandler
 .text.PWM4_2_IRQHandler
                0x60003334        0x8 ./startup/startup_mimxrt1052.o
                0x60003334                PWM4_2_IRQHandler
 .text.PWM4_3_IRQHandler
                0x6000333c        0x8 ./startup/startup_mimxrt1052.o
                0x6000333c                PWM4_3_IRQHandler
 .text.PWM4_FAULT_IRQHandler
                0x60003344        0x8 ./startup/startup_mimxrt1052.o
                0x60003344                PWM4_FAULT_IRQHandler
 .text.startup.main
                0x6000334c       0xc8 ./source/main.o
                0x6000334c                main
 .text.HardFault_Handler
                0x60003414       0x2c ./source/semihost_hardfault.o
                0x60003414                HardFault_Handler
 .text.SysTick_Handler
                0x60003440       0x10 ./source/timer.o
                0x60003440                SysTick_Handler
 .text.init_timer
                0x60003450       0x40 ./source/timer.o
                0x60003450                init_timer
 .text.get_time_in_us
                0x60003490       0x44 ./source/timer.o
                0x60003490                get_time_in_us
 .text.expf     0x600034d4       0x10 ./glow/glow_bundle_utils.o
                0x600034d4                expf
 .text.CLOCK_InitExternalClk
                0x600034e4       0x34 ./drivers/fsl_clock.o
                0x600034e4                CLOCK_InitExternalClk
 .text.CLOCK_SwitchOsc
                0x60003518       0x18 ./drivers/fsl_clock.o
                0x60003518                CLOCK_SwitchOsc
 .text.CLOCK_InitRcOsc24M
                0x60003530       0x14 ./drivers/fsl_clock.o
                0x60003530                CLOCK_InitRcOsc24M
 .text.CLOCK_InitArmPll
                0x60003544       0x48 ./drivers/fsl_clock.o
                0x60003544                CLOCK_InitArmPll
 .text.CLOCK_DeinitUsb2Pll
                0x6000358c        0xc ./drivers/fsl_clock.o
                0x6000358c                CLOCK_DeinitUsb2Pll
 .text.CLOCK_DeinitAudioPll
                0x60003598       0x10 ./drivers/fsl_clock.o
                0x60003598                CLOCK_DeinitAudioPll
 .text.CLOCK_DeinitEnetPll
                0x600035a8       0x10 ./drivers/fsl_clock.o
                0x600035a8                CLOCK_DeinitEnetPll
 .text.CLOCK_GetPllFreq
                0x600035b8      0x224 ./drivers/fsl_clock.o
                0x600035b8                CLOCK_GetPllFreq
 .text.LPUART1_DriverIRQHandler
                0x600037dc       0x20 ./drivers/fsl_lpuart.o
                0x600037dc                LPUART1_DriverIRQHandler
 .text.LPUART2_DriverIRQHandler
                0x600037fc       0x20 ./drivers/fsl_lpuart.o
                0x600037fc                LPUART2_DriverIRQHandler
 .text.LPUART3_DriverIRQHandler
                0x6000381c       0x20 ./drivers/fsl_lpuart.o
                0x6000381c                LPUART3_DriverIRQHandler
 .text.LPUART4_DriverIRQHandler
                0x6000383c       0x20 ./drivers/fsl_lpuart.o
                0x6000383c                LPUART4_DriverIRQHandler
 .text.LPUART5_DriverIRQHandler
                0x6000385c       0x20 ./drivers/fsl_lpuart.o
                0x6000385c                LPUART5_DriverIRQHandler
 .text.LPUART6_DriverIRQHandler
                0x6000387c       0x20 ./drivers/fsl_lpuart.o
                0x6000387c                LPUART6_DriverIRQHandler
 .text.LPUART7_DriverIRQHandler
                0x6000389c       0x20 ./drivers/fsl_lpuart.o
                0x6000389c                LPUART7_DriverIRQHandler
 .text.LPUART8_DriverIRQHandler
                0x600038bc       0x20 ./drivers/fsl_lpuart.o
                0x600038bc                LPUART8_DriverIRQHandler
 .text.SystemInitHook
                0x600038dc        0x4 ./device/system_MIMXRT1052.o
                0x600038dc                SystemInitHook
 .text.SystemInit
                0x600038e0      0x144 ./device/system_MIMXRT1052.o
                0x600038e0                SystemInit
 .text.BOARD_DebugConsoleSrcFreq
                0x60003a24       0x60 ./board/board.o
                0x60003a24                BOARD_DebugConsoleSrcFreq
 .text.BOARD_InitDebugConsole
                0x60003a84        0x4 ./board/board.o
                0x60003a84                BOARD_InitDebugConsole
 .text.BOARD_BootClockRUN
                0x60003a88      0x68c ./board/clock_config.o
                0x60003a88                BOARD_BootClockRUN
 .text.BOARD_InitBootClocks
                0x60004114        0x4 ./board/clock_config.o
                0x60004114                BOARD_InitBootClocks
 .text.BOARD_InitBootPeripherals
                0x60004118        0x4 ./board/peripherals.o
                0x60004118                BOARD_InitBootPeripherals
 .text.BOARD_InitBootPins
                0x6000411c       0x4c ./board/pin_mux.o
                0x6000411c                BOARD_InitBootPins
 .text          0x60004168     0x1ee8 C:/Users/NOTA0801/Documents/MCUXpressoIDE_11.3.0_5222/workspace/lenet_Pglow_2.9.0_1050_tutorial/source/lenet_mnist.o
                0x60004168                lenet_mnist
 .text.malloc   0x60006050       0xc8 c:/nxp/mcuxpressoide_11.3.0_5222/ide/plugins/com.nxp.mcuxpresso.tools.win32_11.3.0.202008311133/tools/bin/../lib/gcc/arm-none-eabi/9.3.1/../../../../arm-none-eabi/lib/thumb/v7e-m+dp/hard\libcr_c.a(alloc.o)
                0x60006050                malloc
 .text._Csys_alloc
                0x60006118       0x20 c:/nxp/mcuxpressoide_11.3.0_5222/ide/plugins/com.nxp.mcuxpresso.tools.win32_11.3.0.202008311133/tools/bin/../lib/gcc/arm-none-eabi/9.3.1/../../../../arm-none-eabi/lib/thumb/v7e-m+dp/hard\libcr_c.a(alloc.o)
                0x60006118                _Csys_alloc
 .text.sprintf  0x60006138       0x6c c:/nxp/mcuxpressoide_11.3.0_5222/ide/plugins/com.nxp.mcuxpresso.tools.win32_11.3.0.202008311133/tools/bin/../lib/gcc/arm-none-eabi/9.3.1/../../../../arm-none-eabi/lib/thumb/v7e-m+dp/hard\libcr_c.a(fpprintf.o)
                0x60006138                sprintf
 .text.vsnprintf
                0x600061a4       0x68 c:/nxp/mcuxpressoide_11.3.0_5222/ide/plugins/com.nxp.mcuxpresso.tools.win32_11.3.0.202008311133/tools/bin/../lib/gcc/arm-none-eabi/9.3.1/../../../../arm-none-eabi/lib/thumb/v7e-m+dp/hard\libcr_c.a(fpprintf.o)
                0x600061a4                vsnprintf
 .text.printf   0x6000620c       0x54 c:/nxp/mcuxpressoide_11.3.0_5222/ide/plugins/com.nxp.mcuxpresso.tools.win32_11.3.0.202008311133/tools/bin/../lib/gcc/arm-none-eabi/9.3.1/../../../../arm-none-eabi/lib/thumb/v7e-m+dp/hard\libcr_c.a(fpprintf.o)
                0x6000620c                printf
 .text._initio  0x60006260       0x78 c:/nxp/mcuxpressoide_11.3.0_5222/ide/plugins/com.nxp.mcuxpresso.tools.win32_11.3.0.202008311133/tools/bin/../lib/gcc/arm-none-eabi/9.3.1/../../../../arm-none-eabi/lib/thumb/v7e-m+dp/hard\libcr_c.a(initio.o)
                0x60006260                _initio
 .text.__vfprintf
                0x600062d8      0xcd4 c:/nxp/mcuxpressoide_11.3.0_5222/ide/plugins/com.nxp.mcuxpresso.tools.win32_11.3.0.202008311133/tools/bin/../lib/gcc/arm-none-eabi/9.3.1/../../../../arm-none-eabi/lib/thumb/v7e-m+dp/hard\libcr_c.a(printf.o)
                0x600062d8                __vfprintf
 .text._sbrk    0x60006fac       0x3c c:/nxp/mcuxpressoide_11.3.0_5222/ide/plugins/com.nxp.mcuxpresso.tools.win32_11.3.0.202008311133/tools/bin/../lib/gcc/arm-none-eabi/9.3.1/../../../../arm-none-eabi/lib/thumb/v7e-m+dp/hard\libcr_c.a(_cr_sbrk.o)
                0x60006fac                _sbrk
 .text._Cwritebuf
                0x60006fe8       0x6c c:/nxp/mcuxpressoide_11.3.0_5222/ide/plugins/com.nxp.mcuxpresso.tools.win32_11.3.0.202008311133/tools/bin/../lib/gcc/arm-none-eabi/9.3.1/../../../../arm-none-eabi/lib/thumb/v7e-m+dp/hard\libcr_c.a(_writebuf.o)
                0x60006fe8                _Cwritebuf
 .text.fflush   0x60007054       0x44 c:/nxp/mcuxpressoide_11.3.0_5222/ide/plugins/com.nxp.mcuxpresso.tools.win32_11.3.0.202008311133/tools/bin/../lib/gcc/arm-none-eabi/9.3.1/../../../../arm-none-eabi/lib/thumb/v7e-m+dp/hard\libcr_c.a(fflush.o)
                0x60007054                fflush
 .text.fseek    0x60007098      0x100 c:/nxp/mcuxpressoide_11.3.0_5222/ide/plugins/com.nxp.mcuxpresso.tools.win32_11.3.0.202008311133/tools/bin/../lib/gcc/arm-none-eabi/9.3.1/../../../../arm-none-eabi/lib/thumb/v7e-m+dp/hard\libcr_c.a(fseek.o)
                0x60007098                fseek
 .text.ftell    0x60007198       0x44 c:/nxp/mcuxpressoide_11.3.0_5222/ide/plugins/com.nxp.mcuxpresso.tools.win32_11.3.0.202008311133/tools/bin/../lib/gcc/arm-none-eabi/9.3.1/../../../../arm-none-eabi/lib/thumb/v7e-m+dp/hard\libcr_c.a(ftell.o)
                0x60007198                ftell
 .text.__check_heap_overflow
                0x600071dc       0x18 c:/nxp/mcuxpressoide_11.3.0_5222/ide/plugins/com.nxp.mcuxpresso.tools.win32_11.3.0.202008311133/tools/bin/../lib/gcc/arm-none-eabi/9.3.1/../../../../arm-none-eabi/lib/thumb/v7e-m+dp/hard\libcr_c.a(_cr_check_heap.o)
                0x600071dc                __check_heap_overflow
 .text.__sys_appexit
                0x600071f4        0xc c:/nxp/mcuxpressoide_11.3.0_5222/ide/plugins/com.nxp.mcuxpresso.tools.win32_11.3.0.202008311133/tools/bin/../lib/gcc/arm-none-eabi/9.3.1/../../../../arm-none-eabi/lib/thumb/v7e-m+dp/hard\libcr_semihost_nf.a(__sys_appexit.o)
                0x600071f4                __sys_appexit
                0x600071f4                __exit
 .text.__main   0x60007200        0xe c:/nxp/mcuxpressoide_11.3.0_5222/ide/plugins/com.nxp.mcuxpresso.tools.win32_11.3.0.202008311133/tools/bin/../lib/gcc/arm-none-eabi/9.3.1/../../../../arm-none-eabi/lib/thumb/v7e-m+dp/hard\libcr_semihost_nf.a(_cr__main.o)
                0x60007200                __CR_SEMIHOST
                0x60007200                __main
 .text.memcpy   0x6000720e        0x4 c:/nxp/mcuxpressoide_11.3.0_5222/ide/plugins/com.nxp.mcuxpresso.tools.win32_11.3.0.202008311133/tools/bin/../lib/gcc/arm-none-eabi/9.3.1/../../../../arm-none-eabi/lib/thumb/v7e-m+dp/hard\libcr_c.a(memcpy.o)
                0x6000720e                memcpy
 .text.memset   0x60007212        0x4 c:/nxp/mcuxpressoide_11.3.0_5222/ide/plugins/com.nxp.mcuxpresso.tools.win32_11.3.0.202008311133/tools/bin/../lib/gcc/arm-none-eabi/9.3.1/../../../../arm-none-eabi/lib/thumb/v7e-m+dp/hard\libcr_c.a(memset.o)
                0x60007212                memset
 .text.free     0x60007216       0x30 c:/nxp/mcuxpressoide_11.3.0_5222/ide/plugins/com.nxp.mcuxpresso.tools.win32_11.3.0.202008311133/tools/bin/../lib/gcc/arm-none-eabi/9.3.1/../../../../arm-none-eabi/lib/thumb/v7e-m+dp/hard\libcr_c.a(alloc.o)
                0x60007216                free
 .text.fabs     0x60007246       0x10 c:/nxp/mcuxpressoide_11.3.0_5222/ide/plugins/com.nxp.mcuxpresso.tools.win32_11.3.0.202008311133/tools/bin/../lib/gcc/arm-none-eabi/9.3.1/../../../../arm-none-eabi/lib/thumb/v7e-m+dp/hard\libcr_c.a(fabs.o)
                0x60007246                fabs
 .text.fp_round
                0x60007256       0x4c c:/nxp/mcuxpressoide_11.3.0_5222/ide/plugins/com.nxp.mcuxpresso.tools.win32_11.3.0.202008311133/tools/bin/../lib/gcc/arm-none-eabi/9.3.1/../../../../arm-none-eabi/lib/thumb/v7e-m+dp/hard\libcr_c.a(fpprintf.o)
 .text.pr_dec.constprop.0
                0x600072a2       0x26 c:/nxp/mcuxpressoide_11.3.0_5222/ide/plugins/com.nxp.mcuxpresso.tools.win32_11.3.0.202008311133/tools/bin/../lib/gcc/arm-none-eabi/9.3.1/../../../../arm-none-eabi/lib/thumb/v7e-m+dp/hard\libcr_c.a(fpprintf.o)
 .text.setvbuf  0x600072c8       0x3e c:/nxp/mcuxpressoide_11.3.0_5222/ide/plugins/com.nxp.mcuxpresso.tools.win32_11.3.0.202008311133/tools/bin/../lib/gcc/arm-none-eabi/9.3.1/../../../../arm-none-eabi/lib/thumb/v7e-m+dp/hard\libcr_c.a(setvbuf.o)
                0x600072c8                setvbuf
 .text.strlen   0x60007306       0x4c c:/nxp/mcuxpressoide_11.3.0_5222/ide/plugins/com.nxp.mcuxpresso.tools.win32_11.3.0.202008311133/tools/bin/../lib/gcc/arm-none-eabi/9.3.1/../../../../arm-none-eabi/lib/thumb/v7e-m+dp/hard\libcr_c.a(strlen.o)
                0x60007306                strlen
 .text._deferredlazyseek
                0x60007352       0x40 c:/nxp/mcuxpressoide_11.3.0_5222/ide/plugins/com.nxp.mcuxpresso.tools.win32_11.3.0.202008311133/tools/bin/../lib/gcc/arm-none-eabi/9.3.1/../../../../arm-none-eabi/lib/thumb/v7e-m+dp/hard\libcr_c.a(_deferredlazyseek.o)
                0x60007352                _deferredlazyseek
 .text.__flsbuf
                0x60007392      0x140 c:/nxp/mcuxpressoide_11.3.0_5222/ide/plugins/com.nxp.mcuxpresso.tools.win32_11.3.0.202008311133/tools/bin/../lib/gcc/arm-none-eabi/9.3.1/../../../../arm-none-eabi/lib/thumb/v7e-m+dp/hard\libcr_c.a(_deferredlazyseek.o)
                0x60007392                __flsbuf
 .text._fdopen  0x600074d2       0x68 c:/nxp/mcuxpressoide_11.3.0_5222/ide/plugins/com.nxp.mcuxpresso.tools.win32_11.3.0.202008311133/tools/bin/../lib/gcc/arm-none-eabi/9.3.1/../../../../arm-none-eabi/lib/thumb/v7e-m+dp/hard\libcr_c.a(_fdopen.o)
                0x600074d2                _fdopen
 .text._fflush  0x6000753a       0x52 c:/nxp/mcuxpressoide_11.3.0_5222/ide/plugins/com.nxp.mcuxpresso.tools.win32_11.3.0.202008311133/tools/bin/../lib/gcc/arm-none-eabi/9.3.1/../../../../arm-none-eabi/lib/thumb/v7e-m+dp/hard\libcr_c.a(_fflush.o)
                0x6000753a                _fflush
 .text.fclose   0x6000758c       0x58 c:/nxp/mcuxpressoide_11.3.0_5222/ide/plugins/com.nxp.mcuxpresso.tools.win32_11.3.0.202008311133/tools/bin/../lib/gcc/arm-none-eabi/9.3.1/../../../../arm-none-eabi/lib/thumb/v7e-m+dp/hard\libcr_c.a(fclose.o)
                0x6000758c                fclose
 .text.remove   0x600075e4       0x14 c:/nxp/mcuxpressoide_11.3.0_5222/ide/plugins/com.nxp.mcuxpresso.tools.win32_11.3.0.202008311133/tools/bin/../lib/gcc/arm-none-eabi/9.3.1/../../../../arm-none-eabi/lib/thumb/v7e-m+dp/hard\libcr_c.a(remove.o)
                0x600075e4                remove
 .text._do_fflush
                0x600075f8       0x40 c:/nxp/mcuxpressoide_11.3.0_5222/ide/plugins/com.nxp.mcuxpresso.tools.win32_11.3.0.202008311133/tools/bin/../lib/gcc/arm-none-eabi/9.3.1/../../../../arm-none-eabi/lib/thumb/v7e-m+dp/hard\libcr_c.a(_do_fflush.o)
                0x600075f8                _do_fflush
 .text.__aeabi_memcpy
                0x60007638       0x34 c:/nxp/mcuxpressoide_11.3.0_5222/ide/plugins/com.nxp.mcuxpresso.tools.win32_11.3.0.202008311133/tools/bin/../lib/gcc/arm-none-eabi/9.3.1/thumb/v7e-m+dp/hard\libcr_eabihelpers.a(memcpy.o)
                0x60007638                __aeabi_memcpy
                0x60007642                __aeabi_memcpy8
                0x60007642                __aeabi_memcpy4
 .text.__aeabi_memset_lowlevel
                0x6000766c       0x32 c:/nxp/mcuxpressoide_11.3.0_5222/ide/plugins/com.nxp.mcuxpresso.tools.win32_11.3.0.202008311133/tools/bin/../lib/gcc/arm-none-eabi/9.3.1/thumb/v7e-m+dp/hard\libcr_eabihelpers.a(memcpy.o)
                0x6000766c                __aeabi_lowlevel_memset
 .text.__sys_close
                0x6000769e        0xc c:/nxp/mcuxpressoide_11.3.0_5222/ide/plugins/com.nxp.mcuxpresso.tools.win32_11.3.0.202008311133/tools/bin/../lib/gcc/arm-none-eabi/9.3.1/../../../../arm-none-eabi/lib/thumb/v7e-m+dp/hard\libcr_semihost_nf.a(__sys_close.o)
                0x6000769e                __sys_close
 .text.__sys_flen
                0x600076aa        0xc c:/nxp/mcuxpressoide_11.3.0_5222/ide/plugins/com.nxp.mcuxpresso.tools.win32_11.3.0.202008311133/tools/bin/../lib/gcc/arm-none-eabi/9.3.1/../../../../arm-none-eabi/lib/thumb/v7e-m+dp/hard\libcr_semihost_nf.a(__sys_flen.o)
                0x600076aa                __sys_flen
 .text.__sys_istty
                0x600076b6        0xc c:/nxp/mcuxpressoide_11.3.0_5222/ide/plugins/com.nxp.mcuxpresso.tools.win32_11.3.0.202008311133/tools/bin/../lib/gcc/arm-none-eabi/9.3.1/../../../../arm-none-eabi/lib/thumb/v7e-m+dp/hard\libcr_semihost_nf.a(__sys_istty.o)
                0x600076b6                __sys_istty
 .text.__sys_remove
                0x600076c2        0xc c:/nxp/mcuxpressoide_11.3.0_5222/ide/plugins/com.nxp.mcuxpresso.tools.win32_11.3.0.202008311133/tools/bin/../lib/gcc/arm-none-eabi/9.3.1/../../../../arm-none-eabi/lib/thumb/v7e-m+dp/hard\libcr_semihost_nf.a(__sys_remove.o)
                0x600076c2                __sys_remove
 .text.__sys_seek
                0x600076ce        0xc c:/nxp/mcuxpressoide_11.3.0_5222/ide/plugins/com.nxp.mcuxpresso.tools.win32_11.3.0.202008311133/tools/bin/../lib/gcc/arm-none-eabi/9.3.1/../../../../arm-none-eabi/lib/thumb/v7e-m+dp/hard\libcr_semihost_nf.a(__sys_seek.o)
                0x600076ce                __sys_seek
 .text.__sys_tmpnam
                0x600076da        0xc c:/nxp/mcuxpressoide_11.3.0_5222/ide/plugins/com.nxp.mcuxpresso.tools.win32_11.3.0.202008311133/tools/bin/../lib/gcc/arm-none-eabi/9.3.1/../../../../arm-none-eabi/lib/thumb/v7e-m+dp/hard\libcr_semihost_nf.a(__sys_tmpnam.o)
                0x600076da                __sys_tmpnam
 .text.__sys_write
                0x600076e6        0xc c:/nxp/mcuxpressoide_11.3.0_5222/ide/plugins/com.nxp.mcuxpresso.tools.win32_11.3.0.202008311133/tools/bin/../lib/gcc/arm-none-eabi/9.3.1/../../../../arm-none-eabi/lib/thumb/v7e-m+dp/hard\libcr_semihost_nf.a(__sys_write.o)
                0x600076e6                __sys_write
 *(SORT_BY_ALIGNMENT(.rodata) SORT_BY_ALIGNMENT(.rodata.*) SORT_BY_ALIGNMENT(.constdata) SORT_BY_ALIGNMENT(.constdata.*))
 *fill*         0x600076f2        0x2 ff
 .rodata.main.str1.4
                0x600076f4       0x48 ./source/main.o
 .rodata        0x6000773c       0x10 ./drivers/fsl_clock.o
 .rodata.armPllConfig_BOARD_BootClockRUN
                0x6000774c        0x8 ./board/clock_config.o
                0x6000774c                armPllConfig_BOARD_BootClockRUN
 .rodata.__num_Ciob_streams
                0x60007754        0x4 c:/nxp/mcuxpressoide_11.3.0_5222/ide/plugins/com.nxp.mcuxpresso.tools.win32_11.3.0.202008311133/tools/bin/../lib/gcc/arm-none-eabi/9.3.1/../../../../arm-none-eabi/lib/thumb/v7e-m+dp/hard\libcr_semihost_nf.a(__ciob.o)
                0x60007754                __num_Ciob_streams
 .rodata._Csys_alloc.str1.1
                0x60007758       0x18 c:/nxp/mcuxpressoide_11.3.0_5222/ide/plugins/com.nxp.mcuxpresso.tools.win32_11.3.0.202008311133/tools/bin/../lib/gcc/arm-none-eabi/9.3.1/../../../../arm-none-eabi/lib/thumb/v7e-m+dp/hard\libcr_c.a(alloc.o)
 .rodata.fp_display.str1.1
                0x60007770       0x34 c:/nxp/mcuxpressoide_11.3.0_5222/ide/plugins/com.nxp.mcuxpresso.tools.win32_11.3.0.202008311133/tools/bin/../lib/gcc/arm-none-eabi/9.3.1/../../../../arm-none-eabi/lib/thumb/v7e-m+dp/hard\libcr_c.a(fpprintf.o)
                                 0x35 (size before relaxing)
 .rodata._initio.str1.1
                0x600077a4        0x4 c:/nxp/mcuxpressoide_11.3.0_5222/ide/plugins/com.nxp.mcuxpresso.tools.win32_11.3.0.202008311133/tools/bin/../lib/gcc/arm-none-eabi/9.3.1/../../../../arm-none-eabi/lib/thumb/v7e-m+dp/hard\libcr_c.a(initio.o)
 .rodata.__vfprintf.str1.1
                0x600077a8       0x31 c:/nxp/mcuxpressoide_11.3.0_5222/ide/plugins/com.nxp.mcuxpresso.tools.win32_11.3.0.202008311133/tools/bin/../lib/gcc/arm-none-eabi/9.3.1/../../../../arm-none-eabi/lib/thumb/v7e-m+dp/hard\libcr_c.a(printf.o)
                                 0x38 (size before relaxing)
                0x600077dc                . = ALIGN (0x4)
 *fill*         0x600077d9        0x3 ff

.glue_7         0x600077dc        0x0
 .glue_7        0x600077dc        0x0 linker stubs

.glue_7t        0x600077dc        0x0
 .glue_7t       0x600077dc        0x0 linker stubs

.vfp11_veneer   0x600077dc        0x0
 .vfp11_veneer  0x600077dc        0x0 linker stubs

.v4_bx          0x600077dc        0x0
 .v4_bx         0x600077dc        0x0 linker stubs

.iplt           0x600077dc        0x0
 .iplt          0x600077dc        0x0 ./xip/evkbimxrt1050_flexspi_nor_config.o

.ARM.extab
 *(SORT_BY_ALIGNMENT(.ARM.extab*) SORT_BY_ALIGNMENT(.gnu.linkonce.armextab.*))

.ARM.exidx      0x600077dc        0x8
                0x600077dc                __exidx_start = .
 *(SORT_BY_ALIGNMENT(.ARM.exidx*) SORT_BY_ALIGNMENT(.gnu.linkonce.armexidx.*))
 .ARM.exidx     0x600077dc        0x8 C:/Users/NOTA0801/Documents/MCUXpressoIDE_11.3.0_5222/workspace/lenet_Pglow_2.9.0_1050_tutorial/source/lenet_mnist.o
                                 0x58 (size before relaxing)
                0x600077e4                __exidx_end = .
                0x600077e4                _etext = .

.rel.dyn        0x600077e4        0x0
 .rel.iplt      0x600077e4        0x0 ./xip/evkbimxrt1050_flexspi_nor_config.o

.data_RAM2      0x81e00000        0x0 load address 0x600077e4
 FILL mask 0xff
                [!provide]                PROVIDE (__start_data_RAM2 = .)
                [!provide]                PROVIDE (__start_data_NCACHE_REGION = .)
 *(SORT_BY_ALIGNMENT(.ramfunc.$RAM2))
 *(SORT_BY_ALIGNMENT(.ramfunc.$NCACHE_REGION))
 *(SORT_BY_ALIGNMENT(NonCacheable.init))
 *(SORT_BY_ALIGNMENT(.data.$RAM2))
 *(SORT_BY_ALIGNMENT(.data.$NCACHE_REGION))
 *(SORT_BY_ALIGNMENT(.data.$RAM2.*))
 *(SORT_BY_ALIGNMENT(.data.$NCACHE_REGION.*))
                0x81e00000                . = ALIGN (0x4)
                [!provide]                PROVIDE (__end_data_RAM2 = .)
                [!provide]                PROVIDE (__end_data_NCACHE_REGION = .)

.data_RAM3      0x20000000        0x0 load address 0x600077e4
 FILL mask 0xff
                [!provide]                PROVIDE (__start_data_RAM3 = .)
                [!provide]                PROVIDE (__start_data_SRAM_DTC = .)
 *(SORT_BY_ALIGNMENT(.ramfunc.$RAM3))
 *(SORT_BY_ALIGNMENT(.ramfunc.$SRAM_DTC))
 *(SORT_BY_ALIGNMENT(.data.$RAM3))
 *(SORT_BY_ALIGNMENT(.data.$SRAM_DTC))
 *(SORT_BY_ALIGNMENT(.data.$RAM3.*))
 *(SORT_BY_ALIGNMENT(.data.$SRAM_DTC.*))
                0x20000000                . = ALIGN (0x4)
                [!provide]                PROVIDE (__end_data_RAM3 = .)
                [!provide]                PROVIDE (__end_data_SRAM_DTC = .)

.data_RAM4      0x00000000        0x0 load address 0x600077e4
 FILL mask 0xff
                [!provide]                PROVIDE (__start_data_RAM4 = .)
                [!provide]                PROVIDE (__start_data_SRAM_ITC = .)
 *(SORT_BY_ALIGNMENT(.ramfunc.$RAM4))
 *(SORT_BY_ALIGNMENT(.ramfunc.$SRAM_ITC))
 *(SORT_BY_ALIGNMENT(.data.$RAM4))
 *(SORT_BY_ALIGNMENT(.data.$SRAM_ITC))
 *(SORT_BY_ALIGNMENT(.data.$RAM4.*))
 *(SORT_BY_ALIGNMENT(.data.$SRAM_ITC.*))
                0x00000000                . = ALIGN (0x4)
                [!provide]                PROVIDE (__end_data_RAM4 = .)
                [!provide]                PROVIDE (__end_data_SRAM_ITC = .)

.data_RAM5      0x20200000        0x0 load address 0x600077e4
 FILL mask 0xff
                [!provide]                PROVIDE (__start_data_RAM5 = .)
                [!provide]                PROVIDE (__start_data_SRAM_OC = .)
 *(SORT_BY_ALIGNMENT(.ramfunc.$RAM5))
 *(SORT_BY_ALIGNMENT(.ramfunc.$SRAM_OC))
 *(SORT_BY_ALIGNMENT(.data.$RAM5))
 *(SORT_BY_ALIGNMENT(.data.$SRAM_OC))
 *(SORT_BY_ALIGNMENT(.data.$RAM5.*))
 *(SORT_BY_ALIGNMENT(.data.$SRAM_OC.*))
                0x20200000                . = ALIGN (0x4)
                [!provide]                PROVIDE (__end_data_RAM5 = .)
                [!provide]                PROVIDE (__end_data_SRAM_OC = .)

.uninit_RESERVED
                0x80000000        0x0
                0x80000000                _start_uninit_RESERVED = .
 *(SORT_BY_ALIGNMENT(.bss.$RESERVED*))
                0x80000000                . = ALIGN (0x4)
                0x80000000                _end_uninit_RESERVED = .

.data           0x80000000   0x1a5d0c load address 0x600077e4
 FILL mask 0xff
                0x80000000                _data = .
                [!provide]                PROVIDE (__start_data_RAM = .)
                [!provide]                PROVIDE (__start_data_BOARD_SDRAM = .)
 *(SORT_BY_ALIGNMENT(vtable))
 *(SORT_BY_ALIGNMENT(.ramfunc*))
 *(SORT_BY_ALIGNMENT(CodeQuickAccess))
 *(SORT_BY_ALIGNMENT(DataQuickAccess))
 *(SORT_BY_ALIGNMENT(RamFunction))
 *(SORT_BY_ALIGNMENT(.data*))
 .data.constantWeight
                0x80000000   0x1a50c0 ./source/main.o
                0x80000000                constantWeight
 .data.imageData
                0x801a50c0      0xc40 ./source/main.o
                0x801a50c0                imageData
 .data.inputAddr
                0x801a5d00        0x4 ./source/main.o
                0x801a5d00                inputAddr
 .data.outputAddr
                0x801a5d04        0x4 ./source/main.o
                0x801a5d04                outputAddr
 .data.SystemCoreClock
                0x801a5d08        0x4 ./device/system_MIMXRT1052.o
                0x801a5d08                SystemCoreClock
                0x801a5d0c                . = ALIGN (0x4)
                0x801a5d0c                _edata = .
                [!provide]                PROVIDE (__end_data_RAM = .)
                [!provide]                PROVIDE (__end_data_BOARD_SDRAM = .)

.igot.plt       0x801a5d0c        0x0 load address 0x601ad4f0
 .igot.plt      0x801a5d0c        0x0 ./xip/evkbimxrt1050_flexspi_nor_config.o

.bss_RAM2       0x81e00000        0x0
                [!provide]                PROVIDE (__start_bss_RAM2 = .)
                [!provide]                PROVIDE (__start_bss_NCACHE_REGION = .)
 *(SORT_BY_ALIGNMENT(NonCacheable))
 *(SORT_BY_ALIGNMENT(.bss.$RAM2))
 *(SORT_BY_ALIGNMENT(.bss.$NCACHE_REGION))
 *(SORT_BY_ALIGNMENT(.bss.$RAM2.*))
 *(SORT_BY_ALIGNMENT(.bss.$NCACHE_REGION.*))
                0x81e00000                . = ALIGN ((. != 0x0)?0x4:0x1)
                [!provide]                PROVIDE (__end_bss_RAM2 = .)
                [!provide]                PROVIDE (__end_bss_NCACHE_REGION = .)

.bss_RAM3       0x20000000        0x0
                [!provide]                PROVIDE (__start_bss_RAM3 = .)
                [!provide]                PROVIDE (__start_bss_SRAM_DTC = .)
 *(SORT_BY_ALIGNMENT(.bss.$RAM3))
 *(SORT_BY_ALIGNMENT(.bss.$SRAM_DTC))
 *(SORT_BY_ALIGNMENT(.bss.$RAM3.*))
 *(SORT_BY_ALIGNMENT(.bss.$SRAM_DTC.*))
                0x20000000                . = ALIGN ((. != 0x0)?0x4:0x1)
                [!provide]                PROVIDE (__end_bss_RAM3 = .)
                [!provide]                PROVIDE (__end_bss_SRAM_DTC = .)

.bss_RAM4       0x00000000        0x0
                [!provide]                PROVIDE (__start_bss_RAM4 = .)
                [!provide]                PROVIDE (__start_bss_SRAM_ITC = .)
 *(SORT_BY_ALIGNMENT(.bss.$RAM4))
 *(SORT_BY_ALIGNMENT(.bss.$SRAM_ITC))
 *(SORT_BY_ALIGNMENT(.bss.$RAM4.*))
 *(SORT_BY_ALIGNMENT(.bss.$SRAM_ITC.*))
                0x00000000                . = ALIGN ((. != 0x0)?0x4:0x1)
                [!provide]                PROVIDE (__end_bss_RAM4 = .)
                [!provide]                PROVIDE (__end_bss_SRAM_ITC = .)

.bss_RAM5       0x20200000        0x0
                [!provide]                PROVIDE (__start_bss_RAM5 = .)
                [!provide]                PROVIDE (__start_bss_SRAM_OC = .)
 *(SORT_BY_ALIGNMENT(.bss.$RAM5))
 *(SORT_BY_ALIGNMENT(.bss.$SRAM_OC))
 *(SORT_BY_ALIGNMENT(.bss.$RAM5.*))
 *(SORT_BY_ALIGNMENT(.bss.$SRAM_OC.*))
                0x20200000                . = ALIGN ((. != 0x0)?0x4:0x1)
                [!provide]                PROVIDE (__end_bss_RAM5 = .)
                [!provide]                PROVIDE (__end_bss_SRAM_OC = .)

.bss            0x801a5d40     0xee74
                0x801a5d40                _bss = .
                [!provide]                PROVIDE (__start_bss_RAM = .)
                [!provide]                PROVIDE (__start_bss_BOARD_SDRAM = .)
 *(SORT_BY_ALIGNMENT(.bss*))
 .bss.activations
                0x801a5d40     0xe100 ./source/main.o
                0x801a5d40                activations
 .bss.mutableWeight
                0x801b3e40      0xc80 ./source/main.o
                0x801b3e40                mutableWeight
 .bss.msTicks   0x801b4ac0        0x4 ./source/timer.o
 .bss.g_rtcXtalFreq
                0x801b4ac4        0x4 ./drivers/fsl_clock.o
                0x801b4ac4                g_rtcXtalFreq
 .bss.g_xtalFreq
                0x801b4ac8        0x4 ./drivers/fsl_clock.o
                0x801b4ac8                g_xtalFreq
 .bss.s_lpuartHandle
                0x801b4acc       0x24 ./drivers/fsl_lpuart.o
 .bss.s_lpuartIsr
                0x801b4af0        0x4 ./drivers/fsl_lpuart.o
 .bss.__end_of_heap
                0x801b4af4        0x4 c:/nxp/mcuxpressoide_11.3.0_5222/ide/plugins/com.nxp.mcuxpresso.tools.win32_11.3.0.202008311133/tools/bin/../lib/gcc/arm-none-eabi/9.3.1/../../../../arm-none-eabi/lib/thumb/v7e-m+dp/hard\libcr_c.a(__init_alloc.o)
                0x801b4af4                __end_of_heap
 .bss.__heaps   0x801b4af8        0x4 c:/nxp/mcuxpressoide_11.3.0_5222/ide/plugins/com.nxp.mcuxpresso.tools.win32_11.3.0.202008311133/tools/bin/../lib/gcc/arm-none-eabi/9.3.1/../../../../arm-none-eabi/lib/thumb/v7e-m+dp/hard\libcr_c.a(__init_alloc.o)
                0x801b4af8                __heaps
 .bss.errno     0x801b4afc        0x4 c:/nxp/mcuxpressoide_11.3.0_5222/ide/plugins/com.nxp.mcuxpresso.tools.win32_11.3.0.202008311133/tools/bin/../lib/gcc/arm-none-eabi/9.3.1/../../../../arm-none-eabi/lib/thumb/v7e-m+dp/hard\libcr_c.a(errno.o)
                0x801b4afc                errno
 .bss.__Ciob    0x801b4b00       0xb4 c:/nxp/mcuxpressoide_11.3.0_5222/ide/plugins/com.nxp.mcuxpresso.tools.win32_11.3.0.202008311133/tools/bin/../lib/gcc/arm-none-eabi/9.3.1/../../../../arm-none-eabi/lib/thumb/v7e-m+dp/hard\libcr_semihost_nf.a(__ciob.o)
                0x801b4b00                __Ciob
 *(SORT_BY_ALIGNMENT(COMMON))
                0x801b4bb4                . = ALIGN (0x4)
                0x801b4bb4                _ebss = .
                [!provide]                PROVIDE (__end_bss_RAM = .)
                [!provide]                PROVIDE (__end_bss_BOARD_SDRAM = .)
                [!provide]                PROVIDE (end = .)

.noinit_RAM2    0x81e00000        0x0
                [!provide]                PROVIDE (__start_noinit_RAM2 = .)
                [!provide]                PROVIDE (__start_noinit_NCACHE_REGION = .)
 *(SORT_BY_ALIGNMENT(.noinit.$RAM2))
 *(SORT_BY_ALIGNMENT(.noinit.$NCACHE_REGION))
 *(SORT_BY_ALIGNMENT(.noinit.$RAM2.*))
 *(SORT_BY_ALIGNMENT(.noinit.$NCACHE_REGION.*))
                0x81e00000                . = ALIGN (0x4)
                [!provide]                PROVIDE (__end_noinit_RAM2 = .)
                [!provide]                PROVIDE (__end_noinit_NCACHE_REGION = .)

.noinit_RAM3    0x20000000        0x0
                [!provide]                PROVIDE (__start_noinit_RAM3 = .)
                [!provide]                PROVIDE (__start_noinit_SRAM_DTC = .)
 *(SORT_BY_ALIGNMENT(.noinit.$RAM3))
 *(SORT_BY_ALIGNMENT(.noinit.$SRAM_DTC))
 *(SORT_BY_ALIGNMENT(.noinit.$RAM3.*))
 *(SORT_BY_ALIGNMENT(.noinit.$SRAM_DTC.*))
                0x20000000                . = ALIGN (0x4)
                [!provide]                PROVIDE (__end_noinit_RAM3 = .)
                [!provide]                PROVIDE (__end_noinit_SRAM_DTC = .)

.noinit_RAM4    0x00000000        0x0
                [!provide]                PROVIDE (__start_noinit_RAM4 = .)
                [!provide]                PROVIDE (__start_noinit_SRAM_ITC = .)
 *(SORT_BY_ALIGNMENT(.noinit.$RAM4))
 *(SORT_BY_ALIGNMENT(.noinit.$SRAM_ITC))
 *(SORT_BY_ALIGNMENT(.noinit.$RAM4.*))
 *(SORT_BY_ALIGNMENT(.noinit.$SRAM_ITC.*))
                0x00000000                . = ALIGN (0x4)
                [!provide]                PROVIDE (__end_noinit_RAM4 = .)
                [!provide]                PROVIDE (__end_noinit_SRAM_ITC = .)

.noinit_RAM5    0x20200000        0x0
                [!provide]                PROVIDE (__start_noinit_RAM5 = .)
                [!provide]                PROVIDE (__start_noinit_SRAM_OC = .)
 *(SORT_BY_ALIGNMENT(.noinit.$RAM5))
 *(SORT_BY_ALIGNMENT(.noinit.$SRAM_OC))
 *(SORT_BY_ALIGNMENT(.noinit.$RAM5.*))
 *(SORT_BY_ALIGNMENT(.noinit.$SRAM_OC.*))
                0x20200000                . = ALIGN (0x4)
                [!provide]                PROVIDE (__end_noinit_RAM5 = .)
                [!provide]                PROVIDE (__end_noinit_SRAM_OC = .)

.noinit         0x801b4bb4        0x0
                0x801b4bb4                _noinit = .
                [!provide]                PROVIDE (__start_noinit_RAM = .)
                [!provide]                PROVIDE (__start_noinit_BOARD_SDRAM = .)
 *(SORT_BY_ALIGNMENT(.noinit*))
                0x801b4bb4                . = ALIGN (0x4)
                0x801b4bb4                _end_noinit = .
                [!provide]                PROVIDE (__end_noinit_RAM = .)
                [!provide]                PROVIDE (__end_noinit_BOARD_SDRAM = .)
                0x00001000                _HeapSize = 0x1000

.heap           0x801b4bb4     0x1000
                0x801b4bb4                _pvHeapStart = .
                0x801b5bb4                . = (. + _HeapSize)
 *fill*         0x801b4bb4     0x1000 
                0x801b5bb4                . = ALIGN (0x4)
                0x801b5bb4                _pvHeapLimit = .
                0x00001000                _StackSize = 0x1000

.heap2stackfill
                0x801b5bb4     0x1000
                0x801b6bb4                . = (. + _StackSize)
 *fill*         0x801b5bb4     0x1000 

.stack          0x81dff000        0x0
                0x81dff000                _vStackBase = .
                0x81dff000                . = ALIGN (0x4)
                0x81e00000                _vStackTop = (. + _StackSize)
                0x60002000                _image_start = LOADADDR (.text)
                0x601ad4f0                _image_end = (LOADADDR (.data) + SIZEOF (.data))
                0x001ab4f0                _image_size = (_image_end - _image_start)
OUTPUT(lenet_Pglow_2.9.0_1050_tutorial.axf elf32-littlearm)
LOAD linker stubs

.debug_info     0x00000000     0xff11
 .debug_info    0x00000000      0x830 ./xip/evkbimxrt1050_flexspi_nor_config.o
 .debug_info    0x00000830      0x655 ./xip/fsl_flexspi_nor_boot.o
 .debug_info    0x00000e85     0x151a ./startup/startup_mimxrt1052.o
 .debug_info    0x0000239f      0x93a ./source/main.o
 .debug_info    0x00002cd9       0x38 ./source/semihost_hardfault.o
 .debug_info    0x00002d11      0xf22 ./source/timer.o
 .debug_info    0x00003c33      0x225 ./glow/glow_bundle_utils.o
 .debug_info    0x00003e58     0x250a ./drivers/fsl_clock.o
 .debug_info    0x00006362     0x2fba ./drivers/fsl_lpuart.o
 .debug_info    0x0000931c      0xdab ./device/system_MIMXRT1052.o
 .debug_info    0x0000a0c7     0x149e ./board/board.o
 .debug_info    0x0000b565     0x3e41 ./board/clock_config.o
 .debug_info    0x0000f3a6       0xd5 ./board/dcd.o
 .debug_info    0x0000f47b       0x46 ./board/peripherals.o
 .debug_info    0x0000f4c1      0xa50 ./board/pin_mux.o

.debug_abbrev   0x00000000     0x1f0c
 .debug_abbrev  0x00000000      0x149 ./xip/evkbimxrt1050_flexspi_nor_config.o
 .debug_abbrev  0x00000149      0x13c ./xip/fsl_flexspi_nor_boot.o
 .debug_abbrev  0x00000285      0x1bb ./startup/startup_mimxrt1052.o
 .debug_abbrev  0x00000440      0x1fc ./source/main.o
 .debug_abbrev  0x0000063c       0x2e ./source/semihost_hardfault.o
 .debug_abbrev  0x0000066a      0x226 ./source/timer.o
 .debug_abbrev  0x00000890      0x145 ./glow/glow_bundle_utils.o
 .debug_abbrev  0x000009d5      0x4c8 ./drivers/fsl_clock.o
 .debug_abbrev  0x00000e9d      0x500 ./drivers/fsl_lpuart.o
 .debug_abbrev  0x0000139d      0x1e1 ./device/system_MIMXRT1052.o
 .debug_abbrev  0x0000157e      0x3ed ./board/board.o
 .debug_abbrev  0x0000196b      0x2db ./board/clock_config.o
 .debug_abbrev  0x00001c46       0x9c ./board/dcd.o
 .debug_abbrev  0x00001ce2       0x48 ./board/peripherals.o
 .debug_abbrev  0x00001d2a      0x1e2 ./board/pin_mux.o

.debug_aranges  0x00000000      0x950
 .debug_aranges
                0x00000000       0x18 ./xip/evkbimxrt1050_flexspi_nor_config.o
 .debug_aranges
                0x00000018       0x18 ./xip/fsl_flexspi_nor_boot.o
 .debug_aranges
                0x00000030      0x540 ./startup/startup_mimxrt1052.o
 .debug_aranges
                0x00000570       0x20 ./source/main.o
 .debug_aranges
                0x00000590       0x20 ./source/semihost_hardfault.o
 .debug_aranges
                0x000005b0       0x30 ./source/timer.o
 .debug_aranges
                0x000005e0       0x30 ./glow/glow_bundle_utils.o
 .debug_aranges
                0x00000610      0x148 ./drivers/fsl_clock.o
 .debug_aranges
                0x00000758      0x118 ./drivers/fsl_lpuart.o
 .debug_aranges
                0x00000870       0x30 ./device/system_MIMXRT1052.o
 .debug_aranges
                0x000008a0       0x30 ./board/board.o
 .debug_aranges
                0x000008d0       0x28 ./board/clock_config.o
 .debug_aranges
                0x000008f8       0x18 ./board/dcd.o
 .debug_aranges
                0x00000910       0x20 ./board/peripherals.o
 .debug_aranges
                0x00000930       0x20 ./board/pin_mux.o

.debug_line     0x00000000     0x8622
 .debug_line    0x00000000      0x2f6 ./xip/evkbimxrt1050_flexspi_nor_config.o
 .debug_line    0x000002f6      0x356 ./xip/fsl_flexspi_nor_boot.o
 .debug_line    0x0000064c     0x1594 ./startup/startup_mimxrt1052.o
 .debug_line    0x00001be0      0x54f ./source/main.o
 .debug_line    0x0000212f       0x58 ./source/semihost_hardfault.o
 .debug_line    0x00002187      0x434 ./source/timer.o
 .debug_line    0x000025bb      0x227 ./glow/glow_bundle_utils.o
 .debug_line    0x000027e2     0x1657 ./drivers/fsl_clock.o
 .debug_line    0x00003e39     0x1d2a ./drivers/fsl_lpuart.o
 .debug_line    0x00005b63      0x5ab ./device/system_MIMXRT1052.o
 .debug_line    0x0000610e      0x982 ./board/board.o
 .debug_line    0x00006a90     0x1616 ./board/clock_config.o
 .debug_line    0x000080a6      0x13c ./board/dcd.o
 .debug_line    0x000081e2       0x49 ./board/peripherals.o
 .debug_line    0x0000822b      0x3f7 ./board/pin_mux.o

.debug_str      0x00000000     0x60b1
 .debug_str     0x00000000     0x10cf ./xip/evkbimxrt1050_flexspi_nor_config.o
                               0x10f9 (size before relaxing)
 .debug_str     0x000010cf      0x220 ./xip/fsl_flexspi_nor_boot.o
                                0xcb4 (size before relaxing)
 .debug_str     0x000012ef      0xda1 ./startup/startup_mimxrt1052.o
                                0xf16 (size before relaxing)
 .debug_str     0x00002090      0x263 ./source/main.o
                                0xe72 (size before relaxing)
 .debug_str     0x000022f3       0x1f ./source/semihost_hardfault.o
                                0x189 (size before relaxing)
 .debug_str     0x00002312      0xaff ./source/timer.o
                               0x172b (size before relaxing)
 .debug_str     0x00002e11       0x90 ./glow/glow_bundle_utils.o
                                0x2aa (size before relaxing)
 .debug_str     0x00002ea1      0xfb3 ./drivers/fsl_clock.o
                               0x1b68 (size before relaxing)
 .debug_str     0x00003e54     0x1767 ./drivers/fsl_lpuart.o
                               0x2d20 (size before relaxing)
 .debug_str     0x000055bb       0xc2 ./device/system_MIMXRT1052.o
                                0x827 (size before relaxing)
 .debug_str     0x0000567d      0x573 ./board/board.o
                                0xf1c (size before relaxing)
 .debug_str     0x00005bf0      0x3e9 ./board/clock_config.o
                               0x2043 (size before relaxing)
 .debug_str     0x00005fd9        0xf ./board/dcd.o
                                0x227 (size before relaxing)
 .debug_str     0x00005fe8       0x2d ./board/peripherals.o
                                0x19f (size before relaxing)
 .debug_str     0x00006015       0x9c ./board/pin_mux.o
                                0xa98 (size before relaxing)

.comment        0x00000000       0x83
 .comment       0x00000000       0x4c ./xip/evkbimxrt1050_flexspi_nor_config.o
                                 0x4d (size before relaxing)
 .comment       0x0000004c       0x4d ./xip/fsl_flexspi_nor_boot.o
 .comment       0x0000004c       0x4d ./startup/startup_mimxrt1052.o
 .comment       0x0000004c       0x4d ./source/main.o
 .comment       0x0000004c       0x4d ./source/semihost_hardfault.o
 .comment       0x0000004c       0x4d ./source/timer.o
 .comment       0x0000004c       0x4d ./glow/glow_bundle_utils.o
 .comment       0x0000004c       0x4d ./drivers/fsl_clock.o
 .comment       0x0000004c       0x4d ./drivers/fsl_lpuart.o
 .comment       0x0000004c       0x4d ./device/system_MIMXRT1052.o
 .comment       0x0000004c       0x4d ./board/board.o
 .comment       0x0000004c       0x4d ./board/clock_config.o
 .comment       0x0000004c       0x4d ./board/dcd.o
 .comment       0x0000004c       0x4d ./board/peripherals.o
 .comment       0x0000004c       0x4d ./board/pin_mux.o
 .comment       0x0000004c       0x37 C:/Users/NOTA0801/Documents/MCUXpressoIDE_11.3.0_5222/workspace/lenet_Pglow_2.9.0_1050_tutorial/source/lenet_mnist.o
                                0x114 (size before relaxing)
 .comment       0x00000083       0x4d c:/nxp/mcuxpressoide_11.3.0_5222/ide/plugins/com.nxp.mcuxpresso.tools.win32_11.3.0.202008311133/tools/bin/../lib/gcc/arm-none-eabi/9.3.1/../../../../arm-none-eabi/lib/thumb/v7e-m+dp/hard\libcr_semihost_nf.a(_cr__main.o)
 .comment       0x00000083       0x4d c:/nxp/mcuxpressoide_11.3.0_5222/ide/plugins/com.nxp.mcuxpresso.tools.win32_11.3.0.202008311133/tools/bin/../lib/gcc/arm-none-eabi/9.3.1/../../../../arm-none-eabi/lib/thumb/v7e-m+dp/hard\libcr_c.a(memcpy.o)
 .comment       0x00000083       0x4d c:/nxp/mcuxpressoide_11.3.0_5222/ide/plugins/com.nxp.mcuxpresso.tools.win32_11.3.0.202008311133/tools/bin/../lib/gcc/arm-none-eabi/9.3.1/../../../../arm-none-eabi/lib/thumb/v7e-m+dp/hard\libcr_c.a(memset.o)
 .comment       0x00000083       0x4d c:/nxp/mcuxpressoide_11.3.0_5222/ide/plugins/com.nxp.mcuxpresso.tools.win32_11.3.0.202008311133/tools/bin/../lib/gcc/arm-none-eabi/9.3.1/../../../../arm-none-eabi/lib/thumb/v7e-m+dp/hard\libcr_c.a(alloc.o)
 .comment       0x00000083       0x4d c:/nxp/mcuxpressoide_11.3.0_5222/ide/plugins/com.nxp.mcuxpresso.tools.win32_11.3.0.202008311133/tools/bin/../lib/gcc/arm-none-eabi/9.3.1/../../../../arm-none-eabi/lib/thumb/v7e-m+dp/hard\libcr_c.a(exp.o)
 .comment       0x00000083       0x4d c:/nxp/mcuxpressoide_11.3.0_5222/ide/plugins/com.nxp.mcuxpresso.tools.win32_11.3.0.202008311133/tools/bin/../lib/gcc/arm-none-eabi/9.3.1/../../../../arm-none-eabi/lib/thumb/v7e-m+dp/hard\libcr_c.a(fabs.o)
 .comment       0x00000083       0x4d c:/nxp/mcuxpressoide_11.3.0_5222/ide/plugins/com.nxp.mcuxpresso.tools.win32_11.3.0.202008311133/tools/bin/../lib/gcc/arm-none-eabi/9.3.1/../../../../arm-none-eabi/lib/thumb/v7e-m+dp/hard\libcr_c.a(fpprintf.o)
 .comment       0x00000083       0x4d c:/nxp/mcuxpressoide_11.3.0_5222/ide/plugins/com.nxp.mcuxpresso.tools.win32_11.3.0.202008311133/tools/bin/../lib/gcc/arm-none-eabi/9.3.1/../../../../arm-none-eabi/lib/thumb/v7e-m+dp/hard\libcr_c.a(initio.o)
 .comment       0x00000083       0x4d c:/nxp/mcuxpressoide_11.3.0_5222/ide/plugins/com.nxp.mcuxpresso.tools.win32_11.3.0.202008311133/tools/bin/../lib/gcc/arm-none-eabi/9.3.1/../../../../arm-none-eabi/lib/thumb/v7e-m+dp/hard\libcr_c.a(ldexp.o)
 .comment       0x00000083       0x4d c:/nxp/mcuxpressoide_11.3.0_5222/ide/plugins/com.nxp.mcuxpresso.tools.win32_11.3.0.202008311133/tools/bin/../lib/gcc/arm-none-eabi/9.3.1/../../../../arm-none-eabi/lib/thumb/v7e-m+dp/hard\libcr_c.a(printf.o)
 .comment       0x00000083       0x4d c:/nxp/mcuxpressoide_11.3.0_5222/ide/plugins/com.nxp.mcuxpresso.tools.win32_11.3.0.202008311133/tools/bin/../lib/gcc/arm-none-eabi/9.3.1/../../../../arm-none-eabi/lib/thumb/v7e-m+dp/hard\libcr_c.a(setvbuf.o)
 .comment       0x00000083       0x4d c:/nxp/mcuxpressoide_11.3.0_5222/ide/plugins/com.nxp.mcuxpresso.tools.win32_11.3.0.202008311133/tools/bin/../lib/gcc/arm-none-eabi/9.3.1/../../../../arm-none-eabi/lib/thumb/v7e-m+dp/hard\libcr_c.a(strlen.o)
 .comment       0x00000083       0x4d c:/nxp/mcuxpressoide_11.3.0_5222/ide/plugins/com.nxp.mcuxpresso.tools.win32_11.3.0.202008311133/tools/bin/../lib/gcc/arm-none-eabi/9.3.1/../../../../arm-none-eabi/lib/thumb/v7e-m+dp/hard\libcr_c.a(__init_alloc.o)
 .comment       0x00000083       0x4d c:/nxp/mcuxpressoide_11.3.0_5222/ide/plugins/com.nxp.mcuxpresso.tools.win32_11.3.0.202008311133/tools/bin/../lib/gcc/arm-none-eabi/9.3.1/../../../../arm-none-eabi/lib/thumb/v7e-m+dp/hard\libcr_c.a(_cr_sbrk.o)
 .comment       0x00000083       0x4d c:/nxp/mcuxpressoide_11.3.0_5222/ide/plugins/com.nxp.mcuxpresso.tools.win32_11.3.0.202008311133/tools/bin/../lib/gcc/arm-none-eabi/9.3.1/../../../../arm-none-eabi/lib/thumb/v7e-m+dp/hard\libcr_c.a(_deferredlazyseek.o)
 .comment       0x00000083       0x4d c:/nxp/mcuxpressoide_11.3.0_5222/ide/plugins/com.nxp.mcuxpresso.tools.win32_11.3.0.202008311133/tools/bin/../lib/gcc/arm-none-eabi/9.3.1/../../../../arm-none-eabi/lib/thumb/v7e-m+dp/hard\libcr_c.a(_fdopen.o)
 .comment       0x00000083       0x4d c:/nxp/mcuxpressoide_11.3.0_5222/ide/plugins/com.nxp.mcuxpresso.tools.win32_11.3.0.202008311133/tools/bin/../lib/gcc/arm-none-eabi/9.3.1/../../../../arm-none-eabi/lib/thumb/v7e-m+dp/hard\libcr_c.a(_fflush.o)
 .comment       0x00000083       0x4d c:/nxp/mcuxpressoide_11.3.0_5222/ide/plugins/com.nxp.mcuxpresso.tools.win32_11.3.0.202008311133/tools/bin/../lib/gcc/arm-none-eabi/9.3.1/../../../../arm-none-eabi/lib/thumb/v7e-m+dp/hard\libcr_c.a(_frexpl.o)
 .comment       0x00000083       0x4d c:/nxp/mcuxpressoide_11.3.0_5222/ide/plugins/com.nxp.mcuxpresso.tools.win32_11.3.0.202008311133/tools/bin/../lib/gcc/arm-none-eabi/9.3.1/../../../../arm-none-eabi/lib/thumb/v7e-m+dp/hard\libcr_c.a(_ldexpl.o)
 .comment       0x00000083       0x4d c:/nxp/mcuxpressoide_11.3.0_5222/ide/plugins/com.nxp.mcuxpresso.tools.win32_11.3.0.202008311133/tools/bin/../lib/gcc/arm-none-eabi/9.3.1/../../../../arm-none-eabi/lib/thumb/v7e-m+dp/hard\libcr_c.a(_writebuf.o)
 .comment       0x00000083       0x4d c:/nxp/mcuxpressoide_11.3.0_5222/ide/plugins/com.nxp.mcuxpresso.tools.win32_11.3.0.202008311133/tools/bin/../lib/gcc/arm-none-eabi/9.3.1/../../../../arm-none-eabi/lib/thumb/v7e-m+dp/hard\libcr_c.a(errno.o)
 .comment       0x00000083       0x4d c:/nxp/mcuxpressoide_11.3.0_5222/ide/plugins/com.nxp.mcuxpresso.tools.win32_11.3.0.202008311133/tools/bin/../lib/gcc/arm-none-eabi/9.3.1/../../../../arm-none-eabi/lib/thumb/v7e-m+dp/hard\libcr_c.a(fclose.o)
 .comment       0x00000083       0x4d c:/nxp/mcuxpressoide_11.3.0_5222/ide/plugins/com.nxp.mcuxpresso.tools.win32_11.3.0.202008311133/tools/bin/../lib/gcc/arm-none-eabi/9.3.1/../../../../arm-none-eabi/lib/thumb/v7e-m+dp/hard\libcr_c.a(fflush.o)
 .comment       0x00000083       0x4d c:/nxp/mcuxpressoide_11.3.0_5222/ide/plugins/com.nxp.mcuxpresso.tools.win32_11.3.0.202008311133/tools/bin/../lib/gcc/arm-none-eabi/9.3.1/../../../../arm-none-eabi/lib/thumb/v7e-m+dp/hard\libcr_c.a(fseek.o)
 .comment       0x00000083       0x4d c:/nxp/mcuxpressoide_11.3.0_5222/ide/plugins/com.nxp.mcuxpresso.tools.win32_11.3.0.202008311133/tools/bin/../lib/gcc/arm-none-eabi/9.3.1/../../../../arm-none-eabi/lib/thumb/v7e-m+dp/hard\libcr_c.a(ftell.o)
 .comment       0x00000083       0x4d c:/nxp/mcuxpressoide_11.3.0_5222/ide/plugins/com.nxp.mcuxpresso.tools.win32_11.3.0.202008311133/tools/bin/../lib/gcc/arm-none-eabi/9.3.1/../../../../arm-none-eabi/lib/thumb/v7e-m+dp/hard\libcr_c.a(remove.o)
 .comment       0x00000083       0x4d c:/nxp/mcuxpressoide_11.3.0_5222/ide/plugins/com.nxp.mcuxpresso.tools.win32_11.3.0.202008311133/tools/bin/../lib/gcc/arm-none-eabi/9.3.1/../../../../arm-none-eabi/lib/thumb/v7e-m+dp/hard\libcr_c.a(_cr_check_heap.o)
 .comment       0x00000083       0x4d c:/nxp/mcuxpressoide_11.3.0_5222/ide/plugins/com.nxp.mcuxpresso.tools.win32_11.3.0.202008311133/tools/bin/../lib/gcc/arm-none-eabi/9.3.1/../../../../arm-none-eabi/lib/thumb/v7e-m+dp/hard\libcr_c.a(_do_fflush.o)
 .comment       0x00000083       0x4d c:/nxp/mcuxpressoide_11.3.0_5222/ide/plugins/com.nxp.mcuxpresso.tools.win32_11.3.0.202008311133/tools/bin/../lib/gcc/arm-none-eabi/9.3.1/../../../../arm-none-eabi/lib/thumb/v7e-m+dp/hard\libcr_semihost_nf.a(__ciob.o)

.ARM.attributes
                0x00000000       0x3b
 .ARM.attributes
                0x00000000       0x37 ./xip/evkbimxrt1050_flexspi_nor_config.o
 .ARM.attributes
                0x00000037       0x37 ./xip/fsl_flexspi_nor_boot.o
 .ARM.attributes
                0x0000006e       0x32 ./startup/startup_mimxrt1052.o
 .ARM.attributes
                0x000000a0       0x32 ./source/main.o
 .ARM.attributes
                0x000000d2       0x32 ./source/semihost_hardfault.o
 .ARM.attributes
                0x00000104       0x32 ./source/timer.o
 .ARM.attributes
                0x00000136       0x32 ./glow/glow_bundle_utils.o
 .ARM.attributes
                0x00000168       0x32 ./drivers/fsl_clock.o
 .ARM.attributes
                0x0000019a       0x32 ./drivers/fsl_lpuart.o
 .ARM.attributes
                0x000001cc       0x32 ./device/system_MIMXRT1052.o
 .ARM.attributes
                0x000001fe       0x32 ./board/board.o
 .ARM.attributes
                0x00000230       0x32 ./board/clock_config.o
 .ARM.attributes
                0x00000262       0x37 ./board/dcd.o
 .ARM.attributes
                0x00000299       0x32 ./board/peripherals.o
 .ARM.attributes
                0x000002cb       0x32 ./board/pin_mux.o
 .ARM.attributes
                0x000002fd       0x43 C:/Users/NOTA0801/Documents/MCUXpressoIDE_11.3.0_5222/workspace/lenet_Pglow_2.9.0_1050_tutorial/source/lenet_mnist.o
 .ARM.attributes
                0x00000340       0x32 c:/nxp/mcuxpressoide_11.3.0_5222/ide/plugins/com.nxp.mcuxpresso.tools.win32_11.3.0.202008311133/tools/bin/../lib/gcc/arm-none-eabi/9.3.1/../../../../arm-none-eabi/lib/thumb/v7e-m+dp/hard\libcr_semihost_nf.a(_cr__main.o)
 .ARM.attributes
                0x00000372       0x32 c:/nxp/mcuxpressoide_11.3.0_5222/ide/plugins/com.nxp.mcuxpresso.tools.win32_11.3.0.202008311133/tools/bin/../lib/gcc/arm-none-eabi/9.3.1/../../../../arm-none-eabi/lib/thumb/v7e-m+dp/hard\libcr_c.a(memcpy.o)
 .ARM.attributes
                0x000003a4       0x32 c:/nxp/mcuxpressoide_11.3.0_5222/ide/plugins/com.nxp.mcuxpresso.tools.win32_11.3.0.202008311133/tools/bin/../lib/gcc/arm-none-eabi/9.3.1/../../../../arm-none-eabi/lib/thumb/v7e-m+dp/hard\libcr_c.a(memset.o)
 .ARM.attributes
                0x000003d6       0x32 c:/nxp/mcuxpressoide_11.3.0_5222/ide/plugins/com.nxp.mcuxpresso.tools.win32_11.3.0.202008311133/tools/bin/../lib/gcc/arm-none-eabi/9.3.1/../../../../arm-none-eabi/lib/thumb/v7e-m+dp/hard\libcr_c.a(alloc.o)
 .ARM.attributes
                0x00000408       0x32 c:/nxp/mcuxpressoide_11.3.0_5222/ide/plugins/com.nxp.mcuxpresso.tools.win32_11.3.0.202008311133/tools/bin/../lib/gcc/arm-none-eabi/9.3.1/../../../../arm-none-eabi/lib/thumb/v7e-m+dp/hard\libcr_c.a(exp.o)
 .ARM.attributes
                0x0000043a       0x32 c:/nxp/mcuxpressoide_11.3.0_5222/ide/plugins/com.nxp.mcuxpresso.tools.win32_11.3.0.202008311133/tools/bin/../lib/gcc/arm-none-eabi/9.3.1/../../../../arm-none-eabi/lib/thumb/v7e-m+dp/hard\libcr_c.a(fabs.o)
 .ARM.attributes