fsl_clock.h:839:20:CLOCK_EnableClock	24	static
fsl_debug_console.h:157:24:DbgConsole_Init	24	static
board.c:361:6:BOARD_SetFlexspiClock	16	static
board.c:289:6:BOARD_DeinitXip	16	static
board.c:299:6:BOARD_InitXip	32	static
fsl_flexspi.h:413:20:FLEXSPI_SoftwareReset	16	static
fsl_power.h:316:20:POWER_DisablePD	16	static
board.c:47:6:BOARD_InitDebugConsole	16	static
board.c:60:17:flexspi_hyper_ram_write_mcr	48	static
board.c:79:17:flexspi_hyper_ram_get_mcr	48	static
board.c:98:17:flexspi_hyper_ram_reset	40	static
board.c:124:10:BOARD_InitPsRam	424	static
board.c:390:6:BOARD_FlexspiClockSafeConfig	8	static
board.c:399:6:BOARD_I2C_Init	32	static
board.c:407:10:BOARD_I2C_Send	48	static
board.c:428:10:BOARD_I2C_Receive	48	static
board.c:535:6:BOARD_PMIC_I2C_Init	8	static
board.c:540:10:BOARD_PMIC_I2C_Send	32	static
board.c:547:10:BOARD_PMIC_I2C_Receive	32	static
board.c:553:6:BOARD_Accel_I2C_Init	8	static
board.c:558:10:BOARD_Accel_I2C_Send	40	static
board.c:565:10:BOARD_Accel_I2C_Receive	32	static
