core_cm7.h:1902:22:__NVIC_EnableIRQ	16	static
fsl_clock.h:1185:20:CLOCK_ControlGate	32	static
fsl_clock.h:1202:20:CLOCK_EnableClock	16	static
fsl_clock.h:1212:20:CLOCK_DisableClock	16	static
fsl_common.h:747:28:EnableIRQ	24	static
fsl_csi.h:472:20:CSI_Start	16	static
fsl_csi.h:483:20:CSI_Stop	16	static
fsl_csi.c:156:17:CSI_GetInstance	24	static
fsl_csi.c:175:16:CSI_TransferGetQueueDelta	24	static
fsl_csi.c:191:16:CSI_TransferIncreaseQueueIdx	24	static
fsl_csi.c:212:17:CSI_TransferGetEmptyBufferCount	16	static
fsl_csi.c:217:17:CSI_TransferGetEmptyBuffer	24	static
fsl_csi.c:228:13:CSI_TransferPutEmptyBuffer	24	static
fsl_csi.c:238:17:CSI_GetRxBufferAddr	24	static
fsl_csi.c:267:10:CSI_Init	32	static
fsl_csi.c:368:6:CSI_Deinit	24	static
fsl_csi.c:385:6:CSI_Reset	24	static
fsl_csi.c:442:6:CSI_GetDefaultConfig	16	static
fsl_csi.c:466:6:CSI_SetRxBufferAddr	24	static
fsl_csi.c:486:6:CSI_ClearFifo	24	static
fsl_csi.c:529:6:CSI_ReflashFifoDma	24	static
fsl_csi.c:558:6:CSI_EnableFifoDmaRequest	24	static
fsl_csi.c:588:6:CSI_EnableInterrupts	16	static
fsl_csi.c:601:6:CSI_DisableInterrupts	16	static
fsl_csi.c:622:10:CSI_TransferCreateHandle	32	static
fsl_csi.c:664:10:CSI_TransferStart	24	static
fsl_csi.c:716:10:CSI_TransferStop	24	static
fsl_csi.c:759:10:CSI_TransferSubmitEmptyBuffer	32	static
fsl_csi.c:791:10:CSI_TransferGetFullBuffer	40	static
fsl_csi.c:834:6:CSI_TransferHandleIRQ	40	static
fsl_csi.c:1387:6:CSI_DriverIRQHandler	8	static
