core_cm33.h:2127:22:__NVIC_EnableIRQ	16	static
fsl_clock.h:839:20:CLOCK_EnableClock	24	static
fsl_common.h:747:28:EnableIRQ	24	static
fsl_flexspi.h:413:20:FLEXSPI_SoftwareReset	16	static
fsl_flexspi.h:451:20:FLEXSPI_EnableInterrupts	16	static
fsl_flexspi.h:462:20:FLEXSPI_DisableInterrupts	16	static
fsl_flexspi.h:597:20:FLEXSPI_ClearInterruptStatusFlags	16	static
fsl_flexspi.h:666:20:FLEXSPI_GetBusIdleStatus	16	static
fsl_flexspi.c:110:10:FLEXSPI_GetInstance	24	static
fsl_flexspi.c:128:17:FLEXSPI_CalculateDll	40	static
fsl_flexspi.c:210:10:FLEXSPI_CheckAndClearError	24	static
fsl_flexspi.c:256:6:FLEXSPI_Init	24	static
fsl_flexspi.c:349:6:FLEXSPI_GetDefaultConfig	24	static
fsl_flexspi.c:403:6:FLEXSPI_Deinit	16	static
fsl_flexspi.c:416:6:FLEXSPI_UpdateDllValue	40	static
fsl_flexspi.c:467:6:FLEXSPI_SetFlashConfig	32	static
fsl_flexspi.c:554:6:FLEXSPI_UpdateLUT	32	static
fsl_flexspi.c:586:6:FLEXSPI_UpdateRxSampleClock	24	static
fsl_flexspi.c:615:10:FLEXSPI_WriteBlocking	40	static
fsl_flexspi.c:674:10:FLEXSPI_ReadBlocking	48	static
fsl_flexspi.c:761:10:FLEXSPI_TransferBlocking	24	static
fsl_flexspi.c:828:6:FLEXSPI_TransferCreateHandle	32	static
fsl_flexspi.c:869:10:FLEXSPI_TransferNonBlocking	32	static
fsl_flexspi.c:946:10:FLEXSPI_TransferGetCount	32	static
fsl_flexspi.c:973:6:FLEXSPI_TransferAbort	16	static
fsl_flexspi.c:987:6:FLEXSPI_TransferHandleIRQ	48	static
fsl_flexspi.c:1099:6:FLEXSPI_DriverIRQHandler	8	static
