fsl_clock.c:189:6:CLOCK_InitExternalClk	0	static
fsl_clock.c:213:6:CLOCK_DeinitExternalClk	0	static
fsl_clock.c:225:6:CLOCK_SwitchOsc	0	static
fsl_clock.c:240:6:CLOCK_InitRcOsc24M	0	static
fsl_clock.c:248:6:CLOCK_DeinitRcOsc24M	0	static
fsl_clock.c:488:6:CLOCK_EnableUsbhs0Clock	4	static
fsl_clock.c:515:6:CLOCK_EnableUsbhs1Clock	4	static
fsl_clock.c:540:6:CLOCK_EnableUsbhs0PhyPllClock	0	static
fsl_clock.c:564:6:CLOCK_DisableUsbhs0PhyPllClock	0	static
fsl_clock.c:577:6:CLOCK_InitArmPll	8	static
fsl_clock.c:598:6:CLOCK_DeinitArmPll	0	static
fsl_clock.c:610:6:CLOCK_InitSysPll	12	static
fsl_clock.c:640:6:CLOCK_DeinitSysPll	0	static
fsl_clock.c:652:6:CLOCK_InitUsb1Pll	8	static
fsl_clock.c:673:6:CLOCK_DeinitUsb1Pll	0	static
fsl_clock.c:685:6:CLOCK_InitUsb2Pll	8	static
fsl_clock.c:706:6:CLOCK_DeinitUsb2Pll	0	static
fsl_clock.c:718:6:CLOCK_InitAudioPll	8	static
fsl_clock.c:793:6:CLOCK_DeinitAudioPll	0	static
fsl_clock.c:805:6:CLOCK_InitVideoPll	4	static
fsl_clock.c:879:6:CLOCK_DeinitVideoPll	0	static
fsl_clock.c:891:6:CLOCK_InitEnetPll	8	static
fsl_clock.c:926:6:CLOCK_DeinitEnetPll	0	static
fsl_clock.c:939:10:CLOCK_GetPllFreq	32	static
fsl_clock.c:85:17:CLOCK_GetPeriphClkFreq	8	static
fsl_clock.c:312:10:CLOCK_GetPerClkFreq	8	static
fsl_clock.c:268:10:CLOCK_GetSemcFreq	8	static
fsl_clock.c:341:10:CLOCK_GetFreq	24	static
fsl_clock.c:444:10:CLOCK_GetClockRootFreq	312	static
fsl_clock.c:258:10:CLOCK_GetAhbFreq	8	static
fsl_clock.c:302:10:CLOCK_GetIpgFreq	8	static
fsl_clock.c:1157:6:CLOCK_InitSysPfd	8	static
fsl_clock.c:1180:6:CLOCK_DeinitSysPfd	0	static
fsl_clock.c:1195:6:CLOCK_InitUsb1Pfd	8	static
fsl_clock.c:1218:6:CLOCK_DeinitUsb1Pfd	0	static
fsl_clock.c:1231:10:CLOCK_GetSysPfdFreq	0	static
fsl_clock.c:1270:10:CLOCK_GetUsb1PfdFreq	0	static
fsl_clock.c:1310:6:CLOCK_EnableUsbhs1PhyPllClock	4	static
fsl_clock.c:1328:6:CLOCK_DisableUsbhs1PhyPllClock	0	static
fsl_clock.c:1340:6:CLOCK_SetClockOutput1	0	static
fsl_clock.c:1364:6:CLOCK_SetClockOutput2	0	static
fsl_clock.c:1388:10:CLOCK_GetClockOutCLKO1Freq	16	static
fsl_clock.c:1449:10:CLOCK_GetClockOutClkO2Freq	8	static
