fsl_lpi2c.c:2014:6:LPI2C_SlaveTransferHandleIRQ	24	static
fsl_lpi2c.c:1418:6:LPI2C_MasterTransferHandleIRQ	36	static
fsl_lpi2c.c:127:10:LPI2C_GetInstance	0	static
fsl_lpi2c.c:187:10:LPI2C_MasterCheckAndClearError	0	static
fsl_lpi2c.c:289:10:LPI2C_CheckForBusyBus	0	static
fsl_lpi2c.c:326:6:LPI2C_MasterGetDefaultConfig	8	static
fsl_lpi2c.c:449:6:LPI2C_MasterDeinit	0	static
fsl_lpi2c.c:474:6:LPI2C_MasterConfigureDataMatch	12	static
fsl_lpi2c.c:505:6:LPI2C_MasterSetBaudRate	48	static
fsl_lpi2c.c:359:6:LPI2C_MasterInit	24	static
fsl_lpi2c.c:644:10:LPI2C_MasterStart	8	static
fsl_lpi2c.c:681:10:LPI2C_MasterStop	0	static
fsl_lpi2c.c:742:10:LPI2C_MasterReceive	8	static
fsl_lpi2c.c:823:10:LPI2C_MasterSend	8	static
fsl_lpi2c.c:862:10:LPI2C_MasterTransferBlocking	48	static
fsl_lpi2c.c:973:6:LPI2C_MasterTransferCreateHandle	24	static
fsl_lpi2c.c:1270:10:LPI2C_MasterTransferNonBlocking	16	static
fsl_lpi2c.c:1325:10:LPI2C_MasterTransferGetCount	16	static
fsl_lpi2c.c:1393:6:LPI2C_MasterTransferAbort	8	static
fsl_lpi2c.c:1497:6:LPI2C_SlaveGetDefaultConfig	8	static
fsl_lpi2c.c:1533:6:LPI2C_SlaveInit	16	static
fsl_lpi2c.c:1589:6:LPI2C_SlaveDeinit	0	static
fsl_lpi2c.c:1656:10:LPI2C_SlaveSend	16	static
fsl_lpi2c.c:1743:10:LPI2C_SlaveReceive	16	static
fsl_lpi2c.c:1837:6:LPI2C_SlaveTransferCreateHandle	24	static
fsl_lpi2c.c:1894:10:LPI2C_SlaveTransferNonBlocking	24	static
fsl_lpi2c.c:1951:10:LPI2C_SlaveTransferGetCount	0	static
fsl_lpi2c.c:1986:6:LPI2C_SlaveTransferAbort	16	static
fsl_lpi2c.c:2200:6:LPI2C1_DriverIRQHandler	8	static
fsl_lpi2c.c:2209:6:LPI2C2_DriverIRQHandler	8	static
fsl_lpi2c.c:2218:6:LPI2C3_DriverIRQHandler	8	static
fsl_lpi2c.c:2227:6:LPI2C4_DriverIRQHandler	8	static
