startup_mimxrt685s.c:460:14:NMI_Handler	0	static
startup_mimxrt685s.c:464:14:HardFault_Handler	0	static
startup_mimxrt685s.c:468:14:MemManage_Handler	0	static
startup_mimxrt685s.c:472:14:BusFault_Handler	0	static
startup_mimxrt685s.c:476:14:UsageFault_Handler	0	static
startup_mimxrt685s.c:480:14:SecureFault_Handler	0	static
startup_mimxrt685s.c:484:14:SVC_Handler	0	static
startup_mimxrt685s.c:488:14:DebugMon_Handler	0	static
startup_mimxrt685s.c:492:14:PendSV_Handler	0	static
startup_mimxrt685s.c:496:14:SysTick_Handler	0	static
startup_mimxrt685s.c:350:6:data_init	8	static
startup_mimxrt685s.c:359:6:bss_init	0	static
startup_mimxrt685s.c:384:6:ResetISR	16	static
startup_mimxrt685s.c:504:14:IntDefaultHandler	0	static
startup_mimxrt685s.c:514:11:WDT0_IRQHandler	8	static
startup_mimxrt685s.c:518:11:DMA0_IRQHandler	8	static
startup_mimxrt685s.c:522:11:GPIO_INTA_IRQHandler	8	static
startup_mimxrt685s.c:526:11:GPIO_INTB_IRQHandler	8	static
startup_mimxrt685s.c:530:11:PIN_INT0_IRQHandler	8	static
startup_mimxrt685s.c:534:11:PIN_INT1_IRQHandler	8	static
startup_mimxrt685s.c:538:11:PIN_INT2_IRQHandler	8	static
startup_mimxrt685s.c:542:11:PIN_INT3_IRQHandler	8	static
startup_mimxrt685s.c:546:11:UTICK0_IRQHandler	8	static
startup_mimxrt685s.c:550:11:MRT0_IRQHandler	8	static
startup_mimxrt685s.c:554:11:CTIMER0_IRQHandler	8	static
startup_mimxrt685s.c:558:11:CTIMER1_IRQHandler	8	static
startup_mimxrt685s.c:562:11:SCT0_IRQHandler	8	static
startup_mimxrt685s.c:566:11:CTIMER3_IRQHandler	8	static
startup_mimxrt685s.c:570:11:FLEXCOMM0_IRQHandler	8	static
startup_mimxrt685s.c:574:11:FLEXCOMM1_IRQHandler	8	static
startup_mimxrt685s.c:578:11:FLEXCOMM2_IRQHandler	8	static
startup_mimxrt685s.c:582:11:FLEXCOMM3_IRQHandler	8	static
startup_mimxrt685s.c:586:11:FLEXCOMM4_IRQHandler	8	static
startup_mimxrt685s.c:590:11:FLEXCOMM5_IRQHandler	8	static
startup_mimxrt685s.c:594:11:FLEXCOMM14_IRQHandler	8	static
startup_mimxrt685s.c:598:11:FLEXCOMM15_IRQHandler	8	static
startup_mimxrt685s.c:602:11:ADC0_IRQHandler	8	static
startup_mimxrt685s.c:606:11:Reserved39_IRQHandler	8	static
startup_mimxrt685s.c:610:11:ACMP_IRQHandler	8	static
startup_mimxrt685s.c:614:11:DMIC0_IRQHandler	8	static
startup_mimxrt685s.c:618:11:Reserved42_IRQHandler	8	static
startup_mimxrt685s.c:622:11:HYPERVISOR_IRQHandler	8	static
startup_mimxrt685s.c:626:11:SECUREVIOLATION_IRQHandler	8	static
startup_mimxrt685s.c:630:11:HWVAD0_IRQHandler	8	static
startup_mimxrt685s.c:634:11:Reserved46_IRQHandler	8	static
startup_mimxrt685s.c:638:11:RNG_IRQHandler	8	static
startup_mimxrt685s.c:642:11:RTC_IRQHandler	8	static
startup_mimxrt685s.c:646:11:DSPWAKE_IRQHandler	8	static
startup_mimxrt685s.c:650:11:MU_A_IRQHandler	8	static
startup_mimxrt685s.c:654:11:PIN_INT4_IRQHandler	8	static
startup_mimxrt685s.c:658:11:PIN_INT5_IRQHandler	8	static
startup_mimxrt685s.c:662:11:PIN_INT6_IRQHandler	8	static
startup_mimxrt685s.c:666:11:PIN_INT7_IRQHandler	8	static
startup_mimxrt685s.c:670:11:CTIMER2_IRQHandler	8	static
startup_mimxrt685s.c:674:11:CTIMER4_IRQHandler	8	static
startup_mimxrt685s.c:678:11:OS_EVENT_IRQHandler	8	static
startup_mimxrt685s.c:682:11:FLEXSPI_IRQHandler	8	static
startup_mimxrt685s.c:686:11:FLEXCOMM6_IRQHandler	8	static
startup_mimxrt685s.c:690:11:FLEXCOMM7_IRQHandler	8	static
startup_mimxrt685s.c:694:11:USDHC0_IRQHandler	8	static
startup_mimxrt685s.c:698:11:USDHC1_IRQHandler	8	static
startup_mimxrt685s.c:702:11:SGPIO_INTA_IRQHandler	8	static
startup_mimxrt685s.c:706:11:SGPIO_INTB_IRQHandler	8	static
startup_mimxrt685s.c:710:11:I3C0_IRQHandler	8	static
startup_mimxrt685s.c:714:11:USB_IRQHandler	8	static
startup_mimxrt685s.c:718:11:USB_WAKEUP_IRQHandler	8	static
startup_mimxrt685s.c:722:11:WDT1_IRQHandler	8	static
startup_mimxrt685s.c:726:11:USBPHY_DCD_IRQHandler	8	static
startup_mimxrt685s.c:730:11:DMA1_IRQHandler	8	static
startup_mimxrt685s.c:734:11:PUF_IRQHandler	8	static
startup_mimxrt685s.c:738:11:POWERQUAD_IRQHandler	8	static
startup_mimxrt685s.c:742:11:CASPER_IRQHandler	8	static
startup_mimxrt685s.c:746:11:PMC_PMIC_IRQHandler	8	static
startup_mimxrt685s.c:750:11:HASHCRYPT_IRQHandler	8	static
