fsl_component_serial_manager.c:930:32:SerialManager_Read	32	static
fsl_component_serial_manager.c:242:32:SerialManager_StartWriting	8	static
fsl_component_serial_manager.c:514:13:SerialManager_Task.part.0	32	static
fsl_component_serial_manager.c:705:6:SerialManager_RxCallback	32	static
fsl_component_serial_manager.c:647:13:SerialManager_TxCallback	32	static
fsl_component_serial_manager.c:822:18:SerialManager_TimeDelay	0	static
fsl_component_serial_manager.c:829:32:SerialManager_Write	32	static
fsl_component_serial_manager.c:1066:25:SerialManager_Init	24	static
fsl_component_serial_manager.c:1217:25:SerialManager_Deinit	16	static
fsl_component_serial_manager.c:1284:25:SerialManager_OpenWriteHandle	16	static
fsl_component_serial_manager.c:1352:25:SerialManager_OpenReadHandle	24	static
fsl_component_serial_manager.c:1421:25:SerialManager_WriteBlocking	0	static
fsl_component_serial_manager.c:1430:25:SerialManager_ReadBlocking	16	static
fsl_component_serial_manager.c:1440:25:SerialManager_WriteNonBlocking	0	static
fsl_component_serial_manager.c:1447:25:SerialManager_ReadNonBlocking	16	static
fsl_component_serial_manager.c:1452:25:SerialManager_CancelWriting	16	static
fsl_component_serial_manager.c:1321:25:SerialManager_CloseWriteHandle	16	static
fsl_component_serial_manager.c:1562:25:SerialManager_CancelReading	16	static
fsl_component_serial_manager.c:1392:25:SerialManager_CloseReadHandle	16	static
fsl_component_serial_manager.c:1599:25:SerialManager_TryRead	16	static
fsl_component_serial_manager.c:1609:25:SerialManager_InstallTxCallback	0	static
fsl_component_serial_manager.c:1627:25:SerialManager_InstallRxCallback	0	static
fsl_component_serial_manager.c:1646:25:SerialManager_EnterLowpower	0	static
fsl_component_serial_manager.c:1685:25:SerialManager_ExitLowpower	0	static
