fsl_cache.c:46:10:CACHE64_GetInstance	0	static
fsl_cache.c:68:10:CACHE64_GetInstanceByAddr	0	static
fsl_cache.c:93:10:CACHE64_Init	0	static
fsl_cache.c:131:6:CACHE64_GetDefaultConfig	8	static
fsl_cache.c:169:6:CACHE64_InvalidateCache	0	static
fsl_cache.c:143:6:CACHE64_EnableCache	8	static
fsl_cache.c:193:6:CACHE64_InvalidateCacheByRange	16	static
fsl_cache.c:232:6:CACHE64_CleanCache	0	static
fsl_cache.c:156:6:CACHE64_DisableCache	8	static
fsl_cache.c:256:6:CACHE64_CleanCacheByRange	16	static
fsl_cache.c:295:6:CACHE64_CleanInvalidateCache	0	static
fsl_cache.c:321:6:CACHE64_CleanInvalidateCacheByRange	16	static
fsl_cache.c:360:6:CACHE64_EnableWriteBuffer	0	static
