fsl_clock.h:1032:24:CLOCK_GetOsc32KFreq	0	static
fsl_clock.h:1009:24:CLOCK_GetXtalInClkFreq	0	static
fsl_clock.c:53:6:CLOCK_AttachClk	0	static
fsl_clock.c:90:6:CLOCK_SetClkDiv	0	static
fsl_clock.c:121:10:CLOCK_GetFFroFreq	0	static
fsl_clock.c:143:10:CLOCK_GetSysPllFreq	16	static
fsl_clock.c:178:10:CLOCK_GetSysPfdFreq	8	static
fsl_clock.c:218:17:CLOCK_GetMainPllClkFreq	8	static
fsl_clock.c:226:17:CLOCK_GetAux0PllClkFreq	8	static
fsl_clock.c:230:17:CLOCK_GetAux1PllClkFreq	8	static
fsl_clock.c:238:10:CLOCK_GetAudioPllFreq	16	static
fsl_clock.c:273:10:CLOCK_GetAudioPfdFreq	8	static
fsl_clock.c:313:17:CLOCK_GetAudioPllClkFreq	8	static
fsl_clock.c:321:10:CLOCK_GetMainClkFreq	8	static
fsl_clock.c:371:10:CLOCK_GetDspMainClkFreq	8	static
fsl_clock.c:421:10:CLOCK_GetAdcClkFreq	8	static
fsl_clock.c:471:10:CLOCK_GetClockOutClkFreq	8	static
fsl_clock.c:539:10:CLOCK_GetFRGClock	24	static
fsl_clock.c:601:10:CLOCK_GetFlexCommClkFreq	0	static
fsl_clock.c:657:10:CLOCK_GetCtimerClkFreq	0	static
fsl_clock.c:698:10:CLOCK_GetFlexspiClkFreq	8	static
fsl_clock.c:736:10:CLOCK_GetSctClkFreq	8	static
fsl_clock.c:777:10:CLOCK_GetMclkClkFreq	8	static
fsl_clock.c:801:10:CLOCK_GetWdtClkFreq	0	static
fsl_clock.c:836:10:CLOCK_GetSystickClkFreq	8	static
fsl_clock.c:870:10:CLOCK_GetSdioClkFreq	8	static
fsl_clock.c:922:10:CLOCK_GetI3cClkFreq	8	static
fsl_clock.c:947:10:CLOCK_GetUsbClkFreq	8	static
fsl_clock.c:970:10:CLOCK_GetDmicClkFreq	8	static
fsl_clock.c:1011:10:CLOCK_GetAcmpClkFreq	8	static
fsl_clock.c:1049:10:CLOCK_GetFreq	8	static
fsl_clock.c:1146:6:CLOCK_SetFRGClock	0	static
fsl_clock.c:1182:6:CLOCK_EnableFfroClk	32	static
fsl_clock.c:1227:6:CLOCK_EnableSfroClk	16	static
fsl_clock.c:1247:6:CLOCK_InitSysPll	8	static
fsl_clock.c:1310:6:CLOCK_InitSysPfd	8	static
fsl_clock.c:1335:6:CLOCK_InitAudioPll	8	static
fsl_clock.c:1399:6:CLOCK_InitAudioPfd	8	static
fsl_clock.c:1425:6:CLOCK_EnableSysOscClk	0	static
fsl_clock.c:1444:6:CLOCK_EnableUsbhsDeviceClock	0	static
fsl_clock.c:1456:6:CLOCK_EnableUsbhsHostClock	0	static
fsl_clock.c:1471:6:CLOCK_EnableUsbHs0PhyPllClock	0	static
