fsl_flexspi.h:413:20:FLEXSPI_SoftwareReset	0	static
fsl_flexspi.h:666:20:FLEXSPI_GetBusIdleStatus	0	static
fsl_flexspi.c:110:10:FLEXSPI_GetInstance	0	static
fsl_flexspi.c:210:10:FLEXSPI_CheckAndClearError	0	static
fsl_flexspi.c:987:6:FLEXSPI_TransferHandleIRQ	24	static
fsl_flexspi.c:256:6:FLEXSPI_Init	24	static
fsl_flexspi.c:349:6:FLEXSPI_GetDefaultConfig	16	static
fsl_flexspi.c:403:6:FLEXSPI_Deinit	0	static
fsl_flexspi.c:416:6:FLEXSPI_UpdateDllValue	8	static
fsl_flexspi.c:467:6:FLEXSPI_SetFlashConfig	24	static
fsl_flexspi.c:554:6:FLEXSPI_UpdateLUT	16	static
fsl_flexspi.c:586:6:FLEXSPI_UpdateRxSampleClock	8	static
fsl_flexspi.c:615:10:FLEXSPI_WriteBlocking	32	static
fsl_flexspi.c:674:10:FLEXSPI_ReadBlocking	32	static
fsl_flexspi.c:761:10:FLEXSPI_TransferBlocking	16	static
fsl_flexspi.c:828:6:FLEXSPI_TransferCreateHandle	24	static
fsl_flexspi.c:869:10:FLEXSPI_TransferNonBlocking	20	static
fsl_flexspi.c:946:10:FLEXSPI_TransferGetCount	0	static
fsl_flexspi.c:973:6:FLEXSPI_TransferAbort	0	static
fsl_flexspi.c:1099:6:FLEXSPI_DriverIRQHandler	0	static
