Archive member included to satisfy reference by file (symbol)

c:/nxp/mcuxpressoide_11.3.0_5222/ide/plugins/com.nxp.mcuxpresso.tools.win32_11.3.0.202008311133/tools/bin/../lib/gcc/arm-none-eabi/9.3.1/../../../../arm-none-eabi/lib/thumb/v8-m.main+fp/hard\libcr_semihost_nf.a(_cr__main.o)
                              ./MIMXRT685S/mcuxpresso/startup_mimxrt685s.o (__main)
c:/nxp/mcuxpressoide_11.3.0_5222/ide/plugins/com.nxp.mcuxpresso.tools.win32_11.3.0.202008311133/tools/bin/../lib/gcc/arm-none-eabi/9.3.1/../../../../arm-none-eabi/lib/thumb/v8-m.main+fp/hard\libcr_c.a(memcpy.o)
                              ./utilities/fsl_str.o (memcpy)
c:/nxp/mcuxpressoide_11.3.0_5222/ide/plugins/com.nxp.mcuxpresso.tools.win32_11.3.0.202008311133/tools/bin/../lib/gcc/arm-none-eabi/9.3.1/../../../../arm-none-eabi/lib/thumb/v8-m.main+fp/hard\libcr_c.a(memset.o)
                              ./rpmsg_lite/env/freertos/rpmsg_env_freertos.o (memset)
c:/nxp/mcuxpressoide_11.3.0_5222/ide/plugins/com.nxp.mcuxpresso.tools.win32_11.3.0.202008311133/tools/bin/../lib/gcc/arm-none-eabi/9.3.1/../../../../arm-none-eabi/lib/thumb/v8-m.main+fp/hard\libcr_c.a(alloc.o)
                              ./glow_utils/glow_bundle_utils.o (malloc)
c:/nxp/mcuxpressoide_11.3.0_5222/ide/plugins/com.nxp.mcuxpresso.tools.win32_11.3.0.202008311133/tools/bin/../lib/gcc/arm-none-eabi/9.3.1/../../../../arm-none-eabi/lib/thumb/v8-m.main+fp/hard\libcr_c.a(errno.o)
                              ./utilities/fsl_str.o (errno)
c:/nxp/mcuxpressoide_11.3.0_5222/ide/plugins/com.nxp.mcuxpresso.tools.win32_11.3.0.202008311133/tools/bin/../lib/gcc/arm-none-eabi/9.3.1/../../../../arm-none-eabi/lib/thumb/v8-m.main+fp/hard\libcr_c.a(exp.o)
                              ./glow_utils/glow_bundle_utils.o (exp)
c:/nxp/mcuxpressoide_11.3.0_5222/ide/plugins/com.nxp.mcuxpresso.tools.win32_11.3.0.202008311133/tools/bin/../lib/gcc/arm-none-eabi/9.3.1/../../../../arm-none-eabi/lib/thumb/v8-m.main+fp/hard\libcr_c.a(fabs.o)
                              c:/nxp/mcuxpressoide_11.3.0_5222/ide/plugins/com.nxp.mcuxpresso.tools.win32_11.3.0.202008311133/tools/bin/../lib/gcc/arm-none-eabi/9.3.1/../../../../arm-none-eabi/lib/thumb/v8-m.main+fp/hard\libcr_c.a(exp.o) (fabs)
c:/nxp/mcuxpressoide_11.3.0_5222/ide/plugins/com.nxp.mcuxpresso.tools.win32_11.3.0.202008311133/tools/bin/../lib/gcc/arm-none-eabi/9.3.1/../../../../arm-none-eabi/lib/thumb/v8-m.main+fp/hard\libcr_c.a(fpprintf.o)
                              ./utilities/fsl_assert.o (printf)
c:/nxp/mcuxpressoide_11.3.0_5222/ide/plugins/com.nxp.mcuxpresso.tools.win32_11.3.0.202008311133/tools/bin/../lib/gcc/arm-none-eabi/9.3.1/../../../../arm-none-eabi/lib/thumb/v8-m.main+fp/hard\libcr_c.a(initio.o)
                              c:/nxp/mcuxpressoide_11.3.0_5222/ide/plugins/com.nxp.mcuxpresso.tools.win32_11.3.0.202008311133/tools/bin/../lib/gcc/arm-none-eabi/9.3.1/../../../../arm-none-eabi/lib/thumb/v8-m.main+fp/hard\libcr_semihost_nf.a(_cr__main.o) (_initio)
c:/nxp/mcuxpressoide_11.3.0_5222/ide/plugins/com.nxp.mcuxpresso.tools.win32_11.3.0.202008311133/tools/bin/../lib/gcc/arm-none-eabi/9.3.1/../../../../arm-none-eabi/lib/thumb/v8-m.main+fp/hard\libcr_c.a(ldexp.o)
                              c:/nxp/mcuxpressoide_11.3.0_5222/ide/plugins/com.nxp.mcuxpresso.tools.win32_11.3.0.202008311133/tools/bin/../lib/gcc/arm-none-eabi/9.3.1/../../../../arm-none-eabi/lib/thumb/v8-m.main+fp/hard\libcr_c.a(exp.o) (ldexp)
c:/nxp/mcuxpressoide_11.3.0_5222/ide/plugins/com.nxp.mcuxpresso.tools.win32_11.3.0.202008311133/tools/bin/../lib/gcc/arm-none-eabi/9.3.1/../../../../arm-none-eabi/lib/thumb/v8-m.main+fp/hard\libcr_c.a(modf.o)
                              ./utilities/fsl_str.o (modf)
c:/nxp/mcuxpressoide_11.3.0_5222/ide/plugins/com.nxp.mcuxpresso.tools.win32_11.3.0.202008311133/tools/bin/../lib/gcc/arm-none-eabi/9.3.1/../../../../arm-none-eabi/lib/thumb/v8-m.main+fp/hard\libcr_c.a(pow.o)
                              ./utilities/fsl_str.o (pow)
c:/nxp/mcuxpressoide_11.3.0_5222/ide/plugins/com.nxp.mcuxpresso.tools.win32_11.3.0.202008311133/tools/bin/../lib/gcc/arm-none-eabi/9.3.1/../../../../arm-none-eabi/lib/thumb/v8-m.main+fp/hard\libcr_c.a(printf.o)
                              c:/nxp/mcuxpressoide_11.3.0_5222/ide/plugins/com.nxp.mcuxpresso.tools.win32_11.3.0.202008311133/tools/bin/../lib/gcc/arm-none-eabi/9.3.1/../../../../arm-none-eabi/lib/thumb/v8-m.main+fp/hard\libcr_c.a(fpprintf.o) (__vfprintf)
c:/nxp/mcuxpressoide_11.3.0_5222/ide/plugins/com.nxp.mcuxpresso.tools.win32_11.3.0.202008311133/tools/bin/../lib/gcc/arm-none-eabi/9.3.1/../../../../arm-none-eabi/lib/thumb/v8-m.main+fp/hard\libcr_c.a(scanf.o)
                              ./utilities/fsl_str.o (strtod)
c:/nxp/mcuxpressoide_11.3.0_5222/ide/plugins/com.nxp.mcuxpresso.tools.win32_11.3.0.202008311133/tools/bin/../lib/gcc/arm-none-eabi/9.3.1/../../../../arm-none-eabi/lib/thumb/v8-m.main+fp/hard\libcr_c.a(setvbuf.o)
[...]
Memory Configuration

Name             Origin             Length             Attributes
QSPI_FLASH       0x08000000         0x01000000         xr
SRAM             0x00010000         0x002f0000         xrw
USB_RAM          0x40140000         0x00004000         xrw
*default*        0x00000000         0xffffffff

Linker script and memory map

LOAD ./utilities/fsl_assert.o
LOAD ./utilities/fsl_debug_console.o
LOAD ./utilities/fsl_str.o
LOAD ./source/incbin.o
LOAD ./source/main_cm33.o
LOAD ./source/semihost_hardfault.o
LOAD ./rpmsg_lite/porting/rpmsg_platform.o
LOAD ./rpmsg_lite/env/freertos/rpmsg_env_freertos.o
LOAD ./rpmsg_lite/env/freertos/rpmsg_queue.o
LOAD ./rpmsg_lite/llist.o
LOAD ./rpmsg_lite/rpmsg_lite.o
LOAD ./rpmsg_lite/rpmsg_ns.o
LOAD ./rpmsg_lite/virtqueue.o
LOAD ./pmic_driver/fsl_pca9420.o
LOAD ./nn/dsp_nn.o
LOAD ./glow_utils/glow_bundle_utils.o
LOAD ./freertos/freertos_kernel/portable/MemMang/heap_4.o
LOAD ./freertos/freertos_kernel/portable/GCC/ARM_CM33_NTZ/non_secure/port.o
LOAD ./freertos/freertos_kernel/portable/GCC/ARM_CM33_NTZ/non_secure/portasm.o
LOAD ./freertos/freertos_kernel/croutine.o
LOAD ./freertos/freertos_kernel/event_groups.o
LOAD ./freertos/freertos_kernel/list.o
LOAD ./freertos/freertos_kernel/queue.o
LOAD ./freertos/freertos_kernel/stream_buffer.o
LOAD ./freertos/freertos_kernel/tasks.o
LOAD ./freertos/freertos_kernel/timers.o
LOAD ./flash_config/flash_config.o
LOAD ./drivers/fsl_cache.o
LOAD ./drivers/fsl_clock.o
LOAD ./drivers/fsl_common.o
LOAD ./drivers/fsl_dma.o
LOAD ./drivers/fsl_dsp.o
LOAD ./drivers/fsl_flexcomm.o
LOAD ./drivers/fsl_flexspi.o
LOAD ./drivers/fsl_gpio.o
LOAD ./drivers/fsl_i2c.o
LOAD ./drivers/fsl_i3c.o
LOAD ./drivers/fsl_inputmux.o
LOAD ./drivers/fsl_mu.o
LOAD ./drivers/fsl_power.o
LOAD ./drivers/fsl_reset.o
LOAD ./drivers/fsl_usart.o
LOAD ./component/uart/fsl_adapter_usart.o
LOAD ./component/serial_manager/fsl_component_serial_manager.o
LOAD ./component/serial_manager/fsl_component_serial_port_uart.o
LOAD ./component/lists/fsl_component_generic_list.o
LOAD ./board/board.o
LOAD ./board/clock_config.o
LOAD ./board/counter.o
LOAD ./board/dsp_ipc.o
LOAD ./board/dsp_nn_utils.o
LOAD ./board/dsp_support.o
LOAD ./board/pin_mux.o
LOAD ./board/pmic_support.o
LOAD ./MIMXRT685S/mcuxpresso/startup_mimxrt685s.o
LOAD ./MIMXRT685S/system_MIMXRT685S_cm33.o
LOAD C:/Users/NOTA0801/Documents/MCUXpressoIDE_11.3.0_5222/workspace/lenet_Eglow_2.9.0_685_tutorial_re/glow_bundle/Lenet_mnist.o
START GROUP
LOAD c:/nxp/mcuxpressoide_11.3.0_5222/ide/plugins/com.nxp.mcuxpresso.tools.win32_11.3.0.202008311133/tools/bin/../lib/gcc/arm-none-eabi/9.3.1/../../../../arm-none-eabi/lib/thumb/v8-m.main+fp/hard\libcr_semihost_nf.a
LOAD c:/nxp/mcuxpressoide_11.3.0_5222/ide/plugins/com.nxp.mcuxpresso.tools.win32_11.3.0.202008311133/tools/bin/../lib/gcc/arm-none-eabi/9.3.1/../../../../arm-none-eabi/lib/thumb/v8-m.main+fp/hard\libcr_c.a
LOAD c:/nxp/mcuxpressoide_11.3.0_5222/ide/plugins/com.nxp.mcuxpresso.tools.win32_11.3.0.202008311133/tools/bin/../lib/gcc/arm-none-eabi/9.3.1/thumb/v8-m.main+fp/hard\libcr_eabihelpers.a
LOAD c:/nxp/mcuxpressoide_11.3.0_5222/ide/plugins/com.nxp.mcuxpresso.tools.win32_11.3.0.202008311133/tools/bin/../lib/gcc/arm-none-eabi/9.3.1/thumb/v8-m.main+fp/hard\libgcc.a
END GROUP
                0x08000000                __base_QSPI_FLASH = 0x8000000
                0x08000000                __base_Flash = 0x8000000
                0x09000000                __top_QSPI_FLASH = 0x9000000
                0x09000000                __top_Flash = 0x9000000
                0x00010000                __base_SRAM = 0x10000
                0x00010000                __base_RAM = 0x10000
                0x00300000                __top_SRAM = 0x300000
                0x00300000                __top_RAM = 0x300000
                0x40140000                __base_USB_RAM = 0x40140000
                0x40140000                __base_RAM2 = 0x40140000
                0x40144000                __top_USB_RAM = 0x40144000
                0x40144000                __top_RAM2 = 0x40144000

.boot_hdr       0x08000000     0x1000
 FILL mask 0x00
                0x08000000                __boot_hdr_start__ = ABSOLUTE (.)
                0x00000400                . = 0x400
 *fill*         0x08000000      0x400 00
                0x08000400                __flash_conf_hdr_start__ = ABSOLUTE (.)
 *(SORT_BY_ALIGNMENT(.flash_conf))
 .flash_conf    0x08000400      0x200 ./flash_config/flash_config.o
                0x08000400                flexspi_config
                0x08000600                __flash_conf_hdr_end__ = ABSOLUTE (.)
                0x00001000                . = 0x1000
 *fill*         0x08000600      0xa00 00
                0x08001000                __boot_hdr_end__ = ABSOLUTE (.)

.text           0x08001000     0x8600
 FILL mask 0xff
                0x08001000                __vectors_start__ = ABSOLUTE (.)
 *(SORT_BY_ALIGNMENT(.isr_vector))
 .isr_vector    0x08001000      0x130 ./MIMXRT685S/mcuxpresso/startup_mimxrt685s.o
                0x08001000                g_pfnVectors
                0x08001000                __Vectors
                0x08001130                . = ALIGN (0x4)
                0x08001130                __section_table_start = .
                0x08001130                __data_section_table = .
                0x08001130        0x4 LONG 0x8009608 LOADADDR (.data)
                0x08001134        0x4 LONG 0x10000 ADDR (.data)
                0x08001138        0x4 LONG 0x6b08c SIZEOF (.data)
                0x0800113c        0x4 LONG 0x8009608 LOADADDR (.data_RAM2)
                0x08001140        0x4 LONG 0x40140000 ADDR (.data_RAM2)
                0x08001144        0x4 LONG 0x0 SIZEOF (.data_RAM2)
                0x08001148                __data_section_table_end = .
                0x08001148                __bss_section_table = .
                0x08001148        0x4 LONG 0x7b0c0 ADDR (.bss)
                0x0800114c        0x4 LONG 0x61c8 SIZEOF (.bss)
                0x08001150        0x4 LONG 0x40140000 ADDR (.bss_RAM2)
                0x08001154        0x4 LONG 0x0 SIZEOF (.bss_RAM2)
                0x08001158                __bss_section_table_end = .
                0x08001158                __section_table_end = .
 *(SORT_BY_ALIGNMENT(.after_vectors*))
 .after_vectors.reset
                0x08001158       0x6c ./MIMXRT685S/mcuxpresso/startup_mimxrt685s.o
                0x08001158                ResetISR
 .after_vectors.init_data
                0x080011c4       0x1e ./MIMXRT685S/mcuxpresso/startup_mimxrt685s.o
                0x080011c4                data_init
 .after_vectors.init_bss
                0x080011e2       0x12 ./MIMXRT685S/mcuxpresso/startup_mimxrt685s.o
                0x080011e2                bss_init
 .after_vectors
                0x080011f4       0x16 ./MIMXRT685S/mcuxpresso/startup_mimxrt685s.o
                0x080011f4                NMI_Handler
                0x080011f8                MemManage_Handler
                0x080011fa                BusFault_Handler
                0x080011fc                UsageFault_Handler
                0x080011fe                SecureFault_Handler
                0x08001202                DebugMon_Handler
                0x08001208                PMC_PMIC_DriverIRQHandler
                0x08001208                CASPER_DriverIRQHandler
                0x08001208                PIN_INT3_DriverIRQHandler
                0x08001208                PIN_INT2_DriverIRQHandler
                0x08001208                GPIO_INTB_DriverIRQHandler
                0x08001208                PIN_INT0_DriverIRQHandler
                0x08001208                CTIMER2_DriverIRQHandler
                0x08001208                DSPWAKE_DriverIRQHandler
                0x08001208                SECUREVIOLATION_DriverIRQHandler
                0x08001208                IntDefaultHandler
                0x08001208                MRT0_DriverIRQHandler
                0x08001208                UTICK0_DriverIRQHandler
                0x08001208                DMIC0_DriverIRQHandler
                0x08001208                USDHC1_DriverIRQHandler
                0x08001208                PIN_INT4_DriverIRQHandler
                0x08001208                PIN_INT5_DriverIRQHandler
                0x08001208                USDHC0_DriverIRQHandler
                0x08001208                SGPIO_INTA_DriverIRQHandler
                0x08001208                CTIMER4_DriverIRQHandler
                0x08001208                PIN_INT7_DriverIRQHandler
                0x08001208                HASHCRYPT_DriverIRQHandler
                0x08001208                POWERQUAD_DriverIRQHandler
                0x08001208                CTIMER0_DriverIRQHandler
                0x08001208                CTIMER1_DriverIRQHandler
                0x08001208                Reserved42_DriverIRQHandler
                0x08001208                PIN_INT6_DriverIRQHandler
                0x08001208                SGPIO_INTB_DriverIRQHandler
                0x08001208                PIN_INT1_DriverIRQHandler
                0x08001208                CTIMER3_DriverIRQHandler
                0x08001208                HWVAD0_DriverIRQHandler
                0x08001208                GPIO_INTA_DriverIRQHandler
                0x08001208                PUF_DriverIRQHandler
                0x08001208                RTC_DriverIRQHandler
                0x08001208                USBPHY_DCD_DriverIRQHandler
                0x08001208                Reserved39_DriverIRQHandler
                0x08001208                MU_A_DriverIRQHandler
                0x08001208                ADC0_DriverIRQHandler
                0x08001208                WDT0_DriverIRQHandler
                0x08001208                ACMP_DriverIRQHandler
                0x08001208                RNG_DriverIRQHandler
                0x08001208                Reserved46_DriverIRQHandler
                0x08001208                USB_WAKEUP_DriverIRQHandler
                0x08001208                WDT1_DriverIRQHandler
                0x08001208                SCT0_DriverIRQHandler
                0x08001208                HYPERVISOR_DriverIRQHandler
                0x08001208                OS_EVENT_DriverIRQHandler
                0x08001208                USB_DriverIRQHandler
 *(SORT_BY_ALIGNMENT(.text*))
 *fill*         0x0800120a        0x6 ff
 .text.vRestoreContextOfFirstTask
                0x08001210       0x28 ./freertos/freertos_kernel/portable/GCC/ARM_CM33_NTZ/non_secure/portasm.o
                0x08001210                vRestoreContextOfFirstTask
 *fill*         0x08001238        0x8 ff
 .text.PendSV_Handler
                0x08001240       0x68 ./freertos/freertos_kernel/portable/GCC/ARM_CM33_NTZ/non_secure/portasm.o
                0x08001240                PendSV_Handler
 *fill*         0x080012a8        0x8 ff
 .text.SVC_Handler
                0x080012b0       0x28 ./freertos/freertos_kernel/portable/GCC/ARM_CM33_NTZ/non_secure/portasm.o
                0x080012b0                SVC_Handler
 .text.exp      0x080012d8      0x1e0 c:/nxp/mcuxpressoide_11.3.0_5222/ide/plugins/com.nxp.mcuxpresso.tools.win32_11.3.0.202008311133/tools/bin/../lib/gcc/arm-none-eabi/9.3.1/../../../../arm-none-eabi/lib/thumb/v8-m.main+fp/hard\libcr_c.a(exp.o)
                0x080012d8                exp
 .text.fp_display
                0x080014b8      0x964 c:/nxp/mcuxpressoide_11.3.0_5222/ide/plugins/com.nxp.mcuxpresso.tools.win32_11.3.0.202008311133/tools/bin/../lib/gcc/arm-none-eabi/9.3.1/../../../../arm-none-eabi/lib/thumb/v8-m.main+fp/hard\libcr_c.a(fpprintf.o)
 *fill*         0x08001e1c        0x4 ff
 .text.ldexp    0x08001e20       0x5c c:/nxp/mcuxpressoide_11.3.0_5222/ide/plugins/com.nxp.mcuxpresso.tools.win32_11.3.0.202008311133/tools/bin/../lib/gcc/arm-none-eabi/9.3.1/../../../../arm-none-eabi/lib/thumb/v8-m.main+fp/hard\libcr_c.a(ldexp.o)
                0x08001e20                ldexp
 *fill*         0x08001e7c        0x4 ff
 .text._frexpl  0x08001e80       0x68 c:/nxp/mcuxpressoide_11.3.0_5222/ide/plugins/com.nxp.mcuxpresso.tools.win32_11.3.0.202008311133/tools/bin/../lib/gcc/arm-none-eabi/9.3.1/../../../../arm-none-eabi/lib/thumb/v8-m.main+fp/hard\libcr_c.a(_frexpl.o)
                0x08001e80                _frexpl
 .text._ldexpl  0x08001ee8       0x5c c:/nxp/mcuxpressoide_11.3.0_5222/ide/plugins/com.nxp.mcuxpresso.tools.win32_11.3.0.202008311133/tools/bin/../lib/gcc/arm-none-eabi/9.3.1/../../../../arm-none-eabi/lib/thumb/v8-m.main+fp/hard\libcr_c.a(_ldexpl.o)
                0x08001ee8                _ldexpl
 .text.__assertion_failed
                0x08001f44       0x18 ./utilities/fsl_assert.o
                0x08001f44                __assertion_failed
 .text.main     0x08001f5c      0x1a8 ./source/main_cm33.o
                0x08001f5c                main
 .text.MU_GetStatusFlags
                0x08002104       0x20 ./rpmsg_lite/porting/rpmsg_platform.o
 .text.MU_A_IRQHandler
                0x08002124       0x4c ./rpmsg_lite/porting/rpmsg_platform.o
                0x08002124                MU_A_IRQHandler
 .text.env_isr  0x08002170       0x38 ./rpmsg_lite/env/freertos/rpmsg_env_freertos.o
                0x08002170                env_isr
 .text.prvSetupFPU
                0x080021a8       0x30 ./freertos/freertos_kernel/portable/GCC/ARM_CM33_NTZ/non_secure/port.o
 .text.SysTick_Handler
                0x080021d8       0x30 ./freertos/freertos_kernel/portable/GCC/ARM_CM33_NTZ/non_secure/port.o
                0x080021d8                SysTick_Handler
 .text.xTaskIncrementTick
                0x08002208      0x144 ./freertos/freertos_kernel/tasks.o
                0x08002208                xTaskIncrementTick
 .text.vTaskSwitchContext
                0x0800234c       0xa8 ./freertos/freertos_kernel/tasks.o
                0x0800234c                vTaskSwitchContext
 .text.prvResetNextTaskUnblockTime
                0x080023f4       0x40 ./freertos/freertos_kernel/tasks.o
 .text.CLOCK_GetSFroFreq
                0x08002434       0x14 ./drivers/fsl_clock.o
 .text.CLOCK_GetXtalInClkFreq
                0x08002448       0x3c ./drivers/fsl_clock.o
 .text.CLOCK_GetMclkInClkFreq
                0x08002484       0x18 ./drivers/fsl_clock.o
 .text.CLOCK_GetLpOscFreq
                0x0800249c       0x14 ./drivers/fsl_clock.o
 .text.CLOCK_GetOsc32KFreq
                0x080024b0       0x28 ./drivers/fsl_clock.o
 .text.CLOCK_GetFFroFreq
                0x080024d8       0x4c ./drivers/fsl_clock.o
                0x080024d8                CLOCK_GetFFroFreq
 .text.CLOCK_GetSysPllFreq
                0x08002524       0xb8 ./drivers/fsl_clock.o
                0x08002524                CLOCK_GetSysPllFreq
 .text.CLOCK_GetSysPfdFreq
                0x080025dc      0x208 ./drivers/fsl_clock.o
                0x080025dc                CLOCK_GetSysPfdFreq
 .text.CLOCK_GetMainPllClkFreq
                0x080027e4       0x24 ./drivers/fsl_clock.o
 .text.CLOCK_GetAudioPllFreq
                0x08002808       0xbc ./drivers/fsl_clock.o
                0x08002808                CLOCK_GetAudioPllFreq
 .text.CLOCK_GetAudioPfdFreq
                0x080028c4      0x208 ./drivers/fsl_clock.o
                0x080028c4                CLOCK_GetAudioPfdFreq
 .text.CLOCK_GetAudioPllClkFreq
                0x08002acc       0x24 ./drivers/fsl_clock.o
 .text.CLOCK_GetMainClkFreq
                0x08002af0       0xac ./drivers/fsl_clock.o
                0x08002af0                CLOCK_GetMainClkFreq
 .text.CLOCK_GetFRGClock
                0x08002b9c      0x160 ./drivers/fsl_clock.o
                0x08002b9c                CLOCK_GetFRGClock
 .text.CLOCK_GetFlexCommClkFreq
                0x08002cfc       0xb4 ./drivers/fsl_clock.o
                0x08002cfc                CLOCK_GetFlexCommClkFreq
 .text.CLOCK_SetFRGClock
                0x08002db0       0xcc ./drivers/fsl_clock.o
                0x08002db0                CLOCK_SetFRGClock
 .text.CLOCK_EnableFfroClk
                0x08002e7c      0x134 ./drivers/fsl_clock.o
                0x08002e7c                CLOCK_EnableFfroClk
 .text.CLOCK_EnableSfroClk
                0x08002fb0       0x84 ./drivers/fsl_clock.o
                0x08002fb0                CLOCK_EnableSfroClk
 .text.CLOCK_InitSysPll
                0x08003034      0x18c ./drivers/fsl_clock.o
                0x08003034                CLOCK_InitSysPll
 .text.CLOCK_InitSysPfd
                0x080031c0       0x94 ./drivers/fsl_clock.o
                0x080031c0                CLOCK_InitSysPfd
 .text.CLOCK_InitAudioPll
                0x08003254      0x18c ./drivers/fsl_clock.o
                0x08003254                CLOCK_InitAudioPll
 .text.CLOCK_InitAudioPfd
                0x080033e0       0x94 ./drivers/fsl_clock.o
                0x080033e0                CLOCK_InitAudioPfd
 .text.CLOCK_EnableSysOscClk
                0x08003474       0x5c ./drivers/fsl_clock.o
                0x08003474                CLOCK_EnableSysOscClk
 .text.SDK_DelayAtLeastUs
                0x080034d0       0x90 ./drivers/fsl_common.o
                0x080034d0                SDK_DelayAtLeastUs
 .text.DMA_GetInstance
                0x08003560       0x4c ./drivers/fsl_dma.o
 .text.DMA_IRQHandle
                0x080035ac      0x168 ./drivers/fsl_dma.o
                0x080035ac                DMA_IRQHandle
 .text.DMA0_DriverIRQHandler
                0x08003714       0x14 ./drivers/fsl_dma.o
                0x08003714                DMA0_DriverIRQHandler
 .text.DMA1_DriverIRQHandler
                0x08003728       0x14 ./drivers/fsl_dma.o
                0x08003728                DMA1_DriverIRQHandler
 .text.FLEXCOMM_GetInstance
                0x0800373c       0x50 ./drivers/fsl_flexcomm.o
                0x0800373c                FLEXCOMM_GetInstance
 .text.FLEXCOMM0_DriverIRQHandler
                0x0800378c       0x38 ./drivers/fsl_flexcomm.o
                0x0800378c                FLEXCOMM0_DriverIRQHandler
 .text.FLEXCOMM1_DriverIRQHandler
                0x080037c4       0x38 ./drivers/fsl_flexcomm.o
                0x080037c4                FLEXCOMM1_DriverIRQHandler
 .text.FLEXCOMM2_DriverIRQHandler
                0x080037fc       0x38 ./drivers/fsl_flexcomm.o
                0x080037fc                FLEXCOMM2_DriverIRQHandler
 .text.FLEXCOMM3_DriverIRQHandler
                0x08003834       0x38 ./drivers/fsl_flexcomm.o
                0x08003834                FLEXCOMM3_DriverIRQHandler
 .text.FLEXCOMM4_DriverIRQHandler
                0x0800386c       0x38 ./drivers/fsl_flexcomm.o
                0x0800386c                FLEXCOMM4_DriverIRQHandler
 .text.FLEXCOMM5_DriverIRQHandler
                0x080038a4       0x38 ./drivers/fsl_flexcomm.o
                0x080038a4                FLEXCOMM5_DriverIRQHandler
 .text.FLEXCOMM6_DriverIRQHandler
                0x080038dc       0x38 ./drivers/fsl_flexcomm.o
                0x080038dc                FLEXCOMM6_DriverIRQHandler
 .text.FLEXCOMM7_DriverIRQHandler
                0x08003914       0x38 ./drivers/fsl_flexcomm.o
                0x08003914                FLEXCOMM7_DriverIRQHandler
 .text.FLEXCOMM14_DriverIRQHandler
                0x0800394c       0x5c ./drivers/fsl_flexcomm.o
                0x0800394c                FLEXCOMM14_DriverIRQHandler
 .text.FLEXCOMM15_DriverIRQHandler
                0x080039a8       0x5c ./drivers/fsl_flexcomm.o
                0x080039a8                FLEXCOMM15_DriverIRQHandler
 .text.FLEXSPI_DriverIRQHandler
                0x08003a04       0x24 ./drivers/fsl_flexspi.o
                0x08003a04                FLEXSPI_DriverIRQHandler
 .text.I3C_CommonIRQHandler
                0x08003a28       0x70 ./drivers/fsl_i3c.o
 .text.I3C0_DriverIRQHandler
                0x08003a98       0x14 ./drivers/fsl_i3c.o
                0x08003a98                I3C0_DriverIRQHandler
 .text.__NVIC_EnableIRQ
                0x08003aac       0x3c ./drivers/fsl_power.o
 .text.__NVIC_GetEnableIRQ
                0x08003ae8       0x40 ./drivers/fsl_power.o
 .text.__NVIC_DisableIRQ
                0x08003b28       0x48 ./drivers/fsl_power.o
 .text.__NVIC_ClearPendingIRQ
                0x08003b70       0x3c ./drivers/fsl_power.o
 .text.POWER_UpdateOscSettlingTime
                0x08003bac       0x20 ./drivers/fsl_power.o
                0x08003bac                POWER_UpdateOscSettlingTime
 .text.POWER_ApplyPD
                0x08003bcc       0x3c ./drivers/fsl_power.o
                0x08003bcc                POWER_ApplyPD
 .text.RESET_SetPeripheralReset
                0x08003c08       0xf8 ./drivers/fsl_reset.o
                0x08003c08                RESET_SetPeripheralReset
 .text.RESET_ClearPeripheralReset
                0x08003d00      0x104 ./drivers/fsl_reset.o
                0x08003d00                RESET_ClearPeripheralReset
 .text.BOARD_InitDebugConsole
                0x08003e04       0x40 ./board/board.o
                0x08003e04                BOARD_InitDebugConsole
 .text.CLOCK_SetXtalFreq
                0x08003e44       0x20 ./board/clock_config.o
 .text.POWER_DisablePD
                0x08003e64       0x30 ./board/clock_config.o
 .text.BOARD_BootClockRUN
                0x08003e94       0xcc ./board/clock_config.o
                0x08003e94                BOARD_BootClockRUN
 .text.get_ccount
                0x08003f60       0x18 ./board/counter.o
                0x08003f60                get_ccount
 .text.CLOCK_EnableClock
                0x08003f78       0xb4 ./board/pin_mux.o
 .text.BOARD_InitPins
                0x0800402c      0x158 ./board/pin_mux.o
                0x0800402c                BOARD_InitPins
 .text.getOscClk
                0x08004184       0x2c ./MIMXRT685S/system_MIMXRT685S_cm33.o
 .text.getFFroFreq
                0x080041b0       0x4c ./MIMXRT685S/system_MIMXRT685S_cm33.o
 .text.SystemInit
                0x080041fc       0xd0 ./MIMXRT685S/system_MIMXRT685S_cm33.o
                0x080041fc                SystemInit
 .text.SystemCoreClockUpdate
                0x080042cc      0x1ec ./MIMXRT685S/system_MIMXRT685S_cm33.o
                0x080042cc                SystemCoreClockUpdate
 .text          0x080044b8     0x2422 C:/Users/NOTA0801/Documents/MCUXpressoIDE_11.3.0_5222/workspace/lenet_Eglow_2.9.0_685_tutorial_re/glow_bundle/Lenet_mnist.o
                0x080044b8                Lenet_mnist
 *fill*         0x080068da        0x2 ff
 .text.malloc   0x080068dc       0xc8 c:/nxp/mcuxpressoide_11.3.0_5222/ide/plugins/com.nxp.mcuxpresso.tools.win32_11.3.0.202008311133/tools/bin/../lib/gcc/arm-none-eabi/9.3.1/../../../../arm-none-eabi/lib/thumb/v8-m.main+fp/hard\libcr_c.a(alloc.o)
                0x080068dc                malloc
 .text._Csys_alloc
                0x080069a4       0x20 c:/nxp/mcuxpressoide_11.3.0_5222/ide/plugins/com.nxp.mcuxpresso.tools.win32_11.3.0.202008311133/tools/bin/../lib/gcc/arm-none-eabi/9.3.1/../../../../arm-none-eabi/lib/thumb/v8-m.main+fp/hard\libcr_c.a(alloc.o)
                0x080069a4                _Csys_alloc
 .text.sprintf  0x080069c4       0x6c c:/nxp/mcuxpressoide_11.3.0_5222/ide/plugins/com.nxp.mcuxpresso.tools.win32_11.3.0.202008311133/tools/bin/../lib/gcc/arm-none-eabi/9.3.1/../../../../arm-none-eabi/lib/thumb/v8-m.main+fp/hard\libcr_c.a(fpprintf.o)
                0x080069c4                sprintf
 .text.vsnprintf
                0x08006a30       0x68 c:/nxp/mcuxpressoide_11.3.0_5222/ide/plugins/com.nxp.mcuxpresso.tools.win32_11.3.0.202008311133/tools/bin/../lib/gcc/arm-none-eabi/9.3.1/../../../../arm-none-eabi/lib/thumb/v8-m.main+fp/hard\libcr_c.a(fpprintf.o)
                0x08006a30                vsnprintf
 .text.printf   0x08006a98       0x54 c:/nxp/mcuxpressoide_11.3.0_5222/ide/plugins/com.nxp.mcuxpresso.tools.win32_11.3.0.202008311133/tools/bin/../lib/gcc/arm-none-eabi/9.3.1/../../../../arm-none-eabi/lib/thumb/v8-m.main+fp/hard\libcr_c.a(fpprintf.o)
                0x08006a98                printf
 .text._initio  0x08006aec       0x78 c:/nxp/mcuxpressoide_11.3.0_5222/ide/plugins/com.nxp.mcuxpresso.tools.win32_11.3.0.202008311133/tools/bin/../lib/gcc/arm-none-eabi/9.3.1/../../../../arm-none-eabi/lib/thumb/v8-m.main+fp/hard\libcr_c.a(initio.o)
                0x08006aec                _initio
 .text.__vfprintf
                0x08006b64      0xcdc c:/nxp/mcuxpressoide_11.3.0_5222/ide/plugins/com.nxp.mcuxpresso.tools.win32_11.3.0.202008311133/tools/bin/../lib/gcc/arm-none-eabi/9.3.1/../../../../arm-none-eabi/lib/thumb/v8-m.main+fp/hard\libcr_c.a(printf.o)
                0x08006b64                __vfprintf
 .text._sbrk    0x08007840       0x3c c:/nxp/mcuxpressoide_11.3.0_5222/ide/plugins/com.nxp.mcuxpresso.tools.win32_11.3.0.202008311133/tools/bin/../lib/gcc/arm-none-eabi/9.3.1/../../../../arm-none-eabi/lib/thumb/v8-m.main+fp/hard\libcr_c.a(_cr_sbrk.o)
                0x08007840                _sbrk
 .text._Cwritebuf
                0x0800787c       0x6c c:/nxp/mcuxpressoide_11.3.0_5222/ide/plugins/com.nxp.mcuxpresso.tools.win32_11.3.0.202008311133/tools/bin/../lib/gcc/arm-none-eabi/9.3.1/../../../../arm-none-eabi/lib/thumb/v8-m.main+fp/hard\libcr_c.a(_writebuf.o)
                0x0800787c                _Cwritebuf
 .text.fflush   0x080078e8       0x44 c:/nxp/mcuxpressoide_11.3.0_5222/ide/plugins/com.nxp.mcuxpresso.tools.win32_11.3.0.202008311133/tools/bin/../lib/gcc/arm-none-eabi/9.3.1/../../../../arm-none-eabi/lib/thumb/v8-m.main+fp/hard\libcr_c.a(fflush.o)
                0x080078e8                fflush
 .text.fseek    0x0800792c      0x100 c:/nxp/mcuxpressoide_11.3.0_5222/ide/plugins/com.nxp.mcuxpresso.tools.win32_11.3.0.202008311133/tools/bin/../lib/gcc/arm-none-eabi/9.3.1/../../../../arm-none-eabi/lib/thumb/v8-m.main+fp/hard\libcr_c.a(fseek.o)
                0x0800792c                fseek
 .text.ftell    0x08007a2c       0x44 c:/nxp/mcuxpressoide_11.3.0_5222/ide/plugins/com.nxp.mcuxpresso.tools.win32_11.3.0.202008311133/tools/bin/../lib/gcc/arm-none-eabi/9.3.1/../../../../arm-none-eabi/lib/thumb/v8-m.main+fp/hard\libcr_c.a(ftell.o)
                0x08007a2c                ftell
 .text.__check_heap_overflow
                0x08007a70       0x18 c:/nxp/mcuxpressoide_11.3.0_5222/ide/plugins/com.nxp.mcuxpresso.tools.win32_11.3.0.202008311133/tools/bin/../lib/gcc/arm-none-eabi/9.3.1/../../../../arm-none-eabi/lib/thumb/v8-m.main+fp/hard\libcr_c.a(_cr_check_heap.o)
                0x08007a70                __check_heap_overflow
 .text.__aeabi_dmul
                0x08007a88      0x114 c:/nxp/mcuxpressoide_11.3.0_5222/ide/plugins/com.nxp.mcuxpresso.tools.win32_11.3.0.202008311133/tools/bin/../lib/gcc/arm-none-eabi/9.3.1/thumb/v8-m.main+fp/hard\libcr_eabihelpers.a(double.o)
                0x08007a88                __aeabi_dmul
 .text.__aeabi_ddiv
                0x08007b9c      0x14c c:/nxp/mcuxpressoide_11.3.0_5222/ide/plugins/com.nxp.mcuxpresso.tools.win32_11.3.0.202008311133/tools/bin/../lib/gcc/arm-none-eabi/9.3.1/thumb/v8-m.main+fp/hard\libcr_eabihelpers.a(double.o)
                0x08007b9c                __aeabi_ddiv
 .text.__aeabi_dsub
                0x08007ce8      0x1b0 c:/nxp/mcuxpressoide_11.3.0_5222/ide/plugins/com.nxp.mcuxpresso.tools.win32_11.3.0.202008311133/tools/bin/../lib/gcc/arm-none-eabi/9.3.1/thumb/v8-m.main+fp/hard\libcr_eabihelpers.a(double.o)
                0x08007ce8                __aeabi_dsub
 .text.__aeabi_dadd
                0x08007e98      0x114 c:/nxp/mcuxpressoide_11.3.0_5222/ide/plugins/com.nxp.mcuxpresso.tools.win32_11.3.0.202008311133/tools/bin/../lib/gcc/arm-none-eabi/9.3.1/thumb/v8-m.main+fp/hard\libcr_eabihelpers.a(double.o)
                0x08007e98                __aeabi_dadd
 .text.__aeabi_d2f
                0x08007fac       0x58 c:/nxp/mcuxpressoide_11.3.0_5222/ide/plugins/com.nxp.mcuxpresso.tools.win32_11.3.0.202008311133/tools/bin/../lib/gcc/arm-none-eabi/9.3.1/thumb/v8-m.main+fp/hard\libcr_eabihelpers.a(double.o)
                0x08007fac                __aeabi_d2f
 .text.__aeabi_f2d
                0x08008004       0x38 c:/nxp/mcuxpressoide_11.3.0_5222/ide/plugins/com.nxp.mcuxpresso.tools.win32_11.3.0.202008311133/tools/bin/../lib/gcc/arm-none-eabi/9.3.1/thumb/v8-m.main+fp/hard\libcr_eabihelpers.a(float.o)
                0x08008004                __aeabi_f2d
 .text.__sys_appexit
                0x0800803c        0xc c:/nxp/mcuxpressoide_11.3.0_5222/ide/plugins/com.nxp.mcuxpresso.tools.win32_11.3.0.202008311133/tools/bin/../lib/gcc/arm-none-eabi/9.3.1/../../../../arm-none-eabi/lib/thumb/v8-m.main+fp/hard\libcr_semihost_nf.a(__sys_appexit.o)
                0x0800803c                __sys_appexit
                0x0800803c                __exit
 .text.HardFault_Handler
                0x08008048       0x2c ./source/semihost_hardfault.o
                0x08008048                HardFault_Handler
 .text.MU_ClearStatusFlags
                0x08008074       0x26 ./rpmsg_lite/porting/rpmsg_platform.o
 .text.RL_HANG  0x0800809a        0x6 ./rpmsg_lite/env/freertos/rpmsg_env_freertos.o
 .text.virtqueue_notification
                0x080080a0       0x26 ./rpmsg_lite/virtqueue.o
                0x080080a0                virtqueue_notification
 .text.expf     0x080080c6       0x38 ./glow_utils/glow_bundle_utils.o
                0x080080c6                expf
 .text.vPortSVCHandler_C
                0x080080fe       0x34 ./freertos/freertos_kernel/portable/GCC/ARM_CM33_NTZ/non_secure/port.o
                0x080080fe                vPortSVCHandler_C
 .text.ulSetInterruptMask
                0x08008132       0x1a ./freertos/freertos_kernel/portable/GCC/ARM_CM33_NTZ/non_secure/portasm.o
                0x08008132                ulSetInterruptMask
 .text.vClearInterruptMask
                0x0800814c       0x10 ./freertos/freertos_kernel/portable/GCC/ARM_CM33_NTZ/non_secure/portasm.o
                0x0800814c                vClearInterruptMask
 .text.vListInsertEnd
                0x0800815c       0x48 ./freertos/freertos_kernel/list.o
                0x0800815c                vListInsertEnd
 .text.uxListRemove
                0x080081a4       0x54 ./freertos/freertos_kernel/list.o
                0x080081a4                uxListRemove
 .text.CLOCK_AttachClk
                0x080081f8       0x8a ./drivers/fsl_clock.o
                0x080081f8                CLOCK_AttachClk
 .text.CLOCK_SetClkDiv
                0x08008282       0x70 ./drivers/fsl_clock.o
                0x08008282                CLOCK_SetClkDiv
 .text.DelayLoop
                0x080082f2       0x20 ./drivers/fsl_common.o
 .text.DMA_GetVirtualStartChannel
                0x08008312       0x40 ./drivers/fsl_dma.o
 .text.INPUTMUX_AttachSignal
                0x08008352       0x38 ./drivers/fsl_inputmux.o
                0x08008352                INPUTMUX_AttachSignal
 .text.RESET_PeripheralReset
                0x0800838a       0x22 ./drivers/fsl_reset.o
                0x0800838a                RESET_PeripheralReset
 .text.DbgConsole_Init
                0x080083ac       0x20 ./board/board.o
 .text.BOARD_FlexspiClockSafeConfig
                0x080083cc       0x10 ./board/board.o
                0x080083cc                BOARD_FlexspiClockSafeConfig
 .text.IOPCTL_PinMuxSet
                0x080083dc       0x2e ./board/pin_mux.o
 .text.WDT0_IRQHandler
                0x0800840a        0x8 ./MIMXRT685S/mcuxpresso/startup_mimxrt685s.o
                0x0800840a                WDT0_IRQHandler
 .text.DMA0_IRQHandler
                0x08008412        0x8 ./MIMXRT685S/mcuxpresso/startup_mimxrt685s.o
                0x08008412                DMA0_IRQHandler
 .text.GPIO_INTA_IRQHandler
                0x0800841a        0x8 ./MIMXRT685S/mcuxpresso/startup_mimxrt685s.o
                0x0800841a                GPIO_INTA_IRQHandler
 .text.GPIO_INTB_IRQHandler
                0x08008422        0x8 ./MIMXRT685S/mcuxpresso/startup_mimxrt685s.o
                0x08008422                GPIO_INTB_IRQHandler
 .text.PIN_INT0_IRQHandler
                0x0800842a        0x8 ./MIMXRT685S/mcuxpresso/startup_mimxrt685s.o
                0x0800842a                PIN_INT0_IRQHandler
 .text.PIN_INT1_IRQHandler
                0x08008432        0x8 ./MIMXRT685S/mcuxpresso/startup_mimxrt685s.o
                0x08008432                PIN_INT1_IRQHandler
 .text.PIN_INT2_IRQHandler
                0x0800843a        0x8 ./MIMXRT685S/mcuxpresso/startup_mimxrt685s.o
                0x0800843a                PIN_INT2_IRQHandler
 .text.PIN_INT3_IRQHandler
                0x08008442        0x8 ./MIMXRT685S/mcuxpresso/startup_mimxrt685s.o
                0x08008442                PIN_INT3_IRQHandler
 .text.UTICK0_IRQHandler
                0x0800844a        0x8 ./MIMXRT685S/mcuxpresso/startup_mimxrt685s.o
                0x0800844a                UTICK0_IRQHandler
 .text.MRT0_IRQHandler
                0x08008452        0x8 ./MIMXRT685S/mcuxpresso/startup_mimxrt685s.o
                0x08008452                MRT0_IRQHandler
 .text.CTIMER0_IRQHandler
                0x0800845a        0x8 ./MIMXRT685S/mcuxpresso/startup_mimxrt685s.o
                0x0800845a                CTIMER0_IRQHandler
 .text.CTIMER1_IRQHandler
                0x08008462        0x8 ./MIMXRT685S/mcuxpresso/startup_mimxrt685s.o
                0x08008462                CTIMER1_IRQHandler
 .text.SCT0_IRQHandler
                0x0800846a        0x8 ./MIMXRT685S/mcuxpresso/startup_mimxrt685s.o
                0x0800846a                SCT0_IRQHandler
 .text.CTIMER3_IRQHandler
                0x08008472        0x8 ./MIMXRT685S/mcuxpresso/startup_mimxrt685s.o
                0x08008472                CTIMER3_IRQHandler
 .text.FLEXCOMM0_IRQHandler
                0x0800847a        0x8 ./MIMXRT685S/mcuxpresso/startup_mimxrt685s.o
                0x0800847a                FLEXCOMM0_IRQHandler
 .text.FLEXCOMM1_IRQHandler
                0x08008482        0x8 ./MIMXRT685S/mcuxpresso/startup_mimxrt685s.o
                0x08008482                FLEXCOMM1_IRQHandler
 .text.FLEXCOMM2_IRQHandler
                0x0800848a        0x8 ./MIMXRT685S/mcuxpresso/startup_mimxrt685s.o
                0x0800848a                FLEXCOMM2_IRQHandler
 .text.FLEXCOMM3_IRQHandler
                0x08008492        0x8 ./MIMXRT685S/mcuxpresso/startup_mimxrt685s.o
                0x08008492                FLEXCOMM3_IRQHandler
 .text.FLEXCOMM4_IRQHandler
                0x0800849a        0x8 ./MIMXRT685S/mcuxpresso/startup_mimxrt685s.o
                0x0800849a                FLEXCOMM4_IRQHandler
 .text.FLEXCOMM5_IRQHandler
                0x080084a2        0x8 ./MIMXRT685S/mcuxpresso/startup_mimxrt685s.o
                0x080084a2                FLEXCOMM5_IRQHandler
 .text.FLEXCOMM14_IRQHandler
                0x080084aa        0x8 ./MIMXRT685S/mcuxpresso/startup_mimxrt685s.o
                0x080084aa                FLEXCOMM14_IRQHandler
 .text.FLEXCOMM15_IRQHandler
                0x080084b2        0x8 ./MIMXRT685S/mcuxpresso/startup_mimxrt685s.o
                0x080084b2                FLEXCOMM15_IRQHandler
 .text.ADC0_IRQHandler
                0x080084ba        0x8 ./MIMXRT685S/mcuxpresso/startup_mimxrt685s.o
                0x080084ba                ADC0_IRQHandler
 .text.Reserved39_IRQHandler
                0x080084c2        0x8 ./MIMXRT685S/mcuxpresso/startup_mimxrt685s.o
                0x080084c2                Reserved39_IRQHandler
 .text.ACMP_IRQHandler
                0x080084ca        0x8 ./MIMXRT685S/mcuxpresso/startup_mimxrt685s.o
                0x080084ca                ACMP_IRQHandler
 .text.DMIC0_IRQHandler
                0x080084d2        0x8 ./MIMXRT685S/mcuxpresso/startup_mimxrt685s.o
                0x080084d2                DMIC0_IRQHandler
 .text.Reserved42_IRQHandler
                0x080084da        0x8 ./MIMXRT685S/mcuxpresso/startup_mimxrt685s.o
                0x080084da                Reserved42_IRQHandler
 .text.HYPERVISOR_IRQHandler
                0x080084e2        0x8 ./MIMXRT685S/mcuxpresso/startup_mimxrt685s.o
                0x080084e2                HYPERVISOR_IRQHandler
 .text.SECUREVIOLATION_IRQHandler
                0x080084ea        0x8 ./MIMXRT685S/mcuxpresso/startup_mimxrt685s.o
                0x080084ea                SECUREVIOLATION_IRQHandler
 .text.HWVAD0_IRQHandler
                0x080084f2        0x8 ./MIMXRT685S/mcuxpresso/startup_mimxrt685s.o
                0x080084f2                HWVAD0_IRQHandler
 .text.Reserved46_IRQHandler
                0x080084fa        0x8 ./MIMXRT685S/mcuxpresso/startup_mimxrt685s.o
                0x080084fa                Reserved46_IRQHandler
 .text.RNG_IRQHandler
                0x08008502        0x8 ./MIMXRT685S/mcuxpresso/startup_mimxrt685s.o
                0x08008502                RNG_IRQHandler
 .text.RTC_IRQHandler
                0x0800850a        0x8 ./MIMXRT685S/mcuxpresso/startup_mimxrt685s.o
                0x0800850a                RTC_IRQHandler
 .text.DSPWAKE_IRQHandler
                0x08008512        0x8 ./MIMXRT685S/mcuxpresso/startup_mimxrt685s.o
                0x08008512                DSPWAKE_IRQHandler
 .text.PIN_INT4_IRQHandler
                0x0800851a        0x8 ./MIMXRT685S/mcuxpresso/startup_mimxrt685s.o
                0x0800851a                PIN_INT4_IRQHandler
 .text.PIN_INT5_IRQHandler
                0x08008522        0x8 ./MIMXRT685S/mcuxpresso/startup_mimxrt685s.o
                0x08008522                PIN_INT5_IRQHandler
 .text.PIN_INT6_IRQHandler
                0x0800852a        0x8 ./MIMXRT685S/mcuxpresso/startup_mimxrt685s.o
                0x0800852a                PIN_INT6_IRQHandler
 .text.PIN_INT7_IRQHandler
                0x08008532        0x8 ./MIMXRT685S/mcuxpresso/startup_mimxrt685s.o
                0x08008532                PIN_INT7_IRQHandler
 .text.CTIMER2_IRQHandler
                0x0800853a        0x8 ./MIMXRT685S/mcuxpresso/startup_mimxrt685s.o
                0x0800853a                CTIMER2_IRQHandler
 .text.CTIMER4_IRQHandler
                0x08008542        0x8 ./MIMXRT685S/mcuxpresso/startup_mimxrt685s.o
                0x08008542                CTIMER4_IRQHandler
 .text.OS_EVENT_IRQHandler
                0x0800854a        0x8 ./MIMXRT685S/mcuxpresso/startup_mimxrt685s.o
                0x0800854a                OS_EVENT_IRQHandler
 .text.FLEXSPI_IRQHandler
                0x08008552        0x8 ./MIMXRT685S/mcuxpresso/startup_mimxrt685s.o
                0x08008552                FLEXSPI_IRQHandler
 .text.FLEXCOMM6_IRQHandler
                0x0800855a        0x8 ./MIMXRT685S/mcuxpresso/startup_mimxrt685s.o
                0x0800855a                FLEXCOMM6_IRQHandler
 .text.FLEXCOMM7_IRQHandler
                0x08008562        0x8 ./MIMXRT685S/mcuxpresso/startup_mimxrt685s.o
                0x08008562                FLEXCOMM7_IRQHandler
 .text.USDHC0_IRQHandler
                0x0800856a        0x8 ./MIMXRT685S/mcuxpresso/startup_mimxrt685s.o
                0x0800856a                USDHC0_IRQHandler
 .text.USDHC1_IRQHandler
                0x08008572        0x8 ./MIMXRT685S/mcuxpresso/startup_mimxrt685s.o
                0x08008572                USDHC1_IRQHandler
 .text.SGPIO_INTA_IRQHandler
                0x0800857a        0x8 ./MIMXRT685S/mcuxpresso/startup_mimxrt685s.o
                0x0800857a                SGPIO_INTA_IRQHandler
 .text.SGPIO_INTB_IRQHandler
                0x08008582        0x8 ./MIMXRT685S/mcuxpresso/startup_mimxrt685s.o
                0x08008582                SGPIO_INTB_IRQHandler
 .text.I3C0_IRQHandler
                0x0800858a        0x8 ./MIMXRT685S/mcuxpresso/startup_mimxrt685s.o
                0x0800858a                I3C0_IRQHandler
 .text.USB_IRQHandler
                0x08008592        0x8 ./MIMXRT685S/mcuxpresso/startup_mimxrt685s.o
                0x08008592                USB_IRQHandler
 .text.USB_WAKEUP_IRQHandler
                0x0800859a        0x8 ./MIMXRT685S/mcuxpresso/startup_mimxrt685s.o
                0x0800859a                USB_WAKEUP_IRQHandler
 .text.WDT1_IRQHandler
                0x080085a2        0x8 ./MIMXRT685S/mcuxpresso/startup_mimxrt685s.o
                0x080085a2                WDT1_IRQHandler
 .text.USBPHY_DCD_IRQHandler
                0x080085aa        0x8 ./MIMXRT685S/mcuxpresso/startup_mimxrt685s.o
                0x080085aa                USBPHY_DCD_IRQHandler
 .text.DMA1_IRQHandler
                0x080085b2        0x8 ./MIMXRT685S/mcuxpresso/startup_mimxrt685s.o
                0x080085b2                DMA1_IRQHandler
 .text.PUF_IRQHandler
                0x080085ba        0x8 ./MIMXRT685S/mcuxpresso/startup_mimxrt685s.o
                0x080085ba                PUF_IRQHandler
 .text.POWERQUAD_IRQHandler
                0x080085c2        0x8 ./MIMXRT685S/mcuxpresso/startup_mimxrt685s.o
                0x080085c2                POWERQUAD_IRQHandler
 .text.CASPER_IRQHandler
                0x080085ca        0x8 ./MIMXRT685S/mcuxpresso/startup_mimxrt685s.o
                0x080085ca                CASPER_IRQHandler
 .text.PMC_PMIC_IRQHandler
                0x080085d2        0x8 ./MIMXRT685S/mcuxpresso/startup_mimxrt685s.o
                0x080085d2                PMC_PMIC_IRQHandler
 .text.HASHCRYPT_IRQHandler
                0x080085da        0x8 ./MIMXRT685S/mcuxpresso/startup_mimxrt685s.o
                0x080085da                HASHCRYPT_IRQHandler
 .text.SystemInitHook
                0x080085e2        0xe ./MIMXRT685S/system_MIMXRT685S_cm33.o
                0x080085e2                SystemInitHook
 .text.__main   0x080085f0        0xe c:/nxp/mcuxpressoide_11.3.0_5222/ide/plugins/com.nxp.mcuxpresso.tools.win32_11.3.0.202008311133/tools/bin/../lib/gcc/arm-none-eabi/9.3.1/../../../../arm-none-eabi/lib/thumb/v8-m.main+fp/hard\libcr_semihost_nf.a(_cr__main.o)
                0x080085f0                __CR_SEMIHOST
                0x080085f0                __main
 .text.memcpy   0x080085fe        0x4 c:/nxp/mcuxpressoide_11.3.0_5222/ide/plugins/com.nxp.mcuxpresso.tools.win32_11.3.0.202008311133/tools/bin/../lib/gcc/arm-none-eabi/9.3.1/../../../../arm-none-eabi/lib/thumb/v8-m.main+fp/hard\libcr_c.a(memcpy.o)
                0x080085fe                memcpy
 .text.memset   0x08008602        0x4 c:/nxp/mcuxpressoide_11.3.0_5222/ide/plugins/com.nxp.mcuxpresso.tools.win32_11.3.0.202008311133/tools/bin/../lib/gcc/arm-none-eabi/9.3.1/../../../../arm-none-eabi/lib/thumb/v8-m.main+fp/hard\libcr_c.a(memset.o)
                0x08008602                memset
 .text.free     0x08008606       0x30 c:/nxp/mcuxpressoide_11.3.0_5222/ide/plugins/com.nxp.mcuxpresso.tools.win32_11.3.0.202008311133/tools/bin/../lib/gcc/arm-none-eabi/9.3.1/../../../../arm-none-eabi/lib/thumb/v8-m.main+fp/hard\libcr_c.a(alloc.o)
                0x08008606                free
 .text.fabs     0x08008636       0x22 c:/nxp/mcuxpressoide_11.3.0_5222/ide/plugins/com.nxp.mcuxpresso.tools.win32_11.3.0.202008311133/tools/bin/../lib/gcc/arm-none-eabi/9.3.1/../../../../arm-none-eabi/lib/thumb/v8-m.main+fp/hard\libcr_c.a(fabs.o)
                0x08008636                fabs
 .text.fp_round
                0x08008658       0x4c c:/nxp/mcuxpressoide_11.3.0_5222/ide/plugins/com.nxp.mcuxpresso.tools.win32_11.3.0.202008311133/tools/bin/../lib/gcc/arm-none-eabi/9.3.1/../../../../arm-none-eabi/lib/thumb/v8-m.main+fp/hard\libcr_c.a(fpprintf.o)
 .text.pr_dec.constprop.0
                0x080086a4       0x26 c:/nxp/mcuxpressoide_11.3.0_5222/ide/plugins/com.nxp.mcuxpresso.tools.win32_11.3.0.202008311133/tools/bin/../lib/gcc/arm-none-eabi/9.3.1/../../../../arm-none-eabi/lib/thumb/v8-m.main+fp/hard\libcr_c.a(fpprintf.o)
 .text.setvbuf  0x080086ca       0x3e c:/nxp/mcuxpressoide_11.3.0_5222/ide/plugins/com.nxp.mcuxpresso.tools.win32_11.3.0.202008311133/tools/bin/../lib/gcc/arm-none-eabi/9.3.1/../../../../arm-none-eabi/lib/thumb/v8-m.main+fp/hard\libcr_c.a(setvbuf.o)
                0x080086ca                setvbuf
 .text.strlen   0x08008708       0x4c c:/nxp/mcuxpressoide_11.3.0_5222/ide/plugins/com.nxp.mcuxpresso.tools.win32_11.3.0.202008311133/tools/bin/../lib/gcc/arm-none-eabi/9.3.1/../../../../arm-none-eabi/lib/thumb/v8-m.main+fp/hard\libcr_c.a(strlen.o)
                0x08008708                strlen
 .text._deferredlazyseek
                0x08008754       0x40 c:/nxp/mcuxpressoide_11.3.0_5222/ide/plugins/com.nxp.mcuxpresso.tools.win32_11.3.0.202008311133/tools/bin/../lib/gcc/arm-none-eabi/9.3.1/../../../../arm-none-eabi/lib/thumb/v8-m.main+fp/hard\libcr_c.a(_deferredlazyseek.o)
                0x08008754                _deferredlazyseek
 .text.__flsbuf
                0x08008794      0x140 c:/nxp/mcuxpressoide_11.3.0_5222/ide/plugins/com.nxp.mcuxpresso.tools.win32_11.3.0.202008311133/tools/bin/../lib/gcc/arm-none-eabi/9.3.1/../../../../arm-none-eabi/lib/thumb/v8-m.main+fp/hard\libcr_c.a(_deferredlazyseek.o)
                0x08008794                __flsbuf
 .text._fdopen  0x080088d4       0x68 c:/nxp/mcuxpressoide_11.3.0_5222/ide/plugins/com.nxp.mcuxpresso.tools.win32_11.3.0.202008311133/tools/bin/../lib/gcc/arm-none-eabi/9.3.1/../../../../arm-none-eabi/lib/thumb/v8-m.main+fp/hard\libcr_c.a(_fdopen.o)
                0x080088d4                _fdopen
 .text._fflush  0x0800893c       0x52 c:/nxp/mcuxpressoide_11.3.0_5222/ide/plugins/com.nxp.mcuxpresso.tools.win32_11.3.0.202008311133/tools/bin/../lib/gcc/arm-none-eabi/9.3.1/../../../../arm-none-eabi/lib/thumb/v8-m.main+fp/hard\libcr_c.a(_fflush.o)
                0x0800893c                _fflush
 .text.fclose   0x0800898e       0x58 c:/nxp/mcuxpressoide_11.3.0_5222/ide/plugins/com.nxp.mcuxpresso.tools.win32_11.3.0.202008311133/tools/bin/../lib/gcc/arm-none-eabi/9.3.1/../../../../arm-none-eabi/lib/thumb/v8-m.main+fp/hard\libcr_c.a(fclose.o)
                0x0800898e                fclose
 .text.remove   0x080089e6       0x14 c:/nxp/mcuxpressoide_11.3.0_5222/ide/plugins/com.nxp.mcuxpresso.tools.win32_11.3.0.202008311133/tools/bin/../lib/gcc/arm-none-eabi/9.3.1/../../../../arm-none-eabi/lib/thumb/v8-m.main+fp/hard\libcr_c.a(remove.o)
                0x080089e6                remove
 .text._do_fflush
                0x080089fa       0x40 c:/nxp/mcuxpressoide_11.3.0_5222/ide/plugins/com.nxp.mcuxpresso.tools.win32_11.3.0.202008311133/tools/bin/../lib/gcc/arm-none-eabi/9.3.1/../../../../arm-none-eabi/lib/thumb/v8-m.main+fp/hard\libcr_c.a(_do_fflush.o)
                0x080089fa                _do_fflush
 .text.__aeabi_division_uldivmod
                0x08008a3a      0x174 c:/nxp/mcuxpressoide_11.3.0_5222/ide/plugins/com.nxp.mcuxpresso.tools.win32_11.3.0.202008311133/tools/bin/../lib/gcc/arm-none-eabi/9.3.1/thumb/v8-m.main+fp/hard\libcr_eabihelpers.a(division_64.o)
                0x08008a3a                __aeabi_uldivmod
                0x08008a3e                __bhs_ldivmod1
 .text.__aeabi_division_idiv0
                0x08008bae        0x2 c:/nxp/mcuxpressoide_11.3.0_5222/ide/plugins/com.nxp.mcuxpresso.tools.win32_11.3.0.202008311133/tools/bin/../lib/gcc/arm-none-eabi/9.3.1/thumb/v8-m.main+fp/hard\libcr_eabihelpers.a(division_idiv0.o)
                0x08008bae                __aeabi_idiv0
 .text.__aeabi_d2iz
                0x08008bb0       0x40 c:/nxp/mcuxpressoide_11.3.0_5222/ide/plugins/com.nxp.mcuxpresso.tools.win32_11.3.0.202008311133/tools/bin/../lib/gcc/arm-none-eabi/9.3.1/thumb/v8-m.main+fp/hard\libcr_eabihelpers.a(double.o)
                0x08008bb0                __aeabi_d2iz
 .text.__bhs_ui2d
                0x08008bf0       0x46 c:/nxp/mcuxpressoide_11.3.0_5222/ide/plugins/com.nxp.mcuxpresso.tools.win32_11.3.0.202008311133/tools/bin/../lib/gcc/arm-none-eabi/9.3.1/thumb/v8-m.main+fp/hard\libcr_eabihelpers.a(double.o)
                0x08008bf0                __bhs_ui2d
 .text.__bhs_ul2d
                0x08008c36       0x8a c:/nxp/mcuxpressoide_11.3.0_5222/ide/plugins/com.nxp.mcuxpresso.tools.win32_11.3.0.202008311133/tools/bin/../lib/gcc/arm-none-eabi/9.3.1/thumb/v8-m.main+fp/hard\libcr_eabihelpers.a(double.o)
                0x08008c36                __bhs_ul2d
 .text.__aeabi_i2d
                0x08008cc0       0x12 c:/nxp/mcuxpressoide_11.3.0_5222/ide/plugins/com.nxp.mcuxpresso.tools.win32_11.3.0.202008311133/tools/bin/../lib/gcc/arm-none-eabi/9.3.1/thumb/v8-m.main+fp/hard\libcr_eabihelpers.a(double.o)
                0x08008cc0                __aeabi_i2d
 .text.__aeabi_ul2d
                0x08008cd2        0x8 c:/nxp/mcuxpressoide_11.3.0_5222/ide/plugins/com.nxp.mcuxpresso.tools.win32_11.3.0.202008311133/tools/bin/../lib/gcc/arm-none-eabi/9.3.1/thumb/v8-m.main+fp/hard\libcr_eabihelpers.a(double.o)
                0x08008cd2                __aeabi_ul2d
 .text.__aeabi_dcmpeq
                0x08008cda       0x30 c:/nxp/mcuxpressoide_11.3.0_5222/ide/plugins/com.nxp.mcuxpresso.tools.win32_11.3.0.202008311133/tools/bin/../lib/gcc/arm-none-eabi/9.3.1/thumb/v8-m.main+fp/hard\libcr_eabihelpers.a(double.o)
                0x08008cda                __aeabi_dcmpeq
 .text.__aeabi_dcmplt
                0x08008d0a       0x56 c:/nxp/mcuxpressoide_11.3.0_5222/ide/plugins/com.nxp.mcuxpresso.tools.win32_11.3.0.202008311133/tools/bin/../lib/gcc/arm-none-eabi/9.3.1/thumb/v8-m.main+fp/hard\libcr_eabihelpers.a(double.o)
                0x08008d0a                __aeabi_dcmplt
 .text.__aeabi_dcmpgt
                0x08008d60       0x56 c:/nxp/mcuxpressoide_11.3.0_5222/ide/plugins/com.nxp.mcuxpresso.tools.win32_11.3.0.202008311133/tools/bin/../lib/gcc/arm-none-eabi/9.3.1/thumb/v8-m.main+fp/hard\libcr_eabihelpers.a(double.o)
                0x08008d60                __aeabi_dcmpgt
 .text.__aeabi_dcmple
                0x08008db6       0x56 c:/nxp/mcuxpressoide_11.3.0_5222/ide/plugins/com.nxp.mcuxpresso.tools.win32_11.3.0.202008311133/tools/bin/../lib/gcc/arm-none-eabi/9.3.1/thumb/v8-m.main+fp/hard\libcr_eabihelpers.a(double.o)
                0x08008db6                __aeabi_dcmple
 .text.__aeabi_dcmpge
                0x08008e0c       0x5c c:/nxp/mcuxpressoide_11.3.0_5222/ide/plugins/com.nxp.mcuxpresso.tools.win32_11.3.0.202008311133/tools/bin/../lib/gcc/arm-none-eabi/9.3.1/thumb/v8-m.main+fp/hard\libcr_eabihelpers.a(double.o)
                0x08008e0c                __aeabi_dcmpge
 .text.__aeabi_memcpy
                0x08008e68       0x34 c:/nxp/mcuxpressoide_11.3.0_5222/ide/plugins/com.nxp.mcuxpresso.tools.win32_11.3.0.202008311133/tools/bin/../lib/gcc/arm-none-eabi/9.3.1/thumb/v8-m.main+fp/hard\libcr_eabihelpers.a(memcpy.o)
                0x08008e68                __aeabi_memcpy
                0x08008e72                __aeabi_memcpy8
                0x08008e72                __aeabi_memcpy4
 .text.__aeabi_memset_lowlevel
                0x08008e9c       0x32 c:/nxp/mcuxpressoide_11.3.0_5222/ide/plugins/com.nxp.mcuxpresso.tools.win32_11.3.0.202008311133/tools/bin/../lib/gcc/arm-none-eabi/9.3.1/thumb/v8-m.main+fp/hard\libcr_eabihelpers.a(memcpy.o)
                0x08008e9c                __aeabi_lowlevel_memset
 .text.__sys_close
                0x08008ece        0xc c:/nxp/mcuxpressoide_11.3.0_5222/ide/plugins/com.nxp.mcuxpresso.tools.win32_11.3.0.202008311133/tools/bin/../lib/gcc/arm-none-eabi/9.3.1/../../../../arm-none-eabi/lib/thumb/v8-m.main+fp/hard\libcr_semihost_nf.a(__sys_close.o)
                0x08008ece                __sys_close
 .text.__sys_flen
                0x08008eda        0xc c:/nxp/mcuxpressoide_11.3.0_5222/ide/plugins/com.nxp.mcuxpresso.tools.win32_11.3.0.202008311133/tools/bin/../lib/gcc/arm-none-eabi/9.3.1/../../../../arm-none-eabi/lib/thumb/v8-m.main+fp/hard\libcr_semihost_nf.a(__sys_flen.o)
                0x08008eda                __sys_flen
 .text.__sys_istty
                0x08008ee6        0xc c:/nxp/mcuxpressoide_11.3.0_5222/ide/plugins/com.nxp.mcuxpresso.tools.win32_11.3.0.202008311133/tools/bin/../lib/gcc/arm-none-eabi/9.3.1/../../../../arm-none-eabi/lib/thumb/v8-m.main+fp/hard\libcr_semihost_nf.a(__sys_istty.o)
                0x08008ee6                __sys_istty
 .text.__sys_remove
                0x08008ef2        0xc c:/nxp/mcuxpressoide_11.3.0_5222/ide/plugins/com.nxp.mcuxpresso.tools.win32_11.3.0.202008311133/tools/bin/../lib/gcc/arm-none-eabi/9.3.1/../../../../arm-none-eabi/lib/thumb/v8-m.main+fp/hard\libcr_semihost_nf.a(__sys_remove.o)
                0x08008ef2                __sys_remove
 .text.__sys_seek
                0x08008efe        0xc c:/nxp/mcuxpressoide_11.3.0_5222/ide/plugins/com.nxp.mcuxpresso.tools.win32_11.3.0.202008311133/tools/bin/../lib/gcc/arm-none-eabi/9.3.1/../../../../arm-none-eabi/lib/thumb/v8-m.main+fp/hard\libcr_semihost_nf.a(__sys_seek.o)
                0x08008efe                __sys_seek
 .text.__sys_tmpnam
                0x08008f0a        0xc c:/nxp/mcuxpressoide_11.3.0_5222/ide/plugins/com.nxp.mcuxpresso.tools.win32_11.3.0.202008311133/tools/bin/../lib/gcc/arm-none-eabi/9.3.1/../../../../arm-none-eabi/lib/thumb/v8-m.main+fp/hard\libcr_semihost_nf.a(__sys_tmpnam.o)
                0x08008f0a                __sys_tmpnam
 .text.__sys_write
                0x08008f16        0xc c:/nxp/mcuxpressoide_11.3.0_5222/ide/plugins/com.nxp.mcuxpresso.tools.win32_11.3.0.202008311133/tools/bin/../lib/gcc/arm-none-eabi/9.3.1/../../../../arm-none-eabi/lib/thumb/v8-m.main+fp/hard\libcr_semihost_nf.a(__sys_write.o)
                0x08008f16                __sys_write
 *fill*         0x08008f22        0x6 ff
 .text.__sys_write.__stub
                0x08008f28       0x10 linker stubs
 *freertos*/tasks.o(SORT_BY_ALIGNMENT(.rodata*))
 *fill*         0x08008f38        0x0 ff
 .rodata.vTaskStartScheduler.str1.4
                0x08008f38        0x5 ./freertos/freertos_kernel/tasks.o
 *fill*         0x08008f3d        0x3 ff
 .rodata.str1.4
                0x08008f40        0xb ./freertos/freertos_kernel/tasks.o
 *fill*         0x08008f4b        0x1 ff
 .rodata        0x08008f4c       0x1c ./freertos/freertos_kernel/tasks.o
                0x08008f4c                portArch_Name
                0x08008f50                FreeRTOSDebugConfig
 *(SORT_BY_ALIGNMENT(.rodata) SORT_BY_ALIGNMENT(.rodata.*) SORT_BY_ALIGNMENT(.constdata) SORT_BY_ALIGNMENT(.constdata.*))
 .rodata.__assertion_failed.str1.4
                0x08008f68       0x14 ./utilities/fsl_assert.o
 .rodata.main.str1.4
                0x08008f7c       0x43 ./source/main_cm33.o
 *fill*         0x08008fbf        0x1 ff
 .rodata.CLOCK_GetFRGClock.str1.4
                0x08008fc0       0x19 ./drivers/fsl_clock.o
 *fill*         0x08008fd9        0x3 ff
 .rodata.CLOCK_GetFlexCommClkFreq.str1.4
                0x08008fdc       0x19 ./drivers/fsl_clock.o
 *fill*         0x08008ff5        0x3 ff
 .rodata.CLOCK_SetFRGClock.str1.4
                0x08008ff8       0x66 ./drivers/fsl_clock.o
 *fill*         0x0800905e        0x2 ff
 .rodata.CLOCK_EnableFfroClk.str1.4
                0x08009060       0x94 ./drivers/fsl_clock.o
 .rodata.CLOCK_EnableSfroClk.str1.4
                0x080090f4       0x94 ./drivers/fsl_clock.o
 .rodata.SDK_DelayAtLeastUs.str1.4
                0x08009188       0x50 ./drivers/fsl_common.o
 .rodata.s_dmaBases
                0x080091d8        0x8 ./drivers/fsl_dma.o
 .rodata.DMA_GetInstance.str1.4
                0x080091e0       0x32 ./drivers/fsl_dma.o
 *fill*         0x08009212        0x2 ff
 .rodata.s_flexcommBaseAddrs
                0x08009214       0x28 ./drivers/fsl_flexcomm.o
 .rodata.FLEXCOMM_GetInstance.str1.4
                0x0800923c       0x43 ./drivers/fsl_flexcomm.o
 *fill*         0x0800927f        0x1 ff
 .rodata.FLEXCOMM0_DriverIRQHandler.str1.4
                0x08009280       0x2e ./drivers/fsl_flexcomm.o
 *fill*         0x080092ae        0x2 ff
 .rodata.FLEXCOMM1_DriverIRQHandler.str1.4
                0x080092b0       0x2e ./drivers/fsl_flexcomm.o
 *fill*         0x080092de        0x2 ff
 .rodata.FLEXCOMM2_DriverIRQHandler.str1.4
                0x080092e0       0x2e ./drivers/fsl_flexcomm.o
 *fill*         0x0800930e        0x2 ff
 .rodata.FLEXCOMM3_DriverIRQHandler.str1.4
                0x08009310       0x2e ./drivers/fsl_flexcomm.o
 *fill*         0x0800933e        0x2 ff
 .rodata.FLEXCOMM4_DriverIRQHandler.str1.4
                0x08009340       0x2e ./drivers/fsl_flexcomm.o
 *fill*         0x0800936e        0x2 ff
 .rodata.FLEXCOMM5_DriverIRQHandler.str1.4
                0x08009370       0x2e ./drivers/fsl_flexcomm.o
 *fill*         0x0800939e        0x2 ff
 .rodata.FLEXCOMM6_DriverIRQHandler.str1.4
                0x080093a0       0x2e ./drivers/fsl_flexcomm.o
 *fill*         0x080093ce        0x2 ff
 .rodata.FLEXCOMM7_DriverIRQHandler.str1.4
                0x080093d0       0x2e ./drivers/fsl_flexcomm.o
 *fill*         0x080093fe        0x2 ff
 .rodata.FLEXCOMM14_DriverIRQHandler.str1.4
                0x08009400       0x35 ./drivers/fsl_flexcomm.o
 *fill*         0x08009435        0x3 ff
 .rodata.FLEXCOMM15_DriverIRQHandler.str1.4
                0x08009438       0x35 ./drivers/fsl_flexcomm.o
 *fill*         0x0800946d        0x3 ff
 .rodata.RESET_SetPeripheralReset.str1.4
                0x08009470       0x1f ./drivers/fsl_reset.o
 *fill*         0x0800948f        0x1 ff
 .rodata.RESET_ClearPeripheralReset.str1.4
                0x08009490       0x20 ./drivers/fsl_reset.o
 .rodata        0x080094b0       0x24 ./board/board.o
 .rodata.g_sysPllConfig_BOARD_BootClockRUN
                0x080094d4       0x10 ./board/clock_config.o
                0x080094d4                g_sysPllConfig_BOARD_BootClockRUN
 .rodata.g_audioPllConfig_BOARD_BootClockRUN
                0x080094e4       0x10 ./board/clock_config.o
                0x080094e4                g_audioPllConfig_BOARD_BootClockRUN
 .rodata.CLOCK_EnableClock.str1.4
                0x080094f4       0x82 ./board/pin_mux.o
 *fill*         0x08009576        0x2 ff
 .rodata.__num_Ciob_streams
                0x08009578        0x4 c:/nxp/mcuxpressoide_11.3.0_5222/ide/plugins/com.nxp.mcuxpresso.tools.win32_11.3.0.202008311133/tools/bin/../lib/gcc/arm-none-eabi/9.3.1/../../../../arm-none-eabi/lib/thumb/v8-m.main+fp/hard\libcr_semihost_nf.a(__ciob.o)
                0x08009578                __num_Ciob_streams
 .rodata._Csys_alloc.str1.1
                0x0800957c       0x18 c:/nxp/mcuxpressoide_11.3.0_5222/ide/plugins/com.nxp.mcuxpresso.tools.win32_11.3.0.202008311133/tools/bin/../lib/gcc/arm-none-eabi/9.3.1/../../../../arm-none-eabi/lib/thumb/v8-m.main+fp/hard\libcr_c.a(alloc.o)
 .rodata.fp_display.str1.1
                0x08009594       0x34 c:/nxp/mcuxpressoide_11.3.0_5222/ide/plugins/com.nxp.mcuxpresso.tools.win32_11.3.0.202008311133/tools/bin/../lib/gcc/arm-none-eabi/9.3.1/../../../../arm-none-eabi/lib/thumb/v8-m.main+fp/hard\libcr_c.a(fpprintf.o)
                                 0x35 (size before relaxing)
 .rodata._initio.str1.1
                0x080095c8        0x4 c:/nxp/mcuxpressoide_11.3.0_5222/ide/plugins/com.nxp.mcuxpresso.tools.win32_11.3.0.202008311133/tools/bin/../lib/gcc/arm-none-eabi/9.3.1/../../../../arm-none-eabi/lib/thumb/v8-m.main+fp/hard\libcr_c.a(initio.o)
 .rodata.__vfprintf.str1.1
                0x080095cc       0x31 c:/nxp/mcuxpressoide_11.3.0_5222/ide/plugins/com.nxp.mcuxpresso.tools.win32_11.3.0.202008311133/tools/bin/../lib/gcc/arm-none-eabi/9.3.1/../../../../arm-none-eabi/lib/thumb/v8-m.main+fp/hard\libcr_c.a(printf.o)
                                 0x38 (size before relaxing)
                0x08009600                . = ALIGN (0x4)
 *fill*         0x080095fd        0x3 ff

.glue_7         0x08009600        0x0
 .glue_7        0x08009600        0x0 linker stubs

.glue_7t        0x08009600        0x0
 .glue_7t       0x08009600        0x0 linker stubs

.vfp11_veneer   0x08009600        0x0
 .vfp11_veneer  0x08009600        0x0 linker stubs

.v4_bx          0x08009600        0x0
 .v4_bx         0x08009600        0x0 linker stubs

.iplt           0x08009600        0x0
 .iplt          0x08009600        0x0 ./utilities/fsl_assert.o

.ARM.extab
 *(SORT_BY_ALIGNMENT(.ARM.extab*) SORT_BY_ALIGNMENT(.gnu.linkonce.armextab.*))

.ARM.exidx      0x08009600        0x8
                0x08009600                __exidx_start = .
 *(SORT_BY_ALIGNMENT(.ARM.exidx*) SORT_BY_ALIGNMENT(.gnu.linkonce.armexidx.*))
 .ARM.exidx     0x08009600        0x8 C:/Users/NOTA0801/Documents/MCUXpressoIDE_11.3.0_5222/workspace/lenet_Eglow_2.9.0_685_tutorial_re/glow_bundle/Lenet_mnist.o
                                 0x38 (size before relaxing)
                0x08009608                __exidx_end = .
                0x08009608                _etext = .

.rel.dyn        0x08009608        0x0
 .rel.iplt      0x08009608        0x0 ./utilities/fsl_assert.o

.m_usb_data
 *(SORT_BY_ALIGNMENT(m_usb_global))

.data_RAM2      0x40140000        0x0 load address 0x08009608
 FILL mask 0xff
                [!provide]                PROVIDE (__start_data_RAM2 = .)
                [!provide]                PROVIDE (__start_data_USB_RAM = .)
 *(SORT_BY_ALIGNMENT(.ramfunc.$RAM2))
 *(SORT_BY_ALIGNMENT(.ramfunc.$USB_RAM))
 *(SORT_BY_ALIGNMENT(.data.$RAM2))
 *(SORT_BY_ALIGNMENT(.data.$USB_RAM))
 *(SORT_BY_ALIGNMENT(.data.$RAM2.*))
 *(SORT_BY_ALIGNMENT(.data.$USB_RAM.*))
                0x40140000                . = ALIGN (0x4)
                [!provide]                PROVIDE (__end_data_RAM2 = .)
                [!provide]                PROVIDE (__end_data_USB_RAM = .)

.uninit_RESERVED
                0x00010000        0x0
                0x00010000                _start_uninit_RESERVED = .
 *(SORT_BY_ALIGNMENT(.bss.$RESERVED*))
                0x00010000                . = ALIGN (0x4)
                0x00010000                _end_uninit_RESERVED = .

.data           0x00010000    0x6b08c load address 0x08009608
 FILL mask 0xff
                0x00010000                _data = .
                [!provide]                PROVIDE (__start_data_RAM = .)
                [!provide]                PROVIDE (__start_data_SRAM = .)
 *(SORT_BY_ALIGNMENT(vtable))
 *(SORT_BY_ALIGNMENT(.ramfunc*))
 *(SORT_BY_ALIGNMENT(CodeQuickAccess))
 CodeQuickAccess
                0x00010000      0xcf8 ./drivers/fsl_power.o
                0x00010000                POWER_EnterRbb
                0x0001011c                POWER_EnterFbb
                0x00010238                POWER_EnterNbb
                0x0001034c                POWER_EnterDeepSleep
 CodeQuickAccess
                0x00010cf8      0x1f0 ./board/board.o
                0x00010cf8                BOARD_SetFlexspiClock
                0x00010dc8                BOARD_DeinitXip
                0x00010e06                BOARD_InitXip
 CodeQuickAccess.__stub
                0x00010ee8       0x40 linker stubs
 *(SORT_BY_ALIGNMENT(DataQuickAccess))
 DataQuickAccess
                0x00010f28        0xc ./drivers/fsl_power.o
 *(SORT_BY_ALIGNMENT(RamFunction))
 *(SORT_BY_ALIGNMENT(.data*))
 *fill*         0x00010f34        0xc ff
 .data.constantWeight
                0x00010f40    0x69500 ./source/main_cm33.o
                0x00010f40                constantWeight
 .data.inputAddr
                0x0007a440        0x4 ./source/main_cm33.o
                0x0007a440                inputAddr
 .data.outputAddr
                0x0007a444        0x4 ./source/main_cm33.o
                0x0007a444                outputAddr
 .data.imageData
                0x0007a448      0xc40 ./source/main_cm33.o
                0x0007a448                imageData
 .data.SystemCoreClock
                0x0007b088        0x4 ./MIMXRT685S/system_MIMXRT685S_cm33.o
                0x0007b088                SystemCoreClock
                0x0007b08c                . = ALIGN (0x4)
                0x0007b08c                _edata = .
                [!provide]                PROVIDE (__end_data_RAM = .)
                [!provide]                PROVIDE (__end_data_SRAM = .)

.igot.plt       0x0007b08c        0x0 load address 0x08074694
 .igot.plt      0x0007b08c        0x0 ./utilities/fsl_assert.o

.bss_RAM2       0x40140000        0x0
                [!provide]                PROVIDE (__start_bss_RAM2 = .)
                [!provide]                PROVIDE (__start_bss_USB_RAM = .)
 *(SORT_BY_ALIGNMENT(.bss.$RAM2))
 *(SORT_BY_ALIGNMENT(.bss.$USB_RAM))
 *(SORT_BY_ALIGNMENT(.bss.$RAM2.*))
 *(SORT_BY_ALIGNMENT(.bss.$USB_RAM.*))
                0x40140000                . = ALIGN ((. != 0x0)?0x4:0x1)
                [!provide]                PROVIDE (__end_bss_RAM2 = .)
                [!provide]                PROVIDE (__end_bss_USB_RAM = .)

.bss            0x0007b0c0     0x61c8
                0x0007b0c0                _bss = .
                [!provide]                PROVIDE (__start_bss_RAM = .)
                [!provide]                PROVIDE (__start_bss_SRAM = .)
 *(SORT_BY_ALIGNMENT(.bss*))
 .bss.mutableWeight
                0x0007b0c0      0xc80 ./source/main_cm33.o
                0x0007b0c0                mutableWeight
 .bss.activations
                0x0007bd40     0x5200 ./source/main_cm33.o
                0x0007bd40                activations
 .bss.isr_table
                0x00080f40       0x80 ./rpmsg_lite/env/freertos/rpmsg_env_freertos.o
 .bss.pxCurrentTCB
                0x00080fc0        0x4 ./freertos/freertos_kernel/tasks.o
                0x00080fc0                pxCurrentTCB
 .bss.pxReadyTasksLists
                0x00080fc4       0x64 ./freertos/freertos_kernel/tasks.o
 .bss.pxDelayedTaskList
                0x00081028        0x4 ./freertos/freertos_kernel/tasks.o
 .bss.pxOverflowDelayedTaskList
                0x0008102c        0x4 ./freertos/freertos_kernel/tasks.o
 .bss.xTickCount
                0x00081030        0x4 ./freertos/freertos_kernel/tasks.o
 .bss.uxTopReadyPriority
                0x00081034        0x4 ./freertos/freertos_kernel/tasks.o
 .bss.xPendedTicks
                0x00081038        0x4 ./freertos/freertos_kernel/tasks.o
 .bss.xYieldPending
                0x0008103c        0x4 ./freertos/freertos_kernel/tasks.o
 .bss.xNumOfOverflows
                0x00081040        0x4 ./freertos/freertos_kernel/tasks.o
 .bss.xNextTaskUnblockTime
                0x00081044        0x4 ./freertos/freertos_kernel/tasks.o
 .bss.uxSchedulerSuspended
                0x00081048        0x4 ./freertos/freertos_kernel/tasks.o
 .bss.g_xtalFreq
                0x0008104c        0x4 ./drivers/fsl_clock.o
                0x0008104c                g_xtalFreq
 .bss.g_clkinFreq
                0x00081050        0x4 ./drivers/fsl_clock.o
                0x00081050                g_clkinFreq
 .bss.g_mclkFreq
                0x00081054        0x4 ./drivers/fsl_clock.o
                0x00081054                g_mclkFreq
 .bss.s_DMAHandle
                0x00081058      0x108 ./drivers/fsl_dma.o
 .bss.s_flexcommIrqHandler
                0x00081160       0x28 ./drivers/fsl_flexcomm.o
 .bss.s_flexcommHandle
                0x00081188       0x28 ./drivers/fsl_flexcomm.o
 .bss.s_flexspiHandle
                0x000811b0        0x4 ./drivers/fsl_flexspi.o
 .bss.s_flexspiIsr
                0x000811b4        0x4 ./drivers/fsl_flexspi.o
 .bss.s_i3cMasterIsr
                0x000811b8        0x4 ./drivers/fsl_i3c.o
 .bss.s_i3cMasterHandle
                0x000811bc        0x4 ./drivers/fsl_i3c.o
 .bss.s_i3cSlaveIsr
                0x000811c0        0x4 ./drivers/fsl_i3c.o
 .bss.s_i3cSlaveHandle
                0x000811c4        0x4 ./drivers/fsl_i3c.o
 .bss.errno     0x000811c8        0x4 c:/nxp/mcuxpressoide_11.3.0_5222/ide/plugins/com.nxp.mcuxpresso.tools.win32_11.3.0.202008311133/tools/bin/../lib/gcc/arm-none-eabi/9.3.1/../../../../arm-none-eabi/lib/thumb/v8-m.main+fp/hard\libcr_c.a(errno.o)
                0x000811c8                errno
 .bss.__end_of_heap
                0x000811cc        0x4 c:/nxp/mcuxpressoide_11.3.0_5222/ide/plugins/com.nxp.mcuxpresso.tools.win32_11.3.0.202008311133/tools/bin/../lib/gcc/arm-none-eabi/9.3.1/../../../../arm-none-eabi/lib/thumb/v8-m.main+fp/hard\libcr_c.a(__init_alloc.o)
                0x000811cc                __end_of_heap
 .bss.__heaps   0x000811d0        0x4 c:/nxp/mcuxpressoide_11.3.0_5222/ide/plugins/com.nxp.mcuxpresso.tools.win32_11.3.0.202008311133/tools/bin/../lib/gcc/arm-none-eabi/9.3.1/../../../../arm-none-eabi/lib/thumb/v8-m.main+fp/hard\libcr_c.a(__init_alloc.o)
                0x000811d0                __heaps
 .bss.__Ciob    0x000811d4       0xb4 c:/nxp/mcuxpressoide_11.3.0_5222/ide/plugins/com.nxp.mcuxpresso.tools.win32_11.3.0.202008311133/tools/bin/../lib/gcc/arm-none-eabi/9.3.1/../../../../arm-none-eabi/lib/thumb/v8-m.main+fp/hard\libcr_semihost_nf.a(__ciob.o)
                0x000811d4                __Ciob
 *(SORT_BY_ALIGNMENT(COMMON))
                0x00081288                . = ALIGN (0x4)
                0x00081288                _ebss = .
                [!provide]                PROVIDE (__end_bss_RAM = .)
                [!provide]                PROVIDE (__end_bss_SRAM = .)
                [!provide]                PROVIDE (end = .)

.noinit_RAM2    0x40140000        0x0
                [!provide]                PROVIDE (__start_noinit_RAM2 = .)
                [!provide]                PROVIDE (__start_noinit_USB_RAM = .)
 *(SORT_BY_ALIGNMENT(.noinit.$RAM2))
 *(SORT_BY_ALIGNMENT(.noinit.$USB_RAM))
 *(SORT_BY_ALIGNMENT(.noinit.$RAM2.*))
 *(SORT_BY_ALIGNMENT(.noinit.$USB_RAM.*))
                0x40140000                . = ALIGN (0x4)
                [!provide]                PROVIDE (__end_noinit_RAM2 = .)
                [!provide]                PROVIDE (__end_noinit_USB_RAM = .)

.noinit         0x00081288        0x0
                0x00081288                _noinit = .
                [!provide]                PROVIDE (__start_noinit_RAM = .)
                [!provide]                PROVIDE (__start_noinit_SRAM = .)
 *(SORT_BY_ALIGNMENT(.noinit*))
                0x00081288                . = ALIGN (0x4)
                0x00081288                _end_noinit = .
                [!provide]                PROVIDE (__end_noinit_RAM = .)
                [!provide]                PROVIDE (__end_noinit_SRAM = .)
                0x00001000                _HeapSize = 0x1000

.heap           0x00081288     0x1000
                0x00081288                _pvHeapStart = .
                0x00082288                . = (. + _HeapSize)
 *fill*         0x00081288     0x1000 
                0x00082288                . = ALIGN (0x4)
                0x00082288                _pvHeapLimit = .
                0x00001000                _StackSize = 0x1000

.heap2stackfill
                0x00082288     0x1000
                0x00083288                . = (. + _StackSize)
 *fill*         0x00082288     0x1000 

.stack          0x002ff000        0x0
                0x002ff000                _vStackBase = .
                0x002ff000                . = ALIGN (0x4)
                0x00300000                _vStackTop = (. + _StackSize)
                0x08001000                _image_start = LOADADDR (.text)
                0x08074694                _image_end = (LOADADDR (.data) + SIZEOF (.data))
                0x00073694                _image_size = (_image_end - _image_start)
                0x08001000                __imghdr_loadaddress = LOADADDR (.text)
                0x00000004                __imghdr_imagetype = 0x4
OUTPUT(lenet_Eglow_2.9.0_685_tutorial_re.axf elf32-littlearm)
LOAD linker stubs

.debug_info     0x00000000    0x2126e
 .debug_info    0x00000000      0x266 ./utilities/fsl_assert.o
 .debug_info    0x00000266      0x804 ./source/main_cm33.o
 .debug_info    0x00000a6a       0x3c ./source/semihost_hardfault.o
 .debug_info    0x00000aa6     0x10a3 ./rpmsg_lite/porting/rpmsg_platform.o
 .debug_info    0x00001b49      0xce7 ./rpmsg_lite/env/freertos/rpmsg_env_freertos.o
 .debug_info    0x00002830      0xdf6 ./rpmsg_lite/virtqueue.o
 .debug_info    0x00003626      0x1a0 ./glow_utils/glow_bundle_utils.o
 .debug_info    0x000037c6      0x2fa ./freertos/freertos_kernel/portable/GCC/ARM_CM33_NTZ/non_secure/port.o
 .debug_info    0x00003ac0      0x191 ./freertos/freertos_kernel/portable/GCC/ARM_CM33_NTZ/non_secure/portasm.o
 .debug_info    0x00003c51      0x302 ./freertos/freertos_kernel/list.o
 .debug_info    0x00003f53     0x19a0 ./freertos/freertos_kernel/tasks.o
 .debug_info    0x000058f3      0x861 ./flash_config/flash_config.o
 .debug_info    0x00006154     0x2ebb ./drivers/fsl_clock.o
 .debug_info    0x0000900f      0x2ce ./drivers/fsl_common.o
 .debug_info    0x000092dd     0x2864 ./drivers/fsl_dma.o
 .debug_info    0x0000bb41     0x183c ./drivers/fsl_flexcomm.o
 .debug_info    0x0000d37d     0x25fc ./drivers/fsl_flexspi.o
 .debug_info    0x0000f979     0x3bb3 ./drivers/fsl_i3c.o
 .debug_info    0x0001352c     0x2246 ./drivers/fsl_inputmux.o
 .debug_info    0x00015772     0x2bb6 ./drivers/fsl_power.o
 .debug_info    0x00018328      0x53c ./drivers/fsl_reset.o
 .debug_info    0x00018864     0x3500 ./board/board.o
 .debug_info    0x0001bd64     0x1cf9 ./board/clock_config.o
 .debug_info    0x0001da5d      0x124 ./board/counter.o
 .debug_info    0x0001db81     0x1eda ./board/pin_mux.o
 .debug_info    0x0001fa5b      0x6fb ./MIMXRT685S/mcuxpresso/startup_mimxrt685s.o
 .debug_info    0x00020156     0x1118 ./MIMXRT685S/system_MIMXRT685S_cm33.o

.debug_abbrev   0x00000000     0x37ee
 .debug_abbrev  0x00000000       0xf8 ./utilities/fsl_assert.o
 .debug_abbrev  0x000000f8      0x186 ./source/main_cm33.o
 .debug_abbrev  0x0000027e       0x31 ./source/semihost_hardfault.o
 .debug_abbrev  0x000002af      0x31c ./rpmsg_lite/porting/rpmsg_platform.o
 .debug_abbrev  0x000005cb      0x244 ./rpmsg_lite/env/freertos/rpmsg_env_freertos.o
 .debug_abbrev  0x0000080f      0x29d ./rpmsg_lite/virtqueue.o
 .debug_abbrev  0x00000aac      0x110 ./glow_utils/glow_bundle_utils.o
 .debug_abbrev  0x00000bbc      0x17c ./freertos/freertos_kernel/portable/GCC/ARM_CM33_NTZ/non_secure/port.o
 .debug_abbrev  0x00000d38       0xfd ./freertos/freertos_kernel/portable/GCC/ARM_CM33_NTZ/non_secure/portasm.o
 .debug_abbrev  0x00000e35      0x12d ./freertos/freertos_kernel/list.o
 .debug_abbrev  0x00000f62      0x2ea ./freertos/freertos_kernel/tasks.o
 .debug_abbrev  0x0000124c      0x13b ./flash_config/flash_config.o
 .debug_abbrev  0x00001387      0x34c ./drivers/fsl_clock.o
 .debug_abbrev  0x000016d3      0x191 ./drivers/fsl_common.o
 .debug_abbrev  0x00001864      0x33b ./drivers/fsl_dma.o
 .debug_abbrev  0x00001b9f      0x2ad ./drivers/fsl_flexcomm.o
 .debug_abbrev  0x00001e4c      0x331 ./drivers/fsl_flexspi.o
 .debug_abbrev  0x0000217d      0x3ee ./drivers/fsl_i3c.o
 .debug_abbrev  0x0000256b      0x1db ./drivers/fsl_inputmux.o
 .debug_abbrev  0x00002746      0x451 ./drivers/fsl_power.o
 .debug_abbrev  0x00002b97      0x145 ./drivers/fsl_reset.o
 .debug_abbrev  0x00002cdc      0x351 ./board/board.o
 .debug_abbrev  0x0000302d      0x218 ./board/clock_config.o
 .debug_abbrev  0x00003245       0xa3 ./board/counter.o
 .debug_abbrev  0x000032e8      0x1ed ./board/pin_mux.o
 .debug_abbrev  0x000034d5      0x15a ./MIMXRT685S/mcuxpresso/startup_mimxrt685s.o
 .debug_abbrev  0x0000362f      0x1bf ./MIMXRT685S/system_MIMXRT685S_cm33.o

.debug_aranges  0x00000000     0x1398
 .debug_aranges
                0x00000000       0x20 ./utilities/fsl_assert.o
 .debug_aranges
                0x00000020       0x20 ./source/main_cm33.o
 .debug_aranges
                0x00000040       0x20 ./source/semihost_hardfault.o
 .debug_aranges
                0x00000060       0xe0 ./rpmsg_lite/porting/rpmsg_platform.o
 .debug_aranges
                0x00000140      0x148 ./rpmsg_lite/env/freertos/rpmsg_env_freertos.o
 .debug_aranges
                0x00000288       0xf8 ./rpmsg_lite/virtqueue.o
 .debug_aranges
                0x00000380       0x30 ./glow_utils/glow_bundle_utils.o
 .debug_aranges
                0x000003b0       0x78 ./freertos/freertos_kernel/portable/GCC/ARM_CM33_NTZ/non_secure/port.o
 .debug_aranges
                0x00000428       0x60 ./freertos/freertos_kernel/portable/GCC/ARM_CM33_NTZ/non_secure/portasm.o
 .debug_aranges
                0x00000488       0x40 ./freertos/freertos_kernel/list.o
 .debug_aranges
                0x000004c8      0x1f8 ./freertos/freertos_kernel/tasks.o
 .debug_aranges
                0x000006c0       0x18 ./flash_config/flash_config.o
 .debug_aranges
                0x000006d8      0x198 ./drivers/fsl_clock.o
 .debug_aranges
                0x00000870       0x38 ./drivers/fsl_common.o
 .debug_aranges
                0x000008a8      0x138 ./drivers/fsl_dma.o
 .debug_aranges
                0x000009e0       0x98 ./drivers/fsl_flexcomm.o
 .debug_aranges
                0x00000a78       0xf0 ./drivers/fsl_flexspi.o
 .debug_aranges
                0x00000b68      0x230 ./drivers/fsl_i3c.o
 .debug_aranges
                0x00000d98       0x48 ./drivers/fsl_inputmux.o
 .debug_aranges
                0x00000de0      0x178 ./drivers/fsl_power.o
 .debug_aranges
                0x00000f58       0x30 ./drivers/fsl_reset.o
 .debug_aranges
                0x00000f88       0xc8 ./board/board.o
 .debug_aranges
                0x00001050       0x48 ./board/clock_config.o
 .debug_aranges
                0x00001098       0x20 ./board/counter.o
 .debug_aranges
                0x000010b8       0x38 ./board/pin_mux.o
 .debug_aranges
                0x000010f0      0x268 ./MIMXRT685S/mcuxpresso/startup_mimxrt685s.o
 .debug_aranges
                0x00001358       0x40 ./MIMXRT685S/system_MIMXRT685S_cm33.o

.debug_ranges   0x00000000     0x11e0
 .debug_ranges  0x00000000       0x10 ./utilities/fsl_assert.o
 .debug_ranges  0x00000010       0x10 ./source/main_cm33.o
 .debug_ranges  0x00000020       0x10 ./source/semihost_hardfault.o
 .debug_ranges  0x00000030       0xd0 ./rpmsg_lite/porting/rpmsg_platform.o
 .debug_ranges  0x00000100      0x138 ./rpmsg_lite/env/freertos/rpmsg_env_freertos.o
 .debug_ranges  0x00000238       0xe8 ./rpmsg_lite/virtqueue.o
 .debug_ranges  0x00000320       0x20 ./glow_utils/glow_bundle_utils.o
 .debug_ranges  0x00000340       0x68 ./freertos/freertos_kernel/portable/GCC/ARM_CM33_NTZ/non_secure/port.o
 .debug_ranges  0x000003a8       0x50 ./freertos/freertos_kernel/portable/GCC/ARM_CM33_NTZ/non_secure/portasm.o
 .debug_ranges  0x000003f8       0x30 ./freertos/freertos_kernel/list.o
 .debug_ranges  0x00000428      0x1e8 ./freertos/freertos_kernel/tasks.o
 .debug_ranges  0x00000610      0x188 ./drivers/fsl_clock.o
 .debug_ranges  0x00000798       0x28 ./drivers/fsl_common.o
 .debug_ranges  0x000007c0      0x128 ./drivers/fsl_dma.o
 .debug_ranges  0x000008e8       0x88 ./drivers/fsl_flexcomm.o
 .debug_ranges  0x00000970       0xe0 ./drivers/fsl_flexspi.o
 .debug_ranges  0x00000a50      0x220 ./drivers/fsl_i3c.o
 .debug_ranges  0x00000c70       0x38 ./drivers/fsl_inputmux.o
 .debug_ranges  0x00000ca8      0x168 ./drivers/fsl_power.o
 .debug_ranges  0x00000e10       0x20 ./drivers/fsl_reset.o
 .debug_ranges  0x00000e30       0xb8 ./board/board.o
 .debug_ranges  0x00000ee8       0x38 ./board/clock_config.o
 .debug_ranges  0x00000f20       0x10 ./board/counter.o
 .debug_ranges  0x00000f30       0x28 ./board/pin_mux.o
 .debug_ranges  0x00000f58      0x258 ./MIMXRT685S/mcuxpresso/startup_mimxrt685s.o
 .debug_ranges  0x000011b0       0x30 ./MIMXRT685S/system_MIMXRT685S_cm33.o

.debug_macro    0x00000000    0x2356d
 .debug_macro   0x00000000      0x1d4 ./utilities/fsl_assert.o
 .debug_macro   0x000001d4      0xb0e ./utilities/fsl_assert.o
 .debug_macro   0x00000ce2       0x10 ./utilities/fsl_assert.o
 .debug_macro   0x00000cf2       0x1c ./utilities/fsl_assert.o
 .debug_macro   0x00000d0e       0x22 ./utilities/fsl_assert.o
 .debug_macro   0x00000d30      0x12e ./utilities/fsl_assert.o
 .debug_macro   0x00000e5e      0x5b3 ./utilities/fsl_assert.o
 .debug_macro   0x00001411       0x22 ./utilities/fsl_assert.o
 .debug_macro   0x00001433       0x10 ./utilities/fsl_assert.o
 .debug_macro   0x00001443       0x46 ./utilities/fsl_assert.o
 .debug_macro   0x00001489       0x1c ./utilities/fsl_assert.o
 .debug_macro   0x000014a5       0x29 ./utilities/fsl_assert.o
 .debug_macro   0x000014ce      0x101 ./utilities/fsl_assert.o
 .debug_macro   0x000015cf     0x1336 ./utilities/fsl_assert.o
 .debug_macro   0x00002905       0x5e ./utilities/fsl_assert.o
 .debug_macro   0x00002963       0x3a ./utilities/fsl_assert.o
 .debug_macro   0x0000299d    0x1ca9a ./utilities/fsl_assert.o
 .debug_macro   0x0001f437      0x4b1 ./utilities/fsl_assert.o
 .debug_macro   0x0001f8e8      0x10f ./utilities/fsl_assert.o
 .debug_macro   0x0001f9f7       0x16 ./utilities/fsl_assert.o
 .debug_macro   0x0001fa0d       0xa1 ./utilities/fsl_assert.o
 .debug_macro   0x0001faae      0x31d ./utilities/fsl_assert.o
 .debug_macro   0x0001fdcb       0x58 ./utilities/fsl_assert.o
 .debug_macro   0x0001fe23      0x1dc ./utilities/fsl_assert.o
 .debug_macro   0x0001ffff      0x15a ./utilities/fsl_assert.o
 .debug_macro   0x00020159      0x1c6 ./utilities/fsl_assert.o
 .debug_macro   0x0002031f       0x26 ./utilities/fsl_assert.o
 .debug_macro   0x00020345      0x36f ./utilities/fsl_assert.o
 .debug_macro   0x000206b4       0x34 ./utilities/fsl_assert.o
 .debug_macro   0x000206e8       0x16 ./utilities/fsl_assert.o
 .debug_macro   0x000206fe       0x66 ./utilities/fsl_assert.o
 .debug_macro   0x00020764       0x16 ./utilities/fsl_assert.o
 .debug_macro   0x0002077a       0x9a ./utilities/fsl_assert.o
 .debug_macro   0x00020814       0x1c ./utilities/fsl_assert.o
 .debug_macro   0x00020830      0x25a ./source/main_cm33.o
 .debug_macro   0x00020a8a       0x16 ./source/main_cm33.o
 .debug_macro   0x00020aa0       0x1c ./source/main_cm33.o
 .debug_macro   0x00020abc       0x6a ./source/main_cm33.o
 .debug_macro   0x00020b26       0x22 ./source/main_cm33.o
 .debug_macro   0x00020b48       0x28 ./source/main_cm33.o
 .debug_macro   0x00020b70      0x2b5 ./source/main_cm33.o
 .debug_macro   0x00020e25       0x4c ./source/main_cm33.o
 .debug_macro   0x00020e71       0x40 ./source/main_cm33.o
 .debug_macro   0x00020eb1       0x11 ./source/semihost_hardfault.o
 .debug_macro   0x00020ec2      0x1a1 ./rpmsg_lite/porting/rpmsg_platform.o
 .debug_macro   0x00021063       0xa0 ./rpmsg_lite/porting/rpmsg_platform.o
 .debug_macro   0x00021103       0x34 ./rpmsg_lite/porting/rpmsg_platform.o
 .debug_macro   0x00021137       0x10 ./rpmsg_lite/porting/rpmsg_platform.o
 .debug_macro   0x00021147       0x40 ./rpmsg_lite/porting/rpmsg_platform.o
 .debug_macro   0x00021187       0x19 ./rpmsg_lite/porting/rpmsg_platform.o
 .debug_macro   0x000211a0       0x4a ./rpmsg_lite/porting/rpmsg_platform.o
 .debug_macro   0x000211ea       0x10 ./rpmsg_lite/porting/rpmsg_platform.o
 .debug_macro   0x000211fa      0x179 ./rpmsg_lite/env/freertos/rpmsg_env_freertos.o
 .debug_macro   0x00021373       0x3a ./rpmsg_lite/env/freertos/rpmsg_env_freertos.o
 .debug_macro   0x000213ad       0x10 ./rpmsg_lite/env/freertos/rpmsg_env_freertos.o
 .debug_macro   0x000213bd       0x36 ./rpmsg_lite/env/freertos/rpmsg_env_freertos.o
 .debug_macro   0x000213f3       0x9a ./rpmsg_lite/env/freertos/rpmsg_env_freertos.o
 .debug_macro   0x0002148d       0x1c ./rpmsg_lite/env/freertos/rpmsg_env_freertos.o
 .debug_macro   0x000214a9       0xa9 ./rpmsg_lite/virtqueue.o
 .debug_macro   0x00021552       0x75 ./glow_utils/glow_bundle_utils.o
 .debug_macro   0x000215c7       0xc4 ./glow_utils/glow_bundle_utils.o
 .debug_macro   0x0002168b      0x2b9 ./freertos/freertos_kernel/portable/GCC/ARM_CM33_NTZ/non_secure/port.o
 .debug_macro   0x00021944       0xb6 ./freertos/freertos_kernel/portable/GCC/ARM_CM33_NTZ/non_secure/portasm.o
 .debug_macro   0x000219fa       0xb9 ./freertos/freertos_kernel/list.o
 .debug_macro   0x00021ab3      0x199 ./freertos/freertos_kernel/tasks.o
 .debug_macro   0x00021c4c       0x10 ./freertos/freertos_kernel/tasks.o
 .debug_macro   0x00021c5c       0x16 ./freertos/freertos_kernel/tasks.o
 .debug_macro   0x00021c72      0x174 ./flash_config/flash_config.o
 .debug_macro   0x00021de6       0xdc ./flash_config/flash_config.o
 .debug_macro   0x00021ec2      0x182 ./drivers/fsl_clock.o
 .debug_macro   0x00022044      0x140 ./drivers/fsl_common.o
 .debug_macro   0x00022184      0x149 ./drivers/fsl_dma.o
 .debug_macro   0x000222cd       0x5e ./drivers/fsl_dma.o
 .debug_macro   0x0002232b      0x143 ./drivers/fsl_flexcomm.o
 .debug_macro   0x0002246e       0x10 ./drivers/fsl_flexcomm.o
 .debug_macro   0x0002247e      0x15a ./drivers/fsl_flexspi.o
 .debug_macro   0x000225d8       0x16 ./drivers/fsl_flexspi.o
 .debug_macro   0x000225ee      0x167 ./drivers/fsl_i3c.o
 .debug_macro   0x00022755       0x1c ./drivers/fsl_i3c.o
 .debug_macro   0x00022771      0x14d ./drivers/fsl_inputmux.o
 .debug_macro   0x000228be       0x88 ./drivers/fsl_inputmux.o
 .debug_macro   0x00022946      0x1cb ./drivers/fsl_power.o
 .debug_macro   0x00022b11      0x13a ./drivers/fsl_reset.o
 .debug_macro   0x00022c4b      0x233 ./board/board.o
 .debug_macro   0x00022e7e       0x1c ./board/board.o
 .debug_macro   0x00022e9a       0x22 ./board/board.o
 .debug_macro   0x00022ebc       0x52 ./board/board.o
 .debug_macro   0x00022f0e      0x15a ./board/clock_config.o
 .debug_macro   0x00023068       0x47 ./board/clock_config.o
 .debug_macro   0x000230af       0x1c ./board/clock_config.o
 .debug_macro   0x000230cb      0x13d ./board/counter.o
 .debug_macro   0x00023208      0x15f ./board/pin_mux.o
 .debug_macro   0x00023367       0xac ./board/pin_mux.o
 .debug_macro   0x00023413       0x82 ./board/pin_mux.o
 .debug_macro   0x00023495       0x29 ./MIMXRT685S/mcuxpresso/startup_mimxrt685s.o
 .debug_macro   0x000234be       0xaf ./MIMXRT685S/system_MIMXRT685S_cm33.o

.debug_line     0x00000000     0xfc81
 .debug_line    0x00000000      0x75d ./utilities/fsl_assert.o
 .debug_line    0x0000075d      0xa1a ./source/main_cm33.o
 .debug_line    0x00001177       0x59 ./source/semihost_hardfault.o
 .debug_line    0x000011d0      0x961 ./rpmsg_lite/porting/rpmsg_platform.o
 .debug_line    0x00001b31      0xac0 ./rpmsg_lite/env/freertos/rpmsg_env_freertos.o
 .debug_line    0x000025f1      0x94e ./rpmsg_lite/virtqueue.o
 .debug_line    0x00002f3f      0x237 ./glow_utils/glow_bundle_utils.o
 .debug_line    0x00003176      0x617 ./freertos/freertos_kernel/portable/GCC/ARM_CM33_NTZ/non_secure/port.o
 .debug_line    0x0000378d      0x4a4 ./freertos/freertos_kernel/portable/GCC/ARM_CM33_NTZ/non_secure/portasm.o
 .debug_line    0x00003c31      0x4b3 ./freertos/freertos_kernel/list.o
 .debug_line    0x000040e4     0x1718 ./freertos/freertos_kernel/tasks.o
 .debug_line    0x000057fc      0x47b ./flash_config/flash_config.o
 .debug_line    0x00005c77     0x14c2 ./drivers/fsl_clock.o
 .debug_line    0x00007139      0x456 ./drivers/fsl_common.o
 .debug_line    0x0000758f      0xf1e ./drivers/fsl_dma.o
 .debug_line    0x000084ad      0x6bc ./drivers/fsl_flexcomm.o
 .debug_line    0x00008b69     0x1022 ./drivers/fsl_flexspi.o
 .debug_line    0x00009b8b     0x1b41 ./drivers/fsl_i3c.o
 .debug_line    0x0000b6cc      0x526 ./drivers/fsl_inputmux.o
 .debug_line    0x0000bbf2     0x14a1 ./drivers/fsl_power.o
 .debug_line    0x0000d093      0x564 ./drivers/fsl_reset.o
 .debug_line    0x0000d5f7      0xd29 ./board/board.o
 .debug_line    0x0000e320      0x4cc ./board/clock_config.o
 .debug_line    0x0000e7ec      0x3ee ./board/counter.o
 .debug_line    0x0000ebda      0x56d ./board/pin_mux.o
 .debug_line    0x0000f147      0x6b3 ./MIMXRT685S/mcuxpresso/startup_mimxrt685s.o
 .debug_line    0x0000f7fa      0x487 ./MIMXRT685S/system_MIMXRT685S_cm33.o

.debug_str      0x00000000   0x147248
 .debug_str     0x00000000   0x12ddb8 ./utilities/fsl_assert.o
                             0x12de6f (size before relaxing)
 .debug_str     0x0012ddb8     0x3ec0 ./source/main_cm33.o
                             0x131cf0 (size before relaxing)
 .debug_str     0x00131c78       0x31 ./source/semihost_hardfault.o
                               0x2fc8 (size before relaxing)
 .debug_str     0x00131ca9      0xcf4 ./rpmsg_lite/porting/rpmsg_platform.o
                             0x12b99f (size before relaxing)
 .debug_str     0x0013299d      0xf6d ./rpmsg_lite/env/freertos/rpmsg_env_freertos.o
                               0xa48d (size before relaxing)
 .debug_str     0x0013390a      0x2f9 ./rpmsg_lite/virtqueue.o
                               0x567a (size before relaxing)
 .debug_str     0x00133c03      0x57f ./glow_utils/glow_bundle_utils.o
                               0x4d57 (size before relaxing)
 .debug_str     0x00134182      0xf10 ./freertos/freertos_kernel/portable/GCC/ARM_CM33_NTZ/non_secure/port.o
                               0x9546 (size before relaxing)
 .debug_str     0x00135092       0xd2 ./freertos/freertos_kernel/portable/GCC/ARM_CM33_NTZ/non_secure/portasm.o
                               0x7928 (size before relaxing)
 .debug_str     0x00135164      0x140 ./freertos/freertos_kernel/list.o
                               0x813c (size before relaxing)
 .debug_str     0x001352a4     0x1c70 ./freertos/freertos_kernel/tasks.o
                               0xa49f (size before relaxing)
 .debug_str     0x00136f14      0x8f7 ./flash_config/flash_config.o
                             0x12c7d0 (size before relaxing)
 .debug_str     0x0013780b     0x2fa0 ./drivers/fsl_clock.o
                             0x12d9d7 (size before relaxing)
 .debug_str     0x0013a7ab      0x131 ./drivers/fsl_common.o
                             0x12a236 (size before relaxing)
 .debug_str     0x0013a8dc     0x12f6 ./drivers/fsl_dma.o
                             0x12d13a (size before relaxing)
 .debug_str     0x0013bbd2      0x36a ./drivers/fsl_flexcomm.o
                             0x12c0f4 (size before relaxing)
 .debug_str     0x0013bf3c      0xfcd ./drivers/fsl_flexspi.o
                             0x12ca38 (size before relaxing)
 .debug_str     0x0013cf09     0x2024 ./drivers/fsl_i3c.o
                             0x12def1 (size before relaxing)
 .debug_str     0x0013ef2d     0x460d ./drivers/fsl_inputmux.o
                             0x12f1f6 (size before relaxing)
 .debug_str     0x0014353a     0x1a7b ./drivers/fsl_power.o
                             0x12d453 (size before relaxing)
 .debug_str     0x00144fb5      0x13c ./drivers/fsl_reset.o
                             0x12a744 (size before relaxing)
 .debug_str     0x001450f1     0x14ee ./board/board.o
                             0x133c35 (size before relaxing)
 .debug_str     0x001465df       0x85 ./board/clock_config.o
                             0x12d395 (size before relaxing)
 .debug_str     0x00146664       0x1e ./board/counter.o
                             0x12a315 (size before relaxing)
 .debug_str     0x00146682      0x438 ./board/pin_mux.o
                             0x12e5d1 (size before relaxing)
 .debug_str     0x00146aba      0x638 ./MIMXRT685S/mcuxpresso/startup_mimxrt685s.o
                               0x367d (size before relaxing)
 .debug_str     0x001470f2      0x156 ./MIMXRT685S/system_MIMXRT685S_cm33.o
                             0x12833a (size before relaxing)

.comment        0x00000000       0x79
 .comment       0x00000000       0x4c ./utilities/fsl_assert.o
                                 0x4d (size before relaxing)
 .comment       0x0000004c       0x4d ./source/main_cm33.o
 .comment       0x0000004c       0x4d ./source/semihost_hardfault.o
 .comment       0x0000004c       0x4d ./rpmsg_lite/porting/rpmsg_platform.o
 .comment       0x0000004c       0x4d ./rpmsg_lite/env/freertos/rpmsg_env_freertos.o
 .comment       0x0000004c       0x4d ./rpmsg_lite/virtqueue.o
 .comment       0x0000004c       0x4d ./glow_utils/glow_bundle_utils.o
 .comment       0x0000004c       0x4d ./freertos/freertos_kernel/portable/GCC/ARM_CM33_NTZ/non_secure/port.o
 .comment       0x0000004c       0x4d ./freertos/freertos_kernel/portable/GCC/ARM_CM33_NTZ/non_secure/portasm.o
 .comment       0x0000004c       0x4d ./freertos/freertos_kernel/list.o
 .comment       0x0000004c       0x4d ./freertos/freertos_kernel/tasks.o
 .comment       0x0000004c       0x4d ./flash_config/flash_config.o
 .comment       0x0000004c       0x4d ./drivers/fsl_clock.o
 .comment       0x0000004c       0x4d ./drivers/fsl_common.o
 .comment       0x0000004c       0x4d ./drivers/fsl_dma.o
 .comment       0x0000004c       0x4d ./drivers/fsl_flexcomm.o
 .comment       0x0000004c       0x4d ./drivers/fsl_flexspi.o
 .comment       0x0000004c       0x4d ./drivers/fsl_i3c.o
 .comment       0x0000004c       0x4d ./drivers/fsl_inputmux.o
 .comment       0x0000004c       0x4d ./drivers/fsl_power.o
 .comment       0x0000004c       0x4d ./drivers/fsl_reset.o
 .comment       0x0000004c       0x4d ./board/board.o
 .comment       0x0000004c       0x4d ./board/clock_config.o
 .comment       0x0000004c       0x4d ./board/counter.o
 .comment       0x0000004c       0x4d ./board/pin_mux.o
 .comment       0x0000004c       0x4d ./MIMXRT685S/mcuxpresso/startup_mimxrt685s.o
 .comment       0x0000004c       0x4d ./MIMXRT685S/system_MIMXRT685S_cm33.o
 .comment       0x0000004c       0x2d C:/Users/NOTA0801/Documents/MCUXpressoIDE_11.3.0_5222/workspace/lenet_Eglow_2.9.0_685_tutorial_re/glow_bundle/Lenet_mnist.o
                                0x51a (size before relaxing)
 .comment       0x00000079       0x4d c:/nxp/mcuxpressoide_11.3.0_5222/ide/plugins/com.nxp.mcuxpresso.tools.win32_11.3.0.202008311133/tools/bin/../lib/gcc/arm-none-eabi/9.3.1/../../../../arm-none-eabi/lib/thumb/v8-m.main+fp/hard\libcr_semihost_nf.a(_cr__main.o)
 .comment       0x00000079       0x4d c:/nxp/mcuxpressoide_11.3.0_5222/ide/plugins/com.nxp.mcuxpresso.tools.win32_11.3.0.202008311133/tools/bin/../lib/gcc/arm-none-eabi/9.3.1/../../../../arm-none-eabi/lib/thumb/v8-m.main+fp/hard\libcr_c.a(memcpy.o)
 .comment       0x00000079       0x4d c:/nxp/mcuxpressoide_11.3.0_5222/ide/plugins/com.nxp.mcuxpresso.tools.win32_11.3.0.202008311133/tools/bin/../lib/gcc/arm-none-eabi/9.3.1/../../../../arm-none-eabi/lib/thumb/v8-m.main+fp/hard\libcr_c.a(memset.o)
 .comment       0x00000079       0x4d c:/nxp/mcuxpressoide_11.3.0_5222/ide/plugins/com.nxp.mcuxpresso.tools.win32_11.3.0.202008311133/tools/bin/../lib/gcc/arm-none-eabi/9.3.1/../../../../arm-none-eabi/lib/thumb/v8-m.main+fp/hard\libcr_c.a(alloc.o)
 .comment       0x00000079       0x4d c:/nxp/mcuxpressoide_11.3.0_5222/ide/plugins/com.nxp.mcuxpresso.tools.win32_11.3.0.202008311133/tools/bin/../lib/gcc/arm-none-eabi/9.3.1/../../../../arm-none-eabi/lib/thumb/v8-m.main+fp/hard\libcr_c.a(errno.o)
 .comment       0x00000079       0x4d c:/nxp/mcuxpressoide_11.3.0_5222/ide/plugins/com.nxp.mcuxpresso.tools.win32_11.3.0.202008311133/tools/bin/../lib/gcc/arm-none-eabi/9.3.1/../../../../arm-none-eabi/lib/thumb/v8-m.main+fp/hard\libcr_c.a(exp.o)
 .comment       0x00000079       0x4d c:/nxp/mcuxpressoide_11.3.0_5222/ide/plugins/com.nxp.mcuxpresso.tools.win32_11.3.0.202008311133/tools/bin/../lib/gcc/arm-none-eabi/9.3.1/../../../../arm-none-eabi/lib/thumb/v8-m.main+fp/hard\libcr_c.a(fabs.o)