startup_mimxrt1052.cpp:732:14:void NMI_Handler()	0	static
startup_mimxrt1052.cpp:736:14:void HardFault_Handler()	0	static
startup_mimxrt1052.cpp:740:14:void MemManage_Handler()	0	static
startup_mimxrt1052.cpp:744:14:void BusFault_Handler()	0	static
startup_mimxrt1052.cpp:748:14:void UsageFault_Handler()	0	static
startup_mimxrt1052.cpp:752:14:void SVC_Handler()	0	static
startup_mimxrt1052.cpp:756:14:void DebugMon_Handler()	0	static
startup_mimxrt1052.cpp:760:14:void PendSV_Handler()	0	static
startup_mimxrt1052.cpp:764:14:void SysTick_Handler()	0	static
startup_mimxrt1052.cpp:638:6:void ResetISR()	24	static
startup_mimxrt1052.cpp:604:6:void data_init(unsigned int, unsigned int, unsigned int)	16	static
startup_mimxrt1052.cpp:613:6:void bss_init(unsigned int, unsigned int)	16	static
startup_mimxrt1052.cpp:772:14:void IntDefaultHandler()	0	static
startup_mimxrt1052.cpp:782:11:void DMA0_DMA16_IRQHandler()	8	static
startup_mimxrt1052.cpp:786:11:void DMA1_DMA17_IRQHandler()	8	static
startup_mimxrt1052.cpp:790:11:void DMA2_DMA18_IRQHandler()	8	static
startup_mimxrt1052.cpp:794:11:void DMA3_DMA19_IRQHandler()	8	static
startup_mimxrt1052.cpp:798:11:void DMA4_DMA20_IRQHandler()	8	static
startup_mimxrt1052.cpp:802:11:void DMA5_DMA21_IRQHandler()	8	static
startup_mimxrt1052.cpp:806:11:void DMA6_DMA22_IRQHandler()	8	static
startup_mimxrt1052.cpp:810:11:void DMA7_DMA23_IRQHandler()	8	static
startup_mimxrt1052.cpp:814:11:void DMA8_DMA24_IRQHandler()	8	static
startup_mimxrt1052.cpp:818:11:void DMA9_DMA25_IRQHandler()	8	static
startup_mimxrt1052.cpp:822:11:void DMA10_DMA26_IRQHandler()	8	static
startup_mimxrt1052.cpp:826:11:void DMA11_DMA27_IRQHandler()	8	static
startup_mimxrt1052.cpp:830:11:void DMA12_DMA28_IRQHandler()	8	static
startup_mimxrt1052.cpp:834:11:void DMA13_DMA29_IRQHandler()	8	static
startup_mimxrt1052.cpp:838:11:void DMA14_DMA30_IRQHandler()	8	static
startup_mimxrt1052.cpp:842:11:void DMA15_DMA31_IRQHandler()	8	static
startup_mimxrt1052.cpp:846:11:void DMA_ERROR_IRQHandler()	8	static
startup_mimxrt1052.cpp:850:11:void CTI0_ERROR_IRQHandler()	8	static
startup_mimxrt1052.cpp:854:11:void CTI1_ERROR_IRQHandler()	8	static
startup_mimxrt1052.cpp:858:11:void CORE_IRQHandler()	8	static
startup_mimxrt1052.cpp:862:11:void LPUART1_IRQHandler()	8	static
startup_mimxrt1052.cpp:866:11:void LPUART2_IRQHandler()	8	static
startup_mimxrt1052.cpp:870:11:void LPUART3_IRQHandler()	8	static
startup_mimxrt1052.cpp:874:11:void LPUART4_IRQHandler()	8	static
startup_mimxrt1052.cpp:878:11:void LPUART5_IRQHandler()	8	static
startup_mimxrt1052.cpp:882:11:void LPUART6_IRQHandler()	8	static
startup_mimxrt1052.cpp:886:11:void LPUART7_IRQHandler()	8	static
startup_mimxrt1052.cpp:890:11:void LPUART8_IRQHandler()	8	static
startup_mimxrt1052.cpp:894:11:void LPI2C1_IRQHandler()	8	static
startup_mimxrt1052.cpp:898:11:void LPI2C2_IRQHandler()	8	static
startup_mimxrt1052.cpp:902:11:void LPI2C3_IRQHandler()	8	static
startup_mimxrt1052.cpp:906:11:void LPI2C4_IRQHandler()	8	static
startup_mimxrt1052.cpp:910:11:void LPSPI1_IRQHandler()	8	static
startup_mimxrt1052.cpp:914:11:void LPSPI2_IRQHandler()	8	static
startup_mimxrt1052.cpp:918:11:void LPSPI3_IRQHandler()	8	static
startup_mimxrt1052.cpp:922:11:void LPSPI4_IRQHandler()	8	static
startup_mimxrt1052.cpp:926:11:void CAN1_IRQHandler()	8	static
startup_mimxrt1052.cpp:930:11:void CAN2_IRQHandler()	8	static
startup_mimxrt1052.cpp:934:11:void FLEXRAM_IRQHandler()	8	static
startup_mimxrt1052.cpp:938:11:void KPP_IRQHandler()	8	static
startup_mimxrt1052.cpp:942:11:void TSC_DIG_IRQHandler()	8	static
startup_mimxrt1052.cpp:946:11:void GPR_IRQ_IRQHandler()	8	static
startup_mimxrt1052.cpp:950:11:void LCDIF_IRQHandler()	8	static
startup_mimxrt1052.cpp:954:11:void CSI_IRQHandler()	8	static
startup_mimxrt1052.cpp:958:11:void PXP_IRQHandler()	8	static
startup_mimxrt1052.cpp:962:11:void WDOG2_IRQHandler()	8	static
startup_mimxrt1052.cpp:966:11:void SNVS_HP_WRAPPER_IRQHandler()	8	static
startup_mimxrt1052.cpp:970:11:void SNVS_HP_WRAPPER_TZ_IRQHandler()	8	static
startup_mimxrt1052.cpp:974:11:void SNVS_LP_WRAPPER_IRQHandler()	8	static
startup_mimxrt1052.cpp:978:11:void CSU_IRQHandler()	8	static
startup_mimxrt1052.cpp:982:11:void DCP_IRQHandler()	8	static
startup_mimxrt1052.cpp:986:11:void DCP_VMI_IRQHandler()	8	static
startup_mimxrt1052.cpp:990:11:void Reserved68_IRQHandler()	8	static
startup_mimxrt1052.cpp:994:11:void TRNG_IRQHandler()	8	static
startup_mimxrt1052.cpp:998:11:void SJC_IRQHandler()	8	static
startup_mimxrt1052.cpp:1002:11:void BEE_IRQHandler()	8	static
startup_mimxrt1052.cpp:1006:11:void SAI1_IRQHandler()	8	static
startup_mimxrt1052.cpp:1010:11:void SAI2_IRQHandler()	8	static
startup_mimxrt1052.cpp:1014:11:void SAI3_RX_IRQHandler()	8	static
startup_mimxrt1052.cpp:1018:11:void SAI3_TX_IRQHandler()	8	static
startup_mimxrt1052.cpp:1022:11:void SPDIF_IRQHandler()	8	static
startup_mimxrt1052.cpp:1026:11:void PMU_EVENT_IRQHandler()	8	static
startup_mimxrt1052.cpp:1030:11:void Reserved78_IRQHandler()	8	static
startup_mimxrt1052.cpp:1034:11:void TEMP_LOW_HIGH_IRQHandler()	8	static
startup_mimxrt1052.cpp:1038:11:void TEMP_PANIC_IRQHandler()	8	static
startup_mimxrt1052.cpp:1042:11:void USB_PHY1_IRQHandler()	8	static
startup_mimxrt1052.cpp:1046:11:void USB_PHY2_IRQHandler()	8	static
startup_mimxrt1052.cpp:1050:11:void ADC1_IRQHandler()	8	static
startup_mimxrt1052.cpp:1054:11:void ADC2_IRQHandler()	8	static
startup_mimxrt1052.cpp:1058:11:void DCDC_IRQHandler()	8	static
startup_mimxrt1052.cpp:1062:11:void Reserved86_IRQHandler()	8	static
startup_mimxrt1052.cpp:1066:11:void Reserved87_IRQHandler()	8	static
startup_mimxrt1052.cpp:1070:11:void GPIO1_INT0_IRQHandler()	8	static
startup_mimxrt1052.cpp:1074:11:void GPIO1_INT1_IRQHandler()	8	static
startup_mimxrt1052.cpp:1078:11:void GPIO1_INT2_IRQHandler()	8	static
startup_mimxrt1052.cpp:1082:11:void GPIO1_INT3_IRQHandler()	8	static
startup_mimxrt1052.cpp:1086:11:void GPIO1_INT4_IRQHandler()	8	static
startup_mimxrt1052.cpp:1090:11:void GPIO1_INT5_IRQHandler()	8	static
startup_mimxrt1052.cpp:1094:11:void GPIO1_INT6_IRQHandler()	8	static
startup_mimxrt1052.cpp:1098:11:void GPIO1_INT7_IRQHandler()	8	static
startup_mimxrt1052.cpp:1102:11:void GPIO1_Combined_0_15_IRQHandler()	8	static
startup_mimxrt1052.cpp:1106:11:void GPIO1_Combined_16_31_IRQHandler()	8	static
startup_mimxrt1052.cpp:1110:11:void GPIO2_Combined_0_15_IRQHandler()	8	static
startup_mimxrt1052.cpp:1114:11:void GPIO2_Combined_16_31_IRQHandler()	8	static
startup_mimxrt1052.cpp:1118:11:void GPIO3_Combined_0_15_IRQHandler()	8	static
startup_mimxrt1052.cpp:1122:11:void GPIO3_Combined_16_31_IRQHandler()	8	static
startup_mimxrt1052.cpp:1126:11:void GPIO4_Combined_0_15_IRQHandler()	8	static
startup_mimxrt1052.cpp:1130:11:void GPIO4_Combined_16_31_IRQHandler()	8	static
startup_mimxrt1052.cpp:1134:11:void GPIO5_Combined_0_15_IRQHandler()	8	static
startup_mimxrt1052.cpp:1138:11:void GPIO5_Combined_16_31_IRQHandler()	8	static
startup_mimxrt1052.cpp:1142:11:void FLEXIO1_IRQHandler()	8	static
startup_mimxrt1052.cpp:1146:11:void FLEXIO2_IRQHandler()	8	static
startup_mimxrt1052.cpp:1150:11:void WDOG1_IRQHandler()	8	static
startup_mimxrt1052.cpp:1154:11:void RTWDOG_IRQHandler()	8	static
startup_mimxrt1052.cpp:1158:11:void EWM_IRQHandler()	8	static
startup_mimxrt1052.cpp:1162:11:void CCM_1_IRQHandler()	8	static
startup_mimxrt1052.cpp:1166:11:void CCM_2_IRQHandler()	8	static
startup_mimxrt1052.cpp:1170:11:void GPC_IRQHandler()	8	static
startup_mimxrt1052.cpp:1174:11:void SRC_IRQHandler()	8	static
startup_mimxrt1052.cpp:1178:11:void Reserved115_IRQHandler()	8	static
startup_mimxrt1052.cpp:1182:11:void GPT1_IRQHandler()	8	static
startup_mimxrt1052.cpp:1186:11:void GPT2_IRQHandler()	8	static
startup_mimxrt1052.cpp:1190:11:void PWM1_0_IRQHandler()	8	static
startup_mimxrt1052.cpp:1194:11:void PWM1_1_IRQHandler()	8	static
startup_mimxrt1052.cpp:1198:11:void PWM1_2_IRQHandler()	8	static
startup_mimxrt1052.cpp:1202:11:void PWM1_3_IRQHandler()	8	static
startup_mimxrt1052.cpp:1206:11:void PWM1_FAULT_IRQHandler()	8	static
startup_mimxrt1052.cpp:1210:11:void Reserved123_IRQHandler()	8	static
startup_mimxrt1052.cpp:1214:11:void FLEXSPI_IRQHandler()	8	static
startup_mimxrt1052.cpp:1218:11:void SEMC_IRQHandler()	8	static
startup_mimxrt1052.cpp:1222:11:void USDHC1_IRQHandler()	8	static
startup_mimxrt1052.cpp:1226:11:void USDHC2_IRQHandler()	8	static
startup_mimxrt1052.cpp:1230:11:void USB_OTG2_IRQHandler()	8	static
startup_mimxrt1052.cpp:1234:11:void USB_OTG1_IRQHandler()	8	static
startup_mimxrt1052.cpp:1238:11:void ENET_IRQHandler()	8	static
startup_mimxrt1052.cpp:1242:11:void ENET_1588_Timer_IRQHandler()	8	static
startup_mimxrt1052.cpp:1246:11:void XBAR1_IRQ_0_1_IRQHandler()	8	static
startup_mimxrt1052.cpp:1250:11:void XBAR1_IRQ_2_3_IRQHandler()	8	static
startup_mimxrt1052.cpp:1254:11:void ADC_ETC_IRQ0_IRQHandler()	8	static
startup_mimxrt1052.cpp:1258:11:void ADC_ETC_IRQ1_IRQHandler()	8	static
startup_mimxrt1052.cpp:1262:11:void ADC_ETC_IRQ2_IRQHandler()	8	static
startup_mimxrt1052.cpp:1266:11:void ADC_ETC_ERROR_IRQ_IRQHandler()	8	static
startup_mimxrt1052.cpp:1270:11:void PIT_IRQHandler()	8	static
startup_mimxrt1052.cpp:1274:11:void ACMP1_IRQHandler()	8	static
startup_mimxrt1052.cpp:1278:11:void ACMP2_IRQHandler()	8	static
startup_mimxrt1052.cpp:1282:11:void ACMP3_IRQHandler()	8	static
startup_mimxrt1052.cpp:1286:11:void ACMP4_IRQHandler()	8	static
startup_mimxrt1052.cpp:1290:11:void Reserved143_IRQHandler()	8	static
startup_mimxrt1052.cpp:1294:11:void Reserved144_IRQHandler()	8	static
startup_mimxrt1052.cpp:1298:11:void ENC1_IRQHandler()	8	static
startup_mimxrt1052.cpp:1302:11:void ENC2_IRQHandler()	8	static
startup_mimxrt1052.cpp:1306:11:void ENC3_IRQHandler()	8	static
startup_mimxrt1052.cpp:1310:11:void ENC4_IRQHandler()	8	static
startup_mimxrt1052.cpp:1314:11:void TMR1_IRQHandler()	8	static
startup_mimxrt1052.cpp:1318:11:void TMR2_IRQHandler()	8	static
startup_mimxrt1052.cpp:1322:11:void TMR3_IRQHandler()	8	static
startup_mimxrt1052.cpp:1326:11:void TMR4_IRQHandler()	8	static
startup_mimxrt1052.cpp:1330:11:void PWM2_0_IRQHandler()	8	static
startup_mimxrt1052.cpp:1334:11:void PWM2_1_IRQHandler()	8	static
startup_mimxrt1052.cpp:1338:11:void PWM2_2_IRQHandler()	8	static
startup_mimxrt1052.cpp:1342:11:void PWM2_3_IRQHandler()	8	static
startup_mimxrt1052.cpp:1346:11:void PWM2_FAULT_IRQHandler()	8	static
startup_mimxrt1052.cpp:1350:11:void PWM3_0_IRQHandler()	8	static
startup_mimxrt1052.cpp:1354:11:void PWM3_1_IRQHandler()	8	static
startup_mimxrt1052.cpp:1358:11:void PWM3_2_IRQHandler()	8	static
startup_mimxrt1052.cpp:1362:11:void PWM3_3_IRQHandler()	8	static
startup_mimxrt1052.cpp:1366:11:void PWM3_FAULT_IRQHandler()	8	static
startup_mimxrt1052.cpp:1370:11:void PWM4_0_IRQHandler()	8	static
startup_mimxrt1052.cpp:1374:11:void PWM4_1_IRQHandler()	8	static
startup_mimxrt1052.cpp:1378:11:void PWM4_2_IRQHandler()	8	static
startup_mimxrt1052.cpp:1382:11:void PWM4_3_IRQHandler()	8	static
startup_mimxrt1052.cpp:1386:11:void PWM4_FAULT_IRQHandler()	8	static
