Archive member included to satisfy reference by file (symbol)

c:/nxp/mcuxpressoide_11.3.0_5222/ide/plugins/com.nxp.mcuxpresso.tools.win32_11.3.0.202008311133/tools/bin/../lib/gcc/arm-none-eabi/9.3.1/../../../../arm-none-eabi/lib/thumb/v7e-m+dp/hard\libcr_nohost_nf.a(_cr__main.o)
                              ./startup/startup_mimxrt1052.o (__main)
c:/nxp/mcuxpressoide_11.3.0_5222/ide/plugins/com.nxp.mcuxpresso.tools.win32_11.3.0.202008311133/tools/bin/../lib/gcc/arm-none-eabi/9.3.1/../../../../arm-none-eabi/lib/thumb/v7e-m+dp/hard\libcr_c.a(memcpy.o)
                              ./source/main.o (memcpy)
c:/nxp/mcuxpressoide_11.3.0_5222/ide/plugins/com.nxp.mcuxpresso.tools.win32_11.3.0.202008311133/tools/bin/../lib/gcc/arm-none-eabi/9.3.1/../../../../arm-none-eabi/lib/thumb/v7e-m+dp/hard\libcr_c.a(memset.o)
                              ./drivers/fsl_lpuart.o (memset)
c:/nxp/mcuxpressoide_11.3.0_5222/ide/plugins/com.nxp.mcuxpresso.tools.win32_11.3.0.202008311133/tools/bin/../lib/gcc/arm-none-eabi/9.3.1/../../../../arm-none-eabi/lib/thumb/v7e-m+dp/hard\libcr_c.a(alloc.o)
                              ./eiq/glow/bundle_utils/glow_bundle_utils.o (malloc)
c:/nxp/mcuxpressoide_11.3.0_5222/ide/plugins/com.nxp.mcuxpresso.tools.win32_11.3.0.202008311133/tools/bin/../lib/gcc/arm-none-eabi/9.3.1/../../../../arm-none-eabi/lib/thumb/v7e-m+dp/hard\libcr_c.a(exp.o)
                              ./eiq/glow/bundle_utils/glow_bundle_utils.o (exp)
c:/nxp/mcuxpressoide_11.3.0_5222/ide/plugins/com.nxp.mcuxpresso.tools.win32_11.3.0.202008311133/tools/bin/../lib/gcc/arm-none-eabi/9.3.1/../../../../arm-none-eabi/lib/thumb/v7e-m+dp/hard\libcr_c.a(fabs.o)
                              c:/nxp/mcuxpressoide_11.3.0_5222/ide/plugins/com.nxp.mcuxpresso.tools.win32_11.3.0.202008311133/tools/bin/../lib/gcc/arm-none-eabi/9.3.1/../../../../arm-none-eabi/lib/thumb/v7e-m+dp/hard\libcr_c.a(exp.o) (fabs)
c:/nxp/mcuxpressoide_11.3.0_5222/ide/plugins/com.nxp.mcuxpresso.tools.win32_11.3.0.202008311133/tools/bin/../lib/gcc/arm-none-eabi/9.3.1/../../../../arm-none-eabi/lib/thumb/v7e-m+dp/hard\libcr_c.a(initio.o)
                              c:/nxp/mcuxpressoide_11.3.0_5222/ide/plugins/com.nxp.mcuxpresso.tools.win32_11.3.0.202008311133/tools/bin/../lib/gcc/arm-none-eabi/9.3.1/../../../../arm-none-eabi/lib/thumb/v7e-m+dp/hard\libcr_nohost_nf.a(_cr__main.o) (_initio)
c:/nxp/mcuxpressoide_11.3.0_5222/ide/plugins/com.nxp.mcuxpresso.tools.win32_11.3.0.202008311133/tools/bin/../lib/gcc/arm-none-eabi/9.3.1/../../../../arm-none-eabi/lib/thumb/v7e-m+dp/hard\libcr_c.a(ldexp.o)
                              c:/nxp/mcuxpressoide_11.3.0_5222/ide/plugins/com.nxp.mcuxpresso.tools.win32_11.3.0.202008311133/tools/bin/../lib/gcc/arm-none-eabi/9.3.1/../../../../arm-none-eabi/lib/thumb/v7e-m+dp/hard\libcr_c.a(exp.o) (ldexp)
c:/nxp/mcuxpressoide_11.3.0_5222/ide/plugins/com.nxp.mcuxpresso.tools.win32_11.3.0.202008311133/tools/bin/../lib/gcc/arm-none-eabi/9.3.1/../../../../arm-none-eabi/lib/thumb/v7e-m+dp/hard\libcr_c.a(modf.o)
                              ./utilities/fsl_debug_console.o (modf)
c:/nxp/mcuxpressoide_11.3.0_5222/ide/plugins/com.nxp.mcuxpresso.tools.win32_11.3.0.202008311133/tools/bin/../lib/gcc/arm-none-eabi/9.3.1/../../../../arm-none-eabi/lib/thumb/v7e-m+dp/hard\libcr_c.a(pow.o)
                              ./utilities/fsl_debug_console.o (pow)
c:/nxp/mcuxpressoide_11.3.0_5222/ide/plugins/com.nxp.mcuxpresso.tools.win32_11.3.0.202008311133/tools/bin/../lib/gcc/arm-none-eabi/9.3.1/../../../../arm-none-eabi/lib/thumb/v7e-m+dp/hard\libcr_c.a(setvbuf.o)
                              c:/nxp/mcuxpressoide_11.3.0_5222/ide/plugins/com.nxp.mcuxpresso.tools.win32_11.3.0.202008311133/tools/bin/../lib/gcc/arm-none-eabi/9.3.1/../../../../arm-none-eabi/lib/thumb/v7e-m+dp/hard\libcr_c.a(initio.o) (setvbuf)
c:/nxp/mcuxpressoide_11.3.0_5222/ide/plugins/com.nxp.mcuxpresso.tools.win32_11.3.0.202008311133/tools/bin/../lib/gcc/arm-none-eabi/9.3.1/../../../../arm-none-eabi/lib/thumb/v7e-m+dp/hard\libcr_c.a(strlen.o)
                              ./utilities/fsl_debug_console.o (strlen)
c:/nxp/mcuxpressoide_11.3.0_5222/ide/plugins/com.nxp.mcuxpresso.tools.win32_11.3.0.202008311133/tools/bin/../lib/gcc/arm-none-eabi/9.3.1/../../../../arm-none-eabi/lib/thumb/v7e-m+dp/hard\libcr_c.a(__init_alloc.o)
                              c:/nxp/mcuxpressoide_11.3.0_5222/ide/plugins/com.nxp.mcuxpresso.tools.win32_11.3.0.202008311133/tools/bin/../lib/gcc/arm-none-eabi/9.3.1/../../../../arm-none-eabi/lib/thumb/v7e-m+dp/hard\libcr_c.a(alloc.o) (__heaps)
c:/nxp/mcuxpressoide_11.3.0_5222/ide/plugins/com.nxp.mcuxpresso.tools.win32_11.3.0.202008311133/tools/bin/../lib/gcc/arm-none-eabi/9.3.1/../../../../arm-none-eabi/lib/thumb/v7e-m+dp/hard\libcr_c.a(_cr_sbrk.o)
[...]
Memory Configuration

Name             Origin             Length             Attributes
BOARD_FLASH      0x60000000         0x04000000         xr
BOARD_SDRAM      0x80000000         0x01e00000         xrw
NCACHE_REGION    0x81e00000         0x00200000         xrw
SRAM_DTC         0x20000000         0x00020000         xrw
SRAM_ITC         0x00000000         0x00020000         xrw
SRAM_OC          0x20200000         0x00040000         xrw
*default*        0x00000000         0xffffffff

Linker script and memory map

LOAD ./xip/evkbimxrt1050_flexspi_nor_config.o
LOAD ./xip/fsl_flexspi_nor_boot.o
LOAD ./utilities/fsl_assert.o
LOAD ./utilities/fsl_debug_console.o
LOAD ./startup/startup_mimxrt1052.o
LOAD ./source/main.o
LOAD ./source/semihost_hardfault.o
LOAD ./source/timer.o
LOAD ./eiq/glow/bundle_utils/glow_bundle_utils.o
LOAD ./drivers/fsl_clock.o
LOAD ./drivers/fsl_common.o
LOAD ./drivers/fsl_gpio.o
LOAD ./drivers/fsl_lpuart.o
LOAD ./device/system_MIMXRT1052.o
LOAD ./component/uart/fsl_adapter_lpuart.o
LOAD ./component/lists/fsl_component_generic_list.o
LOAD ./board/board.o
LOAD ./board/clock_config.o
LOAD ./board/dcd.o
LOAD ./board/peripherals.o
LOAD ./board/pin_mux.o
LOAD C:/Users/NOTA0801/Documents/MCUXpressoIDE_11.3.0_5222/workspace/lenet_Pglow_2.9.0_1050_tutorial/source/Lenet_mnist.o
START GROUP
LOAD c:/nxp/mcuxpressoide_11.3.0_5222/ide/plugins/com.nxp.mcuxpresso.tools.win32_11.3.0.202008311133/tools/bin/../lib/gcc/arm-none-eabi/9.3.1/../../../../arm-none-eabi/lib/thumb/v7e-m+dp/hard\libcr_nohost_nf.a
LOAD c:/nxp/mcuxpressoide_11.3.0_5222/ide/plugins/com.nxp.mcuxpresso.tools.win32_11.3.0.202008311133/tools/bin/../lib/gcc/arm-none-eabi/9.3.1/../../../../arm-none-eabi/lib/thumb/v7e-m+dp/hard\libcr_c.a
LOAD c:/nxp/mcuxpressoide_11.3.0_5222/ide/plugins/com.nxp.mcuxpresso.tools.win32_11.3.0.202008311133/tools/bin/../lib/gcc/arm-none-eabi/9.3.1/thumb/v7e-m+dp/hard\libcr_eabihelpers.a
LOAD c:/nxp/mcuxpressoide_11.3.0_5222/ide/plugins/com.nxp.mcuxpresso.tools.win32_11.3.0.202008311133/tools/bin/../lib/gcc/arm-none-eabi/9.3.1/thumb/v7e-m+dp/hard\libgcc.a
END GROUP
                0x60000000                __base_BOARD_FLASH = 0x60000000
                0x60000000                __base_Flash = 0x60000000
                0x64000000                __top_BOARD_FLASH = 0x64000000
                0x64000000                __top_Flash = 0x64000000
                0x80000000                __base_BOARD_SDRAM = 0x80000000
                0x80000000                __base_RAM = 0x80000000
                0x81e00000                __top_BOARD_SDRAM = 0x81e00000
                0x81e00000                __top_RAM = 0x81e00000
                0x81e00000                __base_NCACHE_REGION = 0x81e00000
                0x81e00000                __base_RAM2 = 0x81e00000
                0x82000000                __top_NCACHE_REGION = 0x82000000
                0x82000000                __top_RAM2 = 0x82000000
                0x20000000                __base_SRAM_DTC = 0x20000000
                0x20000000                __base_RAM3 = 0x20000000
                0x20020000                __top_SRAM_DTC = 0x20020000
                0x20020000                __top_RAM3 = 0x20020000
                0x00000000                __base_SRAM_ITC = 0x0
                0x00000000                __base_RAM4 = 0x0
                0x00020000                __top_SRAM_ITC = 0x20000
                0x00020000                __top_RAM4 = 0x20000
                0x20200000                __base_SRAM_OC = 0x20200000
                0x20200000                __base_RAM5 = 0x20200000
                0x20240000                __top_SRAM_OC = 0x20240000
                0x20240000                __top_RAM5 = 0x20240000

.boot_hdr       0x60000000     0x2000
 FILL mask 0xff
                0x60000000                __boot_hdr_start__ = ABSOLUTE (.)
 *(SORT_BY_ALIGNMENT(.boot_hdr.conf))
 .boot_hdr.conf
                0x60000000      0x200 ./xip/evkbimxrt1050_flexspi_nor_config.o
                0x60000000                hyperflash_config
                0x00001000                . = 0x1000
 *fill*         0x60000200      0xe00 ff
 *(SORT_BY_ALIGNMENT(.boot_hdr.ivt))
 .boot_hdr.ivt  0x60001000       0x20 ./xip/fsl_flexspi_nor_boot.o
                0x60001000                image_vector_table
                0x00001020                . = 0x1020
 *(SORT_BY_ALIGNMENT(.boot_hdr.boot_data))
 .boot_hdr.boot_data
                0x60001020       0x10 ./xip/fsl_flexspi_nor_boot.o
                0x60001020                boot_data
                0x00001030                . = 0x1030
 *(SORT_BY_ALIGNMENT(.boot_hdr.dcd_data))
 .boot_hdr.dcd_data
                0x60001030      0x410 ./board/dcd.o
                0x60001030                dcd_data
                0x60001440                __boot_hdr_end__ = ABSOLUTE (.)
                0x00002000                . = 0x2000
 *fill*         0x60001440      0xbc0 ff

.text           0x60002000     0x73d0
 FILL mask 0xff
                0x60002000                __vectors_start__ = ABSOLUTE (.)
 *(SORT_BY_ALIGNMENT(.isr_vector))
 .isr_vector    0x60002000      0x2a0 ./startup/startup_mimxrt1052.o
                0x60002000                g_pfnVectors
                0x60002000                __Vectors
                0x600022a0                . = ALIGN (0x4)
                0x600022a0                __section_table_start = .
                0x600022a0                __data_section_table = .
                0x600022a0        0x4 LONG 0x600093d8 LOADADDR (.data)
                0x600022a4        0x4 LONG 0x80000000 ADDR (.data)
                0x600022a8        0x4 LONG 0x6a14c SIZEOF (.data)
                0x600022ac        0x4 LONG 0x600093d8 LOADADDR (.data_RAM2)
                0x600022b0        0x4 LONG 0x81e00000 ADDR (.data_RAM2)
                0x600022b4        0x4 LONG 0x0 SIZEOF (.data_RAM2)
                0x600022b8        0x4 LONG 0x600093d8 LOADADDR (.data_RAM3)
                0x600022bc        0x4 LONG 0x20000000 ADDR (.data_RAM3)
                0x600022c0        0x4 LONG 0x0 SIZEOF (.data_RAM3)
                0x600022c4        0x4 LONG 0x600093d8 LOADADDR (.data_RAM4)
                0x600022c8        0x4 LONG 0x0 ADDR (.data_RAM4)
                0x600022cc        0x4 LONG 0x0 SIZEOF (.data_RAM4)
                0x600022d0        0x4 LONG 0x600093d8 LOADADDR (.data_RAM5)
                0x600022d4        0x4 LONG 0x20200000 ADDR (.data_RAM5)
                0x600022d8        0x4 LONG 0x0 SIZEOF (.data_RAM5)
                0x600022dc                __data_section_table_end = .
                0x600022dc                __bss_section_table = .
                0x600022dc        0x4 LONG 0x8006a180 ADDR (.bss)
                0x600022e0        0x4 LONG 0x5f80 SIZEOF (.bss)
                0x600022e4        0x4 LONG 0x81e00000 ADDR (.bss_RAM2)
                0x600022e8        0x4 LONG 0x0 SIZEOF (.bss_RAM2)
                0x600022ec        0x4 LONG 0x20000000 ADDR (.bss_RAM3)
                0x600022f0        0x4 LONG 0x0 SIZEOF (.bss_RAM3)
                0x600022f4        0x4 LONG 0x0 ADDR (.bss_RAM4)
                0x600022f8        0x4 LONG 0x0 SIZEOF (.bss_RAM4)
                0x600022fc        0x4 LONG 0x20200000 ADDR (.bss_RAM5)
                0x60002300        0x4 LONG 0x0 SIZEOF (.bss_RAM5)
                0x60002304                __bss_section_table_end = .
                0x60002304                __section_table_end = .
 *(SORT_BY_ALIGNMENT(.after_vectors*))
 .after_vectors.reset
                0x60002304       0x58 ./startup/startup_mimxrt1052.o
                0x60002304                ResetISR
 .after_vectors.init_data
                0x6000235c       0x1e ./startup/startup_mimxrt1052.o
                0x6000235c                data_init
 .after_vectors.init_bss
                0x6000237a       0x12 ./startup/startup_mimxrt1052.o
                0x6000237a                bss_init
 .after_vectors
                0x6000238c       0x14 ./startup/startup_mimxrt1052.o
                0x6000238c                NMI_Handler
                0x60002390                MemManage_Handler
                0x60002392                BusFault_Handler
                0x60002394                UsageFault_Handler
                0x60002396                SVC_Handler
                0x60002398                DebugMon_Handler
                0x6000239a                PendSV_Handler
                0x6000239e                CCM_2_DriverIRQHandler
                0x6000239e                PIT_DriverIRQHandler
                0x6000239e                PMU_EVENT_DriverIRQHandler
                0x6000239e                PWM4_FAULT_DriverIRQHandler
                0x6000239e                SAI3_RX_DriverIRQHandler
                0x6000239e                FLEXRAM_DriverIRQHandler
                0x6000239e                LPSPI4_DriverIRQHandler
                0x6000239e                SEMC_DriverIRQHandler
                0x6000239e                SPDIF_DriverIRQHandler
                0x6000239e                PWM4_3_DriverIRQHandler
                0x6000239e                DMA13_DMA29_DriverIRQHandler
                0x6000239e                LCDIF_DriverIRQHandler
                0x6000239e                USB_PHY1_DriverIRQHandler
                0x6000239e                GPIO3_Combined_0_15_DriverIRQHandler
                0x6000239e                DMA7_DMA23_DriverIRQHandler
                0x6000239e                BEE_DriverIRQHandler
                0x6000239e                LPI2C3_DriverIRQHandler
                0x6000239e                GPR_IRQ_DriverIRQHandler
                0x6000239e                PWM2_FAULT_DriverIRQHandler
                0x6000239e                PWM3_1_DriverIRQHandler
                0x6000239e                DMA14_DMA30_DriverIRQHandler
                0x6000239e                TMR1_DriverIRQHandler
                0x6000239e                TRNG_DriverIRQHandler
                0x6000239e                PWM3_2_DriverIRQHandler
                0x6000239e                ENET_1588_Timer_DriverIRQHandler
                0x6000239e                FLEXIO2_DriverIRQHandler
                0x6000239e                GPIO2_Combined_16_31_DriverIRQHandler
                0x6000239e                Reserved143_DriverIRQHandler
                0x6000239e                LPSPI2_DriverIRQHandler
                0x6000239e                PWM4_1_DriverIRQHandler
                0x6000239e                PWM3_3_DriverIRQHandler
                0x6000239e                DMA0_DMA16_DriverIRQHandler
                0x6000239e                IntDefaultHandler
                0x6000239e                DMA2_DMA18_DriverIRQHandler
                0x6000239e                SRC_DriverIRQHandler
                0x6000239e                GPIO1_INT4_DriverIRQHandler
                0x6000239e                Reserved144_DriverIRQHandler
                0x6000239e                USDHC1_DriverIRQHandler
                0x6000239e                ENC3_DriverIRQHandler
                0x6000239e                PWM3_FAULT_DriverIRQHandler
                0x6000239e                EWM_DriverIRQHandler
                0x6000239e                TSC_DIG_DriverIRQHandler
                0x6000239e                WDOG1_DriverIRQHandler
                0x6000239e                KPP_DriverIRQHandler
                0x6000239e                ENET_DriverIRQHandler
                0x6000239e                Reserved78_DriverIRQHandler
                0x6000239e                TMR4_DriverIRQHandler
                0x6000239e                ENC2_DriverIRQHandler
                0x6000239e                ADC_ETC_IRQ2_DriverIRQHandler
                0x6000239e                GPIO1_Combined_16_31_DriverIRQHandler
                0x6000239e                GPIO1_INT7_DriverIRQHandler
                0x6000239e                SAI1_DriverIRQHandler
                0x6000239e                DCDC_DriverIRQHandler
                0x6000239e                DMA12_DMA28_DriverIRQHandler
                0x6000239e                PWM4_0_DriverIRQHandler
                0x6000239e                ADC_ETC_ERROR_IRQ_DriverIRQHandler
                0x6000239e                ACMP2_DriverIRQHandler
                0x6000239e                GPIO5_Combined_0_15_DriverIRQHandler
                0x6000239e                GPIO1_INT0_DriverIRQHandler
                0x6000239e                GPIO1_INT2_DriverIRQHandler
                0x6000239e                RTWDOG_DriverIRQHandler
                0x6000239e                FLEXSPI_DriverIRQHandler
                0x6000239e                GPT2_DriverIRQHandler
                0x6000239e                USB_PHY2_DriverIRQHandler
                0x6000239e                DMA10_DMA26_DriverIRQHandler
                0x6000239e                PWM2_1_DriverIRQHandler
                0x6000239e                PWM1_1_DriverIRQHandler
                0x6000239e                PXP_DriverIRQHandler
                0x6000239e                ADC1_DriverIRQHandler
                0x6000239e                PWM1_0_DriverIRQHandler
                0x6000239e                SJC_DriverIRQHandler
                0x6000239e                DMA1_DMA17_DriverIRQHandler
                0x6000239e                ENC1_DriverIRQHandler
                0x6000239e                ENC4_DriverIRQHandler
                0x6000239e                CAN2_DriverIRQHandler
                0x6000239e                DCP_DriverIRQHandler
                0x6000239e                CTI0_ERROR_DriverIRQHandler
                0x6000239e                DMA8_DMA24_DriverIRQHandler
                0x6000239e                GPT1_DriverIRQHandler
                0x6000239e                ACMP3_DriverIRQHandler
                0x6000239e                DMA6_DMA22_DriverIRQHandler
                0x6000239e                CSU_DriverIRQHandler
                0x6000239e                GPIO1_INT5_DriverIRQHandler
                0x6000239e                TMR3_DriverIRQHandler
                0x6000239e                TMR2_DriverIRQHandler
                0x6000239e                CTI1_ERROR_DriverIRQHandler
                0x6000239e                GPIO1_Combined_0_15_DriverIRQHandler
                0x6000239e                USDHC2_DriverIRQHandler
                0x6000239e                PWM4_2_DriverIRQHandler
                0x6000239e                Reserved87_DriverIRQHandler
                0x6000239e                SAI2_DriverIRQHandler
                0x6000239e                CORE_DriverIRQHandler
                0x6000239e                FLEXIO1_DriverIRQHandler
                0x6000239e                DMA11_DMA27_DriverIRQHandler
                0x6000239e                CSI_DriverIRQHandler
                0x6000239e                PWM2_3_DriverIRQHandler
                0x6000239e                XBAR1_IRQ_2_3_DriverIRQHandler
                0x6000239e                SNVS_HP_WRAPPER_TZ_DriverIRQHandler
                0x6000239e                GPIO3_Combined_16_31_DriverIRQHandler
                0x6000239e                PWM1_FAULT_DriverIRQHandler
                0x6000239e                LPI2C1_DriverIRQHandler
                0x6000239e                PWM2_2_DriverIRQHandler
                0x6000239e                DMA4_DMA20_DriverIRQHandler
                0x6000239e                DMA9_DMA25_DriverIRQHandler
                0x6000239e                SNVS_HP_WRAPPER_DriverIRQHandler
                0x6000239e                XBAR1_IRQ_0_1_DriverIRQHandler
                0x6000239e                ADC_ETC_IRQ1_DriverIRQHandler
                0x6000239e                LPSPI1_DriverIRQHandler
                0x6000239e                DMA3_DMA19_DriverIRQHandler
                0x6000239e                GPIO1_INT3_DriverIRQHandler
                0x6000239e                DCP_VMI_DriverIRQHandler
                0x6000239e                LPI2C4_DriverIRQHandler
                0x6000239e                GPC_DriverIRQHandler
                0x6000239e                Reserved123_DriverIRQHandler
                0x6000239e                GPIO2_Combined_0_15_DriverIRQHandler
                0x6000239e                PWM1_2_DriverIRQHandler
                0x6000239e                USB_OTG1_DriverIRQHandler
                0x6000239e                TEMP_LOW_HIGH_DriverIRQHandler
                0x6000239e                SAI3_TX_DriverIRQHandler
                0x6000239e                WDOG2_DriverIRQHandler
                0x6000239e                Reserved68_DriverIRQHandler
                0x6000239e                PWM3_0_DriverIRQHandler
                0x6000239e                GPIO4_Combined_0_15_DriverIRQHandler
                0x6000239e                GPIO4_Combined_16_31_DriverIRQHandler
                0x6000239e                GPIO5_Combined_16_31_DriverIRQHandler
                0x6000239e                DMA5_DMA21_DriverIRQHandler
                0x6000239e                CCM_1_DriverIRQHandler
                0x6000239e                ADC2_DriverIRQHandler
                0x6000239e                Reserved115_DriverIRQHandler
                0x6000239e                TEMP_PANIC_DriverIRQHandler
                0x6000239e                ACMP4_DriverIRQHandler
                0x6000239e                DMA15_DMA31_DriverIRQHandler
                0x6000239e                LPSPI3_DriverIRQHandler
                0x6000239e                PWM1_3_DriverIRQHandler
                0x6000239e                ACMP1_DriverIRQHandler
                0x6000239e                LPI2C2_DriverIRQHandler
                0x6000239e                Reserved86_DriverIRQHandler
                0x6000239e                DMA_ERROR_DriverIRQHandler
                0x6000239e                ADC_ETC_IRQ0_DriverIRQHandler
                0x6000239e                CAN1_DriverIRQHandler
                0x6000239e                GPIO1_INT6_DriverIRQHandler
                0x6000239e                GPIO1_INT1_DriverIRQHandler
                0x6000239e                PWM2_0_DriverIRQHandler
                0x6000239e                SNVS_LP_WRAPPER_DriverIRQHandler
                0x6000239e                USB_OTG2_DriverIRQHandler
 *(SORT_BY_ALIGNMENT(.text*))
 .text.exp      0x600023a0      0x13c c:/nxp/mcuxpressoide_11.3.0_5222/ide/plugins/com.nxp.mcuxpresso.tools.win32_11.3.0.202008311133/tools/bin/../lib/gcc/arm-none-eabi/9.3.1/../../../../arm-none-eabi/lib/thumb/v7e-m+dp/hard\libcr_c.a(exp.o)
                0x600023a0                exp
 *fill*         0x600024dc        0x4 ff
 .text.ldexp    0x600024e0       0x5c c:/nxp/mcuxpressoide_11.3.0_5222/ide/plugins/com.nxp.mcuxpresso.tools.win32_11.3.0.202008311133/tools/bin/../lib/gcc/arm-none-eabi/9.3.1/../../../../arm-none-eabi/lib/thumb/v7e-m+dp/hard\libcr_c.a(ldexp.o)
                0x600024e0                ldexp
 *fill*         0x6000253c        0x4 ff
 .text.pow      0x60002540      0x368 c:/nxp/mcuxpressoide_11.3.0_5222/ide/plugins/com.nxp.mcuxpresso.tools.win32_11.3.0.202008311133/tools/bin/../lib/gcc/arm-none-eabi/9.3.1/../../../../arm-none-eabi/lib/thumb/v7e-m+dp/hard\libcr_c.a(pow.o)
                0x60002540                pow
 .text.frexp    0x600028a8       0x68 c:/nxp/mcuxpressoide_11.3.0_5222/ide/plugins/com.nxp.mcuxpresso.tools.win32_11.3.0.202008311133/tools/bin/../lib/gcc/arm-none-eabi/9.3.1/../../../../arm-none-eabi/lib/thumb/v7e-m+dp/hard\libcr_c.a(frexp.o)
                0x600028a8                frexp
 .text.__assertion_failed
                0x60002910       0x18 ./utilities/fsl_assert.o
                0x60002910                __assertion_failed
 .text.DbgConsole_Init
                0x60002928       0x74 ./utilities/fsl_debug_console.o
                0x60002928                DbgConsole_Init
 .text.DbgConsole_Printf
                0x6000299c       0x40 ./utilities/fsl_debug_console.o
                0x6000299c                DbgConsole_Printf
 .text.DbgConsole_Putchar
                0x600029dc       0x30 ./utilities/fsl_debug_console.o
                0x600029dc                DbgConsole_Putchar
 .text.DbgConsole_PrintfFormattedData
                0x60002a0c      0x9a0 ./utilities/fsl_debug_console.o
 .text.main     0x600033ac      0x100 ./source/main.o
                0x600033ac                main
 .text.__NVIC_SetPriority
                0x600034ac       0x54 ./source/timer.o
 .text.SysTick_Config
                0x60003500       0x44 ./source/timer.o
 .text.SysTick_Handler
                0x60003544       0x1c ./source/timer.o
                0x60003544                SysTick_Handler
 .text.init_timer
                0x60003560       0x24 ./source/timer.o
                0x60003560                init_timer
 .text.get_time_in_us
                0x60003584       0x60 ./source/timer.o
                0x60003584                get_time_in_us
 .text.CLOCK_GetOscFreq
                0x600035e4       0x30 ./drivers/fsl_clock.o
 .text.CLOCK_InitExternalClk
                0x60003614       0x6c ./drivers/fsl_clock.o
                0x60003614                CLOCK_InitExternalClk
 .text.CLOCK_SwitchOsc
                0x60003680       0x34 ./drivers/fsl_clock.o
                0x60003680                CLOCK_SwitchOsc
 .text.CLOCK_InitRcOsc24M
                0x600036b4       0x24 ./drivers/fsl_clock.o
                0x600036b4                CLOCK_InitRcOsc24M
 .text.CLOCK_InitArmPll
                0x600036d8       0x68 ./drivers/fsl_clock.o
                0x600036d8                CLOCK_InitArmPll
 .text.CLOCK_DeinitUsb2Pll
                0x60003740       0x18 ./drivers/fsl_clock.o
                0x60003740                CLOCK_DeinitUsb2Pll
 .text.CLOCK_DeinitAudioPll
                0x60003758       0x1c ./drivers/fsl_clock.o
                0x60003758                CLOCK_DeinitAudioPll
 .text.CLOCK_DeinitEnetPll
                0x60003774       0x1c ./drivers/fsl_clock.o
                0x60003774                CLOCK_DeinitEnetPll
 .text.CLOCK_GetPllFreq
                0x60003790      0x3b8 ./drivers/fsl_clock.o
                0x60003790                CLOCK_GetPllFreq
 .text.CLOCK_ControlGate
                0x60003b48       0x64 ./drivers/fsl_lpuart.o
 .text.LPUART_GetInstance
                0x60003bac       0x4c ./drivers/fsl_lpuart.o
                0x60003bac                LPUART_GetInstance
 .text.LPUART_Init
                0x60003bf8      0x310 ./drivers/fsl_lpuart.o
                0x60003bf8                LPUART_Init
 .text.LPUART_GetDefaultConfig
                0x60003f08       0x88 ./drivers/fsl_lpuart.o
                0x60003f08                LPUART_GetDefaultConfig
 .text.LPUART_ClearStatusFlags
                0x60003f90       0xa4 ./drivers/fsl_lpuart.o
                0x60003f90                LPUART_ClearStatusFlags
 .text.LPUART_WriteBlocking
                0x60004034       0x68 ./drivers/fsl_lpuart.o
                0x60004034                LPUART_WriteBlocking
 .text.LPUART_ReadBlocking
                0x6000409c      0x160 ./drivers/fsl_lpuart.o
                0x6000409c                LPUART_ReadBlocking
 .text.LPUART1_DriverIRQHandler
                0x600041fc       0x28 ./drivers/fsl_lpuart.o
                0x600041fc                LPUART1_DriverIRQHandler
 .text.LPUART2_DriverIRQHandler
                0x60004224       0x28 ./drivers/fsl_lpuart.o
                0x60004224                LPUART2_DriverIRQHandler
 .text.LPUART3_DriverIRQHandler
                0x6000424c       0x28 ./drivers/fsl_lpuart.o
                0x6000424c                LPUART3_DriverIRQHandler
 .text.LPUART4_DriverIRQHandler
                0x60004274       0x28 ./drivers/fsl_lpuart.o
                0x60004274                LPUART4_DriverIRQHandler
 .text.LPUART5_DriverIRQHandler
                0x6000429c       0x28 ./drivers/fsl_lpuart.o
                0x6000429c                LPUART5_DriverIRQHandler
 .text.LPUART6_DriverIRQHandler
                0x600042c4       0x28 ./drivers/fsl_lpuart.o
                0x600042c4                LPUART6_DriverIRQHandler
 .text.LPUART7_DriverIRQHandler
                0x600042ec       0x28 ./drivers/fsl_lpuart.o
                0x600042ec                LPUART7_DriverIRQHandler
 .text.LPUART8_DriverIRQHandler
                0x60004314       0x28 ./drivers/fsl_lpuart.o
                0x60004314                LPUART8_DriverIRQHandler
 .text.SystemInit
                0x6000433c      0x1d8 ./device/system_MIMXRT1052.o
                0x6000433c                SystemInit
 .text.HAL_UartInit
                0x60004514      0x100 ./component/uart/fsl_adapter_lpuart.o
                0x60004514                HAL_UartInit
 .text.HAL_UartReceiveBlocking
                0x60004614       0x6c ./component/uart/fsl_adapter_lpuart.o
                0x60004614                HAL_UartReceiveBlocking
 .text.HAL_UartSendBlocking
                0x60004680       0x64 ./component/uart/fsl_adapter_lpuart.o
                0x60004680                HAL_UartSendBlocking
 .text.CLOCK_GetMux
                0x600046e4       0x44 ./board/board.o
 .text.CLOCK_GetDiv
                0x60004728       0x44 ./board/board.o
 .text.CLOCK_GetOscFreq
                0x6000476c       0x30 ./board/board.o
 .text.BOARD_DebugConsoleSrcFreq
                0x6000479c       0x64 ./board/board.o
                0x6000479c                BOARD_DebugConsoleSrcFreq
 .text.CLOCK_SetMux
                0x60004800       0x9c ./board/clock_config.o
 .text.CLOCK_SetDiv
                0x6000489c       0x9c ./board/clock_config.o
 .text.CLOCK_ControlGate
                0x60004938       0x64 ./board/clock_config.o
 .text.CLOCK_SetXtalFreq
                0x6000499c       0x20 ./board/clock_config.o
 .text.CLOCK_SetRtcXtalFreq
                0x600049bc       0x20 ./board/clock_config.o
 .text.IOMUXC_EnableMode
                0x600049dc       0x48 ./board/clock_config.o
 .text.IOMUXC_MQSConfig
                0x60004a24       0x44 ./board/clock_config.o
 .text.BOARD_BootClockRUN
                0x60004a68      0x630 ./board/clock_config.o
                0x60004a68                BOARD_BootClockRUN
 .text.CLOCK_ControlGate
                0x60005098       0x64 ./board/pin_mux.o
 .text.BOARD_InitPins
                0x600050fc       0xac ./board/pin_mux.o
                0x600050fc                BOARD_InitPins
 .text          0x600051a8     0x2422 C:/Users/NOTA0801/Documents/MCUXpressoIDE_11.3.0_5222/workspace/lenet_Pglow_2.9.0_1050_tutorial/source/Lenet_mnist.o
                0x600051a8                Lenet_mnist
 *fill*         0x600075ca        0x2 ff
 .text._initio  0x600075cc       0x78 c:/nxp/mcuxpressoide_11.3.0_5222/ide/plugins/com.nxp.mcuxpresso.tools.win32_11.3.0.202008311133/tools/bin/../lib/gcc/arm-none-eabi/9.3.1/../../../../arm-none-eabi/lib/thumb/v7e-m+dp/hard\libcr_c.a(initio.o)
                0x600075cc                _initio
 .text.modf     0x60007644       0x90 c:/nxp/mcuxpressoide_11.3.0_5222/ide/plugins/com.nxp.mcuxpresso.tools.win32_11.3.0.202008311133/tools/bin/../lib/gcc/arm-none-eabi/9.3.1/../../../../arm-none-eabi/lib/thumb/v7e-m+dp/hard\libcr_c.a(modf.o)
                0x60007644                modf
 .text.fflush   0x600076d4       0x44 c:/nxp/mcuxpressoide_11.3.0_5222/ide/plugins/com.nxp.mcuxpresso.tools.win32_11.3.0.202008311133/tools/bin/../lib/gcc/arm-none-eabi/9.3.1/../../../../arm-none-eabi/lib/thumb/v7e-m+dp/hard\libcr_c.a(fflush.o)
                0x600076d4                fflush
 .text.fseek    0x60007718      0x100 c:/nxp/mcuxpressoide_11.3.0_5222/ide/plugins/com.nxp.mcuxpresso.tools.win32_11.3.0.202008311133/tools/bin/../lib/gcc/arm-none-eabi/9.3.1/../../../../arm-none-eabi/lib/thumb/v7e-m+dp/hard\libcr_c.a(fseek.o)
                0x60007718                fseek
 .text.ftell    0x60007818       0x44 c:/nxp/mcuxpressoide_11.3.0_5222/ide/plugins/com.nxp.mcuxpresso.tools.win32_11.3.0.202008311133/tools/bin/../lib/gcc/arm-none-eabi/9.3.1/../../../../arm-none-eabi/lib/thumb/v7e-m+dp/hard\libcr_c.a(ftell.o)
                0x60007818                ftell
 .text._Cwritebuf
                0x6000785c       0x6c c:/nxp/mcuxpressoide_11.3.0_5222/ide/plugins/com.nxp.mcuxpresso.tools.win32_11.3.0.202008311133/tools/bin/../lib/gcc/arm-none-eabi/9.3.1/../../../../arm-none-eabi/lib/thumb/v7e-m+dp/hard\libcr_c.a(_writebuf.o)
                0x6000785c                _Cwritebuf
 .text.DbgConsole_PrintfPaddingCharacter
                0x600078c8       0x40 ./utilities/fsl_debug_console.o
 .text.DbgConsole_ConvertRadixNumToString
                0x60007908      0x1f0 ./utilities/fsl_debug_console.o
 .text.DbgConsole_ConvertFloatRadixNumToString
                0x60007af8      0x24c ./utilities/fsl_debug_console.o
 .text.DMA0_DMA16_IRQHandler
                0x60007d44        0x8 ./startup/startup_mimxrt1052.o
                0x60007d44                DMA0_DMA16_IRQHandler
 .text.DMA1_DMA17_IRQHandler
                0x60007d4c        0x8 ./startup/startup_mimxrt1052.o
                0x60007d4c                DMA1_DMA17_IRQHandler
 .text.DMA2_DMA18_IRQHandler
                0x60007d54        0x8 ./startup/startup_mimxrt1052.o
                0x60007d54                DMA2_DMA18_IRQHandler
 .text.DMA3_DMA19_IRQHandler
                0x60007d5c        0x8 ./startup/startup_mimxrt1052.o
                0x60007d5c                DMA3_DMA19_IRQHandler
 .text.DMA4_DMA20_IRQHandler
                0x60007d64        0x8 ./startup/startup_mimxrt1052.o
                0x60007d64                DMA4_DMA20_IRQHandler
 .text.DMA5_DMA21_IRQHandler
                0x60007d6c        0x8 ./startup/startup_mimxrt1052.o
                0x60007d6c                DMA5_DMA21_IRQHandler
 .text.DMA6_DMA22_IRQHandler
                0x60007d74        0x8 ./startup/startup_mimxrt1052.o
                0x60007d74                DMA6_DMA22_IRQHandler
 .text.DMA7_DMA23_IRQHandler
                0x60007d7c        0x8 ./startup/startup_mimxrt1052.o
                0x60007d7c                DMA7_DMA23_IRQHandler
 .text.DMA8_DMA24_IRQHandler
                0x60007d84        0x8 ./startup/startup_mimxrt1052.o
                0x60007d84                DMA8_DMA24_IRQHandler
 .text.DMA9_DMA25_IRQHandler
                0x60007d8c        0x8 ./startup/startup_mimxrt1052.o
                0x60007d8c                DMA9_DMA25_IRQHandler
 .text.DMA10_DMA26_IRQHandler
                0x60007d94        0x8 ./startup/startup_mimxrt1052.o
                0x60007d94                DMA10_DMA26_IRQHandler
 .text.DMA11_DMA27_IRQHandler
                0x60007d9c        0x8 ./startup/startup_mimxrt1052.o
                0x60007d9c                DMA11_DMA27_IRQHandler
 .text.DMA12_DMA28_IRQHandler
                0x60007da4        0x8 ./startup/startup_mimxrt1052.o
                0x60007da4                DMA12_DMA28_IRQHandler
 .text.DMA13_DMA29_IRQHandler
                0x60007dac        0x8 ./startup/startup_mimxrt1052.o
                0x60007dac                DMA13_DMA29_IRQHandler
 .text.DMA14_DMA30_IRQHandler
                0x60007db4        0x8 ./startup/startup_mimxrt1052.o
                0x60007db4                DMA14_DMA30_IRQHandler
 .text.DMA15_DMA31_IRQHandler
                0x60007dbc        0x8 ./startup/startup_mimxrt1052.o
                0x60007dbc                DMA15_DMA31_IRQHandler
 .text.DMA_ERROR_IRQHandler
                0x60007dc4        0x8 ./startup/startup_mimxrt1052.o
                0x60007dc4                DMA_ERROR_IRQHandler
 .text.CTI0_ERROR_IRQHandler
                0x60007dcc        0x8 ./startup/startup_mimxrt1052.o
                0x60007dcc                CTI0_ERROR_IRQHandler
 .text.CTI1_ERROR_IRQHandler
                0x60007dd4        0x8 ./startup/startup_mimxrt1052.o
                0x60007dd4                CTI1_ERROR_IRQHandler
 .text.CORE_IRQHandler
                0x60007ddc        0x8 ./startup/startup_mimxrt1052.o
                0x60007ddc                CORE_IRQHandler
 .text.LPUART1_IRQHandler
                0x60007de4        0x8 ./startup/startup_mimxrt1052.o
                0x60007de4                LPUART1_IRQHandler
 .text.LPUART2_IRQHandler
                0x60007dec        0x8 ./startup/startup_mimxrt1052.o
                0x60007dec                LPUART2_IRQHandler
 .text.LPUART3_IRQHandler
                0x60007df4        0x8 ./startup/startup_mimxrt1052.o
                0x60007df4                LPUART3_IRQHandler
 .text.LPUART4_IRQHandler
                0x60007dfc        0x8 ./startup/startup_mimxrt1052.o
                0x60007dfc                LPUART4_IRQHandler
 .text.LPUART5_IRQHandler
                0x60007e04        0x8 ./startup/startup_mimxrt1052.o
                0x60007e04                LPUART5_IRQHandler
 .text.LPUART6_IRQHandler
                0x60007e0c        0x8 ./startup/startup_mimxrt1052.o
                0x60007e0c                LPUART6_IRQHandler
 .text.LPUART7_IRQHandler
                0x60007e14        0x8 ./startup/startup_mimxrt1052.o
                0x60007e14                LPUART7_IRQHandler
 .text.LPUART8_IRQHandler
                0x60007e1c        0x8 ./startup/startup_mimxrt1052.o
                0x60007e1c                LPUART8_IRQHandler
 .text.LPI2C1_IRQHandler
                0x60007e24        0x8 ./startup/startup_mimxrt1052.o
                0x60007e24                LPI2C1_IRQHandler
 .text.LPI2C2_IRQHandler
                0x60007e2c        0x8 ./startup/startup_mimxrt1052.o
                0x60007e2c                LPI2C2_IRQHandler
 .text.LPI2C3_IRQHandler
                0x60007e34        0x8 ./startup/startup_mimxrt1052.o
                0x60007e34                LPI2C3_IRQHandler
 .text.LPI2C4_IRQHandler
                0x60007e3c        0x8 ./startup/startup_mimxrt1052.o
                0x60007e3c                LPI2C4_IRQHandler
 .text.LPSPI1_IRQHandler
                0x60007e44        0x8 ./startup/startup_mimxrt1052.o
                0x60007e44                LPSPI1_IRQHandler
 .text.LPSPI2_IRQHandler
                0x60007e4c        0x8 ./startup/startup_mimxrt1052.o
                0x60007e4c                LPSPI2_IRQHandler
 .text.LPSPI3_IRQHandler
                0x60007e54        0x8 ./startup/startup_mimxrt1052.o
                0x60007e54                LPSPI3_IRQHandler
 .text.LPSPI4_IRQHandler
                0x60007e5c        0x8 ./startup/startup_mimxrt1052.o
                0x60007e5c                LPSPI4_IRQHandler
 .text.CAN1_IRQHandler
                0x60007e64        0x8 ./startup/startup_mimxrt1052.o
                0x60007e64                CAN1_IRQHandler
 .text.CAN2_IRQHandler
                0x60007e6c        0x8 ./startup/startup_mimxrt1052.o
                0x60007e6c                CAN2_IRQHandler
 .text.FLEXRAM_IRQHandler
                0x60007e74        0x8 ./startup/startup_mimxrt1052.o
                0x60007e74                FLEXRAM_IRQHandler
 .text.KPP_IRQHandler
                0x60007e7c        0x8 ./startup/startup_mimxrt1052.o
                0x60007e7c                KPP_IRQHandler
 .text.TSC_DIG_IRQHandler
                0x60007e84        0x8 ./startup/startup_mimxrt1052.o
                0x60007e84                TSC_DIG_IRQHandler
 .text.GPR_IRQ_IRQHandler
                0x60007e8c        0x8 ./startup/startup_mimxrt1052.o
                0x60007e8c                GPR_IRQ_IRQHandler
 .text.LCDIF_IRQHandler
                0x60007e94        0x8 ./startup/startup_mimxrt1052.o
                0x60007e94                LCDIF_IRQHandler
 .text.CSI_IRQHandler
                0x60007e9c        0x8 ./startup/startup_mimxrt1052.o
                0x60007e9c                CSI_IRQHandler
 .text.PXP_IRQHandler
                0x60007ea4        0x8 ./startup/startup_mimxrt1052.o
                0x60007ea4                PXP_IRQHandler
 .text.WDOG2_IRQHandler
                0x60007eac        0x8 ./startup/startup_mimxrt1052.o
                0x60007eac                WDOG2_IRQHandler
 .text.SNVS_HP_WRAPPER_IRQHandler
                0x60007eb4        0x8 ./startup/startup_mimxrt1052.o
                0x60007eb4                SNVS_HP_WRAPPER_IRQHandler
 .text.SNVS_HP_WRAPPER_TZ_IRQHandler
                0x60007ebc        0x8 ./startup/startup_mimxrt1052.o
                0x60007ebc                SNVS_HP_WRAPPER_TZ_IRQHandler
 .text.SNVS_LP_WRAPPER_IRQHandler
                0x60007ec4        0x8 ./startup/startup_mimxrt1052.o
                0x60007ec4                SNVS_LP_WRAPPER_IRQHandler
 .text.CSU_IRQHandler
                0x60007ecc        0x8 ./startup/startup_mimxrt1052.o
                0x60007ecc                CSU_IRQHandler
 .text.DCP_IRQHandler
                0x60007ed4        0x8 ./startup/startup_mimxrt1052.o
                0x60007ed4                DCP_IRQHandler
 .text.DCP_VMI_IRQHandler
                0x60007edc        0x8 ./startup/startup_mimxrt1052.o
                0x60007edc                DCP_VMI_IRQHandler
 .text.Reserved68_IRQHandler
                0x60007ee4        0x8 ./startup/startup_mimxrt1052.o
                0x60007ee4                Reserved68_IRQHandler
 .text.TRNG_IRQHandler
                0x60007eec        0x8 ./startup/startup_mimxrt1052.o
                0x60007eec                TRNG_IRQHandler
 .text.SJC_IRQHandler
                0x60007ef4        0x8 ./startup/startup_mimxrt1052.o
                0x60007ef4                SJC_IRQHandler
 .text.BEE_IRQHandler
                0x60007efc        0x8 ./startup/startup_mimxrt1052.o
                0x60007efc                BEE_IRQHandler
 .text.SAI1_IRQHandler
                0x60007f04        0x8 ./startup/startup_mimxrt1052.o
                0x60007f04                SAI1_IRQHandler
 .text.SAI2_IRQHandler
                0x60007f0c        0x8 ./startup/startup_mimxrt1052.o
                0x60007f0c                SAI2_IRQHandler
 .text.SAI3_RX_IRQHandler
                0x60007f14        0x8 ./startup/startup_mimxrt1052.o
                0x60007f14                SAI3_RX_IRQHandler
 .text.SAI3_TX_IRQHandler
                0x60007f1c        0x8 ./startup/startup_mimxrt1052.o
                0x60007f1c                SAI3_TX_IRQHandler
 .text.SPDIF_IRQHandler
                0x60007f24        0x8 ./startup/startup_mimxrt1052.o
                0x60007f24                SPDIF_IRQHandler
 .text.PMU_EVENT_IRQHandler
                0x60007f2c        0x8 ./startup/startup_mimxrt1052.o
                0x60007f2c                PMU_EVENT_IRQHandler
 .text.Reserved78_IRQHandler
                0x60007f34        0x8 ./startup/startup_mimxrt1052.o
                0x60007f34                Reserved78_IRQHandler
 .text.TEMP_LOW_HIGH_IRQHandler
                0x60007f3c        0x8 ./startup/startup_mimxrt1052.o
                0x60007f3c                TEMP_LOW_HIGH_IRQHandler
 .text.TEMP_PANIC_IRQHandler
                0x60007f44        0x8 ./startup/startup_mimxrt1052.o
                0x60007f44                TEMP_PANIC_IRQHandler
 .text.USB_PHY1_IRQHandler
                0x60007f4c        0x8 ./startup/startup_mimxrt1052.o
                0x60007f4c                USB_PHY1_IRQHandler
 .text.USB_PHY2_IRQHandler
                0x60007f54        0x8 ./startup/startup_mimxrt1052.o
                0x60007f54                USB_PHY2_IRQHandler
 .text.ADC1_IRQHandler
                0x60007f5c        0x8 ./startup/startup_mimxrt1052.o
                0x60007f5c                ADC1_IRQHandler
 .text.ADC2_IRQHandler
                0x60007f64        0x8 ./startup/startup_mimxrt1052.o
                0x60007f64                ADC2_IRQHandler
 .text.DCDC_IRQHandler
                0x60007f6c        0x8 ./startup/startup_mimxrt1052.o
                0x60007f6c                DCDC_IRQHandler
 .text.Reserved86_IRQHandler
                0x60007f74        0x8 ./startup/startup_mimxrt1052.o
                0x60007f74                Reserved86_IRQHandler
 .text.Reserved87_IRQHandler
                0x60007f7c        0x8 ./startup/startup_mimxrt1052.o
                0x60007f7c                Reserved87_IRQHandler
 .text.GPIO1_INT0_IRQHandler
                0x60007f84        0x8 ./startup/startup_mimxrt1052.o
                0x60007f84                GPIO1_INT0_IRQHandler
 .text.GPIO1_INT1_IRQHandler
                0x60007f8c        0x8 ./startup/startup_mimxrt1052.o
                0x60007f8c                GPIO1_INT1_IRQHandler
 .text.GPIO1_INT2_IRQHandler
                0x60007f94        0x8 ./startup/startup_mimxrt1052.o
                0x60007f94                GPIO1_INT2_IRQHandler
 .text.GPIO1_INT3_IRQHandler
                0x60007f9c        0x8 ./startup/startup_mimxrt1052.o
                0x60007f9c                GPIO1_INT3_IRQHandler
 .text.GPIO1_INT4_IRQHandler
                0x60007fa4        0x8 ./startup/startup_mimxrt1052.o
                0x60007fa4                GPIO1_INT4_IRQHandler
 .text.GPIO1_INT5_IRQHandler
                0x60007fac        0x8 ./startup/startup_mimxrt1052.o
                0x60007fac                GPIO1_INT5_IRQHandler
 .text.GPIO1_INT6_IRQHandler
                0x60007fb4        0x8 ./startup/startup_mimxrt1052.o
                0x60007fb4                GPIO1_INT6_IRQHandler
 .text.GPIO1_INT7_IRQHandler
                0x60007fbc        0x8 ./startup/startup_mimxrt1052.o
                0x60007fbc                GPIO1_INT7_IRQHandler
 .text.GPIO1_Combined_0_15_IRQHandler
                0x60007fc4        0x8 ./startup/startup_mimxrt1052.o
                0x60007fc4                GPIO1_Combined_0_15_IRQHandler
 .text.GPIO1_Combined_16_31_IRQHandler
                0x60007fcc        0x8 ./startup/startup_mimxrt1052.o
                0x60007fcc                GPIO1_Combined_16_31_IRQHandler
 .text.GPIO2_Combined_0_15_IRQHandler
                0x60007fd4        0x8 ./startup/startup_mimxrt1052.o
                0x60007fd4                GPIO2_Combined_0_15_IRQHandler
 .text.GPIO2_Combined_16_31_IRQHandler
                0x60007fdc        0x8 ./startup/startup_mimxrt1052.o
                0x60007fdc                GPIO2_Combined_16_31_IRQHandler
 .text.GPIO3_Combined_0_15_IRQHandler
                0x60007fe4        0x8 ./startup/startup_mimxrt1052.o
                0x60007fe4                GPIO3_Combined_0_15_IRQHandler
 .text.GPIO3_Combined_16_31_IRQHandler
                0x60007fec        0x8 ./startup/startup_mimxrt1052.o
                0x60007fec                GPIO3_Combined_16_31_IRQHandler
 .text.GPIO4_Combined_0_15_IRQHandler
                0x60007ff4        0x8 ./startup/startup_mimxrt1052.o
                0x60007ff4                GPIO4_Combined_0_15_IRQHandler
 .text.GPIO4_Combined_16_31_IRQHandler
                0x60007ffc        0x8 ./startup/startup_mimxrt1052.o
                0x60007ffc                GPIO4_Combined_16_31_IRQHandler
 .text.GPIO5_Combined_0_15_IRQHandler
                0x60008004        0x8 ./startup/startup_mimxrt1052.o
                0x60008004                GPIO5_Combined_0_15_IRQHandler
 .text.GPIO5_Combined_16_31_IRQHandler
                0x6000800c        0x8 ./startup/startup_mimxrt1052.o
                0x6000800c                GPIO5_Combined_16_31_IRQHandler
 .text.FLEXIO1_IRQHandler
                0x60008014        0x8 ./startup/startup_mimxrt1052.o
                0x60008014                FLEXIO1_IRQHandler
 .text.FLEXIO2_IRQHandler
                0x6000801c        0x8 ./startup/startup_mimxrt1052.o
                0x6000801c                FLEXIO2_IRQHandler
 .text.WDOG1_IRQHandler
                0x60008024        0x8 ./startup/startup_mimxrt1052.o
                0x60008024                WDOG1_IRQHandler
 .text.RTWDOG_IRQHandler
                0x6000802c        0x8 ./startup/startup_mimxrt1052.o
                0x6000802c                RTWDOG_IRQHandler
 .text.EWM_IRQHandler
                0x60008034        0x8 ./startup/startup_mimxrt1052.o
                0x60008034                EWM_IRQHandler
 .text.CCM_1_IRQHandler
                0x6000803c        0x8 ./startup/startup_mimxrt1052.o
                0x6000803c                CCM_1_IRQHandler
 .text.CCM_2_IRQHandler
                0x60008044        0x8 ./startup/startup_mimxrt1052.o
                0x60008044                CCM_2_IRQHandler
 .text.GPC_IRQHandler
                0x6000804c        0x8 ./startup/startup_mimxrt1052.o
                0x6000804c                GPC_IRQHandler
 .text.SRC_IRQHandler
                0x60008054        0x8 ./startup/startup_mimxrt1052.o
                0x60008054                SRC_IRQHandler
 .text.Reserved115_IRQHandler
                0x6000805c        0x8 ./startup/startup_mimxrt1052.o
                0x6000805c                Reserved115_IRQHandler
 .text.GPT1_IRQHandler
                0x60008064        0x8 ./startup/startup_mimxrt1052.o
                0x60008064                GPT1_IRQHandler
 .text.GPT2_IRQHandler
                0x6000806c        0x8 ./startup/startup_mimxrt1052.o
                0x6000806c                GPT2_IRQHandler
 .text.PWM1_0_IRQHandler
                0x60008074        0x8 ./startup/startup_mimxrt1052.o
                0x60008074                PWM1_0_IRQHandler
 .text.PWM1_1_IRQHandler
                0x6000807c        0x8 ./startup/startup_mimxrt1052.o
                0x6000807c                PWM1_1_IRQHandler
 .text.PWM1_2_IRQHandler
                0x60008084        0x8 ./startup/startup_mimxrt1052.o
                0x60008084                PWM1_2_IRQHandler
 .text.PWM1_3_IRQHandler
                0x6000808c        0x8 ./startup/startup_mimxrt1052.o
                0x6000808c                PWM1_3_IRQHandler
 .text.PWM1_FAULT_IRQHandler
                0x60008094        0x8 ./startup/startup_mimxrt1052.o
                0x60008094                PWM1_FAULT_IRQHandler
 .text.Reserved123_IRQHandler
                0x6000809c        0x8 ./startup/startup_mimxrt1052.o
                0x6000809c                Reserved123_IRQHandler
 .text.FLEXSPI_IRQHandler
                0x600080a4        0x8 ./startup/startup_mimxrt1052.o
                0x600080a4                FLEXSPI_IRQHandler
 .text.SEMC_IRQHandler
                0x600080ac        0x8 ./startup/startup_mimxrt1052.o
                0x600080ac                SEMC_IRQHandler
 .text.USDHC1_IRQHandler
                0x600080b4        0x8 ./startup/startup_mimxrt1052.o
                0x600080b4                USDHC1_IRQHandler
 .text.USDHC2_IRQHandler
                0x600080bc        0x8 ./startup/startup_mimxrt1052.o
                0x600080bc                USDHC2_IRQHandler
 .text.USB_OTG2_IRQHandler
                0x600080c4        0x8 ./startup/startup_mimxrt1052.o
                0x600080c4                USB_OTG2_IRQHandler
 .text.USB_OTG1_IRQHandler
                0x600080cc        0x8 ./startup/startup_mimxrt1052.o
                0x600080cc                USB_OTG1_IRQHandler
 .text.ENET_IRQHandler
                0x600080d4        0x8 ./startup/startup_mimxrt1052.o
                0x600080d4                ENET_IRQHandler
 .text.ENET_1588_Timer_IRQHandler
                0x600080dc        0x8 ./startup/startup_mimxrt1052.o
                0x600080dc                ENET_1588_Timer_IRQHandler
 .text.XBAR1_IRQ_0_1_IRQHandler
                0x600080e4        0x8 ./startup/startup_mimxrt1052.o
                0x600080e4                XBAR1_IRQ_0_1_IRQHandler
 .text.XBAR1_IRQ_2_3_IRQHandler
                0x600080ec        0x8 ./startup/startup_mimxrt1052.o
                0x600080ec                XBAR1_IRQ_2_3_IRQHandler
 .text.ADC_ETC_IRQ0_IRQHandler
                0x600080f4        0x8 ./startup/startup_mimxrt1052.o
                0x600080f4                ADC_ETC_IRQ0_IRQHandler
 .text.ADC_ETC_IRQ1_IRQHandler
                0x600080fc        0x8 ./startup/startup_mimxrt1052.o
                0x600080fc                ADC_ETC_IRQ1_IRQHandler
 .text.ADC_ETC_IRQ2_IRQHandler
                0x60008104        0x8 ./startup/startup_mimxrt1052.o
                0x60008104                ADC_ETC_IRQ2_IRQHandler
 .text.ADC_ETC_ERROR_IRQ_IRQHandler
                0x6000810c        0x8 ./startup/startup_mimxrt1052.o
                0x6000810c                ADC_ETC_ERROR_IRQ_IRQHandler
 .text.PIT_IRQHandler
                0x60008114        0x8 ./startup/startup_mimxrt1052.o
                0x60008114                PIT_IRQHandler
 .text.ACMP1_IRQHandler
                0x6000811c        0x8 ./startup/startup_mimxrt1052.o
                0x6000811c                ACMP1_IRQHandler
 .text.ACMP2_IRQHandler
                0x60008124        0x8 ./startup/startup_mimxrt1052.o
                0x60008124                ACMP2_IRQHandler
 .text.ACMP3_IRQHandler
                0x6000812c        0x8 ./startup/startup_mimxrt1052.o
                0x6000812c                ACMP3_IRQHandler
 .text.ACMP4_IRQHandler
                0x60008134        0x8 ./startup/startup_mimxrt1052.o
                0x60008134                ACMP4_IRQHandler
 .text.Reserved143_IRQHandler
                0x6000813c        0x8 ./startup/startup_mimxrt1052.o
                0x6000813c                Reserved143_IRQHandler
 .text.Reserved144_IRQHandler
                0x60008144        0x8 ./startup/startup_mimxrt1052.o
                0x60008144                Reserved144_IRQHandler
 .text.ENC1_IRQHandler
                0x6000814c        0x8 ./startup/startup_mimxrt1052.o
                0x6000814c                ENC1_IRQHandler
 .text.ENC2_IRQHandler
                0x60008154        0x8 ./startup/startup_mimxrt1052.o
                0x60008154                ENC2_IRQHandler
 .text.ENC3_IRQHandler
                0x6000815c        0x8 ./startup/startup_mimxrt1052.o
                0x6000815c                ENC3_IRQHandler
 .text.ENC4_IRQHandler
                0x60008164        0x8 ./startup/startup_mimxrt1052.o
                0x60008164                ENC4_IRQHandler
 .text.TMR1_IRQHandler
                0x6000816c        0x8 ./startup/startup_mimxrt1052.o
                0x6000816c                TMR1_IRQHandler
 .text.TMR2_IRQHandler
                0x60008174        0x8 ./startup/startup_mimxrt1052.o
                0x60008174                TMR2_IRQHandler
 .text.TMR3_IRQHandler
                0x6000817c        0x8 ./startup/startup_mimxrt1052.o
                0x6000817c                TMR3_IRQHandler
 .text.TMR4_IRQHandler
                0x60008184        0x8 ./startup/startup_mimxrt1052.o
                0x60008184                TMR4_IRQHandler
 .text.PWM2_0_IRQHandler
                0x6000818c        0x8 ./startup/startup_mimxrt1052.o
                0x6000818c                PWM2_0_IRQHandler
 .text.PWM2_1_IRQHandler
                0x60008194        0x8 ./startup/startup_mimxrt1052.o
                0x60008194                PWM2_1_IRQHandler
 .text.PWM2_2_IRQHandler
                0x6000819c        0x8 ./startup/startup_mimxrt1052.o
                0x6000819c                PWM2_2_IRQHandler
 .text.PWM2_3_IRQHandler
                0x600081a4        0x8 ./startup/startup_mimxrt1052.o
                0x600081a4                PWM2_3_IRQHandler
 .text.PWM2_FAULT_IRQHandler
                0x600081ac        0x8 ./startup/startup_mimxrt1052.o
                0x600081ac                PWM2_FAULT_IRQHandler
 .text.PWM3_0_IRQHandler
                0x600081b4        0x8 ./startup/startup_mimxrt1052.o
                0x600081b4                PWM3_0_IRQHandler
 .text.PWM3_1_IRQHandler
                0x600081bc        0x8 ./startup/startup_mimxrt1052.o
                0x600081bc                PWM3_1_IRQHandler
 .text.PWM3_2_IRQHandler
                0x600081c4        0x8 ./startup/startup_mimxrt1052.o
                0x600081c4                PWM3_2_IRQHandler
 .text.PWM3_3_IRQHandler
                0x600081cc        0x8 ./startup/startup_mimxrt1052.o
                0x600081cc                PWM3_3_IRQHandler
 .text.PWM3_FAULT_IRQHandler
                0x600081d4        0x8 ./startup/startup_mimxrt1052.o
                0x600081d4                PWM3_FAULT_IRQHandler
 .text.PWM4_0_IRQHandler
                0x600081dc        0x8 ./startup/startup_mimxrt1052.o
                0x600081dc                PWM4_0_IRQHandler
 .text.PWM4_1_IRQHandler
                0x600081e4        0x8 ./startup/startup_mimxrt1052.o
                0x600081e4                PWM4_1_IRQHandler
 .text.PWM4_2_IRQHandler
                0x600081ec        0x8 ./startup/startup_mimxrt1052.o
                0x600081ec                PWM4_2_IRQHandler
 .text.PWM4_3_IRQHandler
                0x600081f4        0x8 ./startup/startup_mimxrt1052.o
                0x600081f4                PWM4_3_IRQHandler
 .text.PWM4_FAULT_IRQHandler
                0x600081fc        0x8 ./startup/startup_mimxrt1052.o
                0x600081fc                PWM4_FAULT_IRQHandler
 .text.HardFault_Handler
                0x60008204       0x2c ./source/semihost_hardfault.o
                0x60008204                HardFault_Handler
 .text.expf     0x60008230       0x2c ./eiq/glow/bundle_utils/glow_bundle_utils.o
                0x60008230                expf
 .text.CLOCK_IsPllBypassed
                0x6000825c       0x32 ./drivers/fsl_clock.o
 .text.CLOCK_IsPllEnabled
                0x6000828e       0x3c ./drivers/fsl_clock.o
 .text.CLOCK_GetPllBypassRefClk
                0x600082ca       0x34 ./drivers/fsl_clock.o
 .text.CLOCK_EnableClock
                0x600082fe       0x1e ./drivers/fsl_lpuart.o
 .text.LPUART_SoftwareReset
                0x6000831c       0x2c ./drivers/fsl_lpuart.o
 .text.LPUART_GetStatusFlags
                0x60008348       0x2c ./drivers/fsl_lpuart.o
                0x60008348                LPUART_GetStatusFlags
 .text.SystemInitHook
                0x60008374        0xe ./device/system_MIMXRT1052.o
                0x60008374                SystemInitHook
 .text.HAL_UartGetStatus
                0x60008382       0x28 ./component/uart/fsl_adapter_lpuart.o
 .text.BOARD_InitDebugConsole
                0x600083aa       0x22 ./board/board.o
                0x600083aa                BOARD_InitDebugConsole
 .text.CLOCK_DisableClock
                0x600083cc       0x1e ./board/clock_config.o
 .text.CLOCK_SetPllBypass
                0x600083ea       0x4e ./board/clock_config.o
 .text.IOMUXC_SetSaiMClkClockSource
                0x60008438       0x6c ./board/clock_config.o
 .text.BOARD_InitBootClocks
                0x600084a4        0xc ./board/clock_config.o
                0x600084a4                BOARD_InitBootClocks
 .text.BOARD_InitPeripherals
                0x600084b0        0xe ./board/peripherals.o
                0x600084b0                BOARD_InitPeripherals
 .text.BOARD_InitBootPeripherals
                0x600084be        0xc ./board/peripherals.o
                0x600084be                BOARD_InitBootPeripherals
 .text.CLOCK_EnableClock
                0x600084ca       0x1e ./board/pin_mux.o
 .text.IOMUXC_SetPinMux
                0x600084e8       0x3a ./board/pin_mux.o
 .text.IOMUXC_SetPinConfig
                0x60008522       0x26 ./board/pin_mux.o
 .text.BOARD_InitBootPins
                0x60008548        0xc ./board/pin_mux.o
                0x60008548                BOARD_InitBootPins
 .text.__main   0x60008554        0xe c:/nxp/mcuxpressoide_11.3.0_5222/ide/plugins/com.nxp.mcuxpresso.tools.win32_11.3.0.202008311133/tools/bin/../lib/gcc/arm-none-eabi/9.3.1/../../../../arm-none-eabi/lib/thumb/v7e-m+dp/hard\libcr_nohost_nf.a(_cr__main.o)
                0x60008554                __main
 .text.memcpy   0x60008562        0x4 c:/nxp/mcuxpressoide_11.3.0_5222/ide/plugins/com.nxp.mcuxpresso.tools.win32_11.3.0.202008311133/tools/bin/../lib/gcc/arm-none-eabi/9.3.1/../../../../arm-none-eabi/lib/thumb/v7e-m+dp/hard\libcr_c.a(memcpy.o)
                0x60008562                memcpy
 .text.memset   0x60008566        0x4 c:/nxp/mcuxpressoide_11.3.0_5222/ide/plugins/com.nxp.mcuxpresso.tools.win32_11.3.0.202008311133/tools/bin/../lib/gcc/arm-none-eabi/9.3.1/../../../../arm-none-eabi/lib/thumb/v7e-m+dp/hard\libcr_c.a(memset.o)
                0x60008566                memset
 .text.free     0x6000856a       0x30 c:/nxp/mcuxpressoide_11.3.0_5222/ide/plugins/com.nxp.mcuxpresso.tools.win32_11.3.0.202008311133/tools/bin/../lib/gcc/arm-none-eabi/9.3.1/../../../../arm-none-eabi/lib/thumb/v7e-m+dp/hard\libcr_c.a(alloc.o)
                0x6000856a                free
 .text.fabs     0x6000859a       0x10 c:/nxp/mcuxpressoide_11.3.0_5222/ide/plugins/com.nxp.mcuxpresso.tools.win32_11.3.0.202008311133/tools/bin/../lib/gcc/arm-none-eabi/9.3.1/../../../../arm-none-eabi/lib/thumb/v7e-m+dp/hard\libcr_c.a(fabs.o)
                0x6000859a                fabs
 .text.setvbuf  0x600085aa       0x3e c:/nxp/mcuxpressoide_11.3.0_5222/ide/plugins/com.nxp.mcuxpresso.tools.win32_11.3.0.202008311133/tools/bin/../lib/gcc/arm-none-eabi/9.3.1/../../../../arm-none-eabi/lib/thumb/v7e-m+dp/hard\libcr_c.a(setvbuf.o)
                0x600085aa                setvbuf
 .text.strlen   0x600085e8       0x4c c:/nxp/mcuxpressoide_11.3.0_5222/ide/plugins/com.nxp.mcuxpresso.tools.win32_11.3.0.202008311133/tools/bin/../lib/gcc/arm-none-eabi/9.3.1/../../../../arm-none-eabi/lib/thumb/v7e-m+dp/hard\libcr_c.a(strlen.o)
                0x600085e8                strlen
 .text._fdopen  0x60008634       0x68 c:/nxp/mcuxpressoide_11.3.0_5222/ide/plugins/com.nxp.mcuxpresso.tools.win32_11.3.0.202008311133/tools/bin/../lib/gcc/arm-none-eabi/9.3.1/../../../../arm-none-eabi/lib/thumb/v7e-m+dp/hard\libcr_c.a(_fdopen.o)
                0x60008634                _fdopen
 .text.fclose   0x6000869c       0x58 c:/nxp/mcuxpressoide_11.3.0_5222/ide/plugins/com.nxp.mcuxpresso.tools.win32_11.3.0.202008311133/tools/bin/../lib/gcc/arm-none-eabi/9.3.1/../../../../arm-none-eabi/lib/thumb/v7e-m+dp/hard\libcr_c.a(fclose.o)
                0x6000869c                fclose
 .text.remove   0x600086f4       0x14 c:/nxp/mcuxpressoide_11.3.0_5222/ide/plugins/com.nxp.mcuxpresso.tools.win32_11.3.0.202008311133/tools/bin/../lib/gcc/arm-none-eabi/9.3.1/../../../../arm-none-eabi/lib/thumb/v7e-m+dp/hard\libcr_c.a(remove.o)
                0x600086f4                remove
 .text._do_fflush
                0x60008708       0x40 c:/nxp/mcuxpressoide_11.3.0_5222/ide/plugins/com.nxp.mcuxpresso.tools.win32_11.3.0.202008311133/tools/bin/../lib/gcc/arm-none-eabi/9.3.1/../../../../arm-none-eabi/lib/thumb/v7e-m+dp/hard\libcr_c.a(_do_fflush.o)
                0x60008708                _do_fflush
 .text._fflush  0x60008748       0x52 c:/nxp/mcuxpressoide_11.3.0_5222/ide/plugins/com.nxp.mcuxpresso.tools.win32_11.3.0.202008311133/tools/bin/../lib/gcc/arm-none-eabi/9.3.1/../../../../arm-none-eabi/lib/thumb/v7e-m+dp/hard\libcr_c.a(_fflush.o)
                0x60008748                _fflush
 .text._deferredlazyseek
                0x6000879a       0x40 c:/nxp/mcuxpressoide_11.3.0_5222/ide/plugins/com.nxp.mcuxpresso.tools.win32_11.3.0.202008311133/tools/bin/../lib/gcc/arm-none-eabi/9.3.1/../../../../arm-none-eabi/lib/thumb/v7e-m+dp/hard\libcr_c.a(_deferredlazyseek.o)
                0x6000879a                _deferredlazyseek
 .text.__aeabi_division_ldivmod
                0x600087da       0x26 c:/nxp/mcuxpressoide_11.3.0_5222/ide/plugins/com.nxp.mcuxpresso.tools.win32_11.3.0.202008311133/tools/bin/../lib/gcc/arm-none-eabi/9.3.1/thumb/v7e-m+dp/hard\libcr_eabihelpers.a(division_64.o)
                0x600087da                __aeabi_ldivmod
 .text.__aeabi_division_uldivmod
                0x60008800      0x174 c:/nxp/mcuxpressoide_11.3.0_5222/ide/plugins/com.nxp.mcuxpresso.tools.win32_11.3.0.202008311133/tools/bin/../lib/gcc/arm-none-eabi/9.3.1/thumb/v7e-m+dp/hard\libcr_eabihelpers.a(division_64.o)
                0x60008800                __aeabi_uldivmod
                0x60008804                __bhs_ldivmod1
 .text.__aeabi_division_idiv0
                0x60008974        0x2 c:/nxp/mcuxpressoide_11.3.0_5222/ide/plugins/com.nxp.mcuxpresso.tools.win32_11.3.0.202008311133/tools/bin/../lib/gcc/arm-none-eabi/9.3.1/thumb/v7e-m+dp/hard\libcr_eabihelpers.a(division_idiv0.o)
                0x60008974                __aeabi_idiv0
 .text.__aeabi_d2lz
                0x60008976       0x6a c:/nxp/mcuxpressoide_11.3.0_5222/ide/plugins/com.nxp.mcuxpresso.tools.win32_11.3.0.202008311133/tools/bin/../lib/gcc/arm-none-eabi/9.3.1/thumb/v7e-m+dp/hard\libcr_eabihelpers.a(double.o)
                0x60008976                __aeabi_d2lz
 .text.__bhs_ul2d
                0x600089e0       0x8a c:/nxp/mcuxpressoide_11.3.0_5222/ide/plugins/com.nxp.mcuxpresso.tools.win32_11.3.0.202008311133/tools/bin/../lib/gcc/arm-none-eabi/9.3.1/thumb/v7e-m+dp/hard\libcr_eabihelpers.a(double.o)
                0x600089e0                __bhs_ul2d
 .text.__aeabi_l2d
                0x60008a6a       0x1c c:/nxp/mcuxpressoide_11.3.0_5222/ide/plugins/com.nxp.mcuxpresso.tools.win32_11.3.0.202008311133/tools/bin/../lib/gcc/arm-none-eabi/9.3.1/thumb/v7e-m+dp/hard\libcr_eabihelpers.a(double.o)
                0x60008a6a                __aeabi_l2d
 .text.__aeabi_memcpy
                0x60008a86       0x34 c:/nxp/mcuxpressoide_11.3.0_5222/ide/plugins/com.nxp.mcuxpresso.tools.win32_11.3.0.202008311133/tools/bin/../lib/gcc/arm-none-eabi/9.3.1/thumb/v7e-m+dp/hard\libcr_eabihelpers.a(memcpy.o)
                0x60008a86                __aeabi_memcpy
                0x60008a90                __aeabi_memcpy8
                0x60008a90                __aeabi_memcpy4
 .text.__aeabi_memset_lowlevel
                0x60008aba       0x32 c:/nxp/mcuxpressoide_11.3.0_5222/ide/plugins/com.nxp.mcuxpresso.tools.win32_11.3.0.202008311133/tools/bin/../lib/gcc/arm-none-eabi/9.3.1/thumb/v7e-m+dp/hard\libcr_eabihelpers.a(memcpy.o)
                0x60008aba                __aeabi_lowlevel_memset
 .text.__sys_close
                0x60008aec        0x6 c:/nxp/mcuxpressoide_11.3.0_5222/ide/plugins/com.nxp.mcuxpresso.tools.win32_11.3.0.202008311133/tools/bin/../lib/gcc/arm-none-eabi/9.3.1/../../../../arm-none-eabi/lib/thumb/v7e-m+dp/hard\libcr_nohost_nf.a(__sys_close.o)
                0x60008aec                __sys_close
 .text.__sys_flen
                0x60008af2        0x6 c:/nxp/mcuxpressoide_11.3.0_5222/ide/plugins/com.nxp.mcuxpresso.tools.win32_11.3.0.202008311133/tools/bin/../lib/gcc/arm-none-eabi/9.3.1/../../../../arm-none-eabi/lib/thumb/v7e-m+dp/hard\libcr_nohost_nf.a(__sys_flen.o)
                0x60008af2                __sys_flen
 .text.__sys_istty
                0x60008af8        0x6 c:/nxp/mcuxpressoide_11.3.0_5222/ide/plugins/com.nxp.mcuxpresso.tools.win32_11.3.0.202008311133/tools/bin/../lib/gcc/arm-none-eabi/9.3.1/../../../../arm-none-eabi/lib/thumb/v7e-m+dp/hard\libcr_nohost_nf.a(__sys_istty.o)
                0x60008af8                __sys_istty
 .text.__sys_remove
                0x60008afe        0x6 c:/nxp/mcuxpressoide_11.3.0_5222/ide/plugins/com.nxp.mcuxpresso.tools.win32_11.3.0.202008311133/tools/bin/../lib/gcc/arm-none-eabi/9.3.1/../../../../arm-none-eabi/lib/thumb/v7e-m+dp/hard\libcr_nohost_nf.a(__sys_remove.o)
                0x60008afe                __sys_remove
 .text.__sys_seek
                0x60008b04        0x6 c:/nxp/mcuxpressoide_11.3.0_5222/ide/plugins/com.nxp.mcuxpresso.tools.win32_11.3.0.202008311133/tools/bin/../lib/gcc/arm-none-eabi/9.3.1/../../../../arm-none-eabi/lib/thumb/v7e-m+dp/hard\libcr_nohost_nf.a(__sys_seek.o)
                0x60008b04                __sys_seek
 .text.__sys_tmpnam
                0x60008b0a        0x6 c:/nxp/mcuxpressoide_11.3.0_5222/ide/plugins/com.nxp.mcuxpresso.tools.win32_11.3.0.202008311133/tools/bin/../lib/gcc/arm-none-eabi/9.3.1/../../../../arm-none-eabi/lib/thumb/v7e-m+dp/hard\libcr_nohost_nf.a(__sys_tmpnam.o)
                0x60008b0a                __sys_tmpnam
 .text.__sys_write
                0x60008b10        0x4 c:/nxp/mcuxpressoide_11.3.0_5222/ide/plugins/com.nxp.mcuxpresso.tools.win32_11.3.0.202008311133/tools/bin/../lib/gcc/arm-none-eabi/9.3.1/../../../../arm-none-eabi/lib/thumb/v7e-m+dp/hard\libcr_nohost_nf.a(__sys_write.o)
                0x60008b10                __sys_write
 *(SORT_BY_ALIGNMENT(.rodata) SORT_BY_ALIGNMENT(.rodata.*) SORT_BY_ALIGNMENT(.constdata) SORT_BY_ALIGNMENT(.constdata.*))
 *fill*         0x60008b14        0x4 ff
 .rodata.a1.5322
                0x60008b18       0x88 c:/nxp/mcuxpressoide_11.3.0_5222/ide/plugins/com.nxp.mcuxpresso.tools.win32_11.3.0.202008311133/tools/bin/../lib/gcc/arm-none-eabi/9.3.1/../../../../arm-none-eabi/lib/thumb/v7e-m+dp/hard\libcr_c.a(pow.o)
 .rodata.a2.5323
                0x60008ba0       0x40 c:/nxp/mcuxpressoide_11.3.0_5222/ide/plugins/com.nxp.mcuxpresso.tools.win32_11.3.0.202008311133/tools/bin/../lib/gcc/arm-none-eabi/9.3.1/../../../../arm-none-eabi/lib/thumb/v7e-m+dp/hard\libcr_c.a(pow.o)
 .rodata.__assertion_failed.str1.4
                0x60008be0       0x14 ./utilities/fsl_assert.o
 .rodata.main.str1.4
                0x60008bf4       0x48 ./source/main.o
 .rodata.CLOCK_InitExternalClk.str1.4
                0x60008c3c       0x22 ./drivers/fsl_clock.o
 *fill*         0x60008c5e        0x2 ff
 .rodata        0x60008c60      0x130 ./drivers/fsl_clock.o
 .rodata.CLOCK_GetPllFreq.str1.4
                0x60008d90       0x6e ./drivers/fsl_clock.o
 *fill*         0x60008dfe        0x2 ff
 .rodata.CLOCK_ControlGate.str1.4
                0x60008e00       0x21 ./drivers/fsl_lpuart.o
 *fill*         0x60008e21        0x3 ff
 .rodata.s_lpuartBases
                0x60008e24       0x24 ./drivers/fsl_lpuart.o
 .rodata.s_lpuartClock
                0x60008e48       0x12 ./drivers/fsl_lpuart.o
 *fill*         0x60008e5a        0x2 ff
 .rodata.LPUART_GetInstance.str1.4
                0x60008e5c       0x39 ./drivers/fsl_lpuart.o
 *fill*         0x60008e95        0x3 ff
 .rodata.LPUART_Init.str1.4
                0x60008e98      0x10c ./drivers/fsl_lpuart.o
 .rodata.LPUART_GetDefaultConfig.str1.4
                0x60008fa4       0x23 ./drivers/fsl_lpuart.o
 *fill*         0x60008fc7        0x1 ff
 .rodata.LPUART_WriteBlocking.str1.4
                0x60008fc8       0x21 ./drivers/fsl_lpuart.o
 *fill*         0x60008fe9        0x3 ff
 .rodata.LPUART_ReadBlocking.str1.4
                0x60008fec       0x21 ./drivers/fsl_lpuart.o
 *fill*         0x6000900d        0x3 ff
 .rodata.s_LpuartAdapterBase
                0x60009010       0x24 ./component/uart/fsl_adapter_lpuart.o
 .rodata.HAL_UartInit.str1.4
                0x60009034       0xf2 ./component/uart/fsl_adapter_lpuart.o
 *fill*         0x60009126        0x2 ff
 .rodata.HAL_UartReceiveBlocking.str1.4
                0x60009128       0x6b ./component/uart/fsl_adapter_lpuart.o
 *fill*         0x60009193        0x1 ff
 .rodata.HAL_UartSendBlocking.str1.4
                0x60009194       0x6b ./component/uart/fsl_adapter_lpuart.o
 *fill*         0x600091ff        0x1 ff
 .rodata.CLOCK_SetMux.str1.4
                0x60009200       0x99 ./board/clock_config.o
 *fill*         0x60009299        0x3 ff
 .rodata.CLOCK_SetDiv.str1.4
                0x6000929c       0x99 ./board/clock_config.o
 *fill*         0x60009335        0x3 ff
 .rodata.CLOCK_ControlGate.str1.4
                0x60009338       0x88 ./board/clock_config.o
 .rodata.armPllConfig_BOARD_BootClockRUN
                0x600093c0        0x8 ./board/clock_config.o
                0x600093c0                armPllConfig_BOARD_BootClockRUN
 .rodata.CLOCK_ControlGate.str1.4
                0x600093c8       0x88 ./board/pin_mux.o
 .rodata.__num_Ciob_streams
                0x600093c8        0x4 c:/nxp/mcuxpressoide_11.3.0_5222/ide/plugins/com.nxp.mcuxpresso.tools.win32_11.3.0.202008311133/tools/bin/../lib/gcc/arm-none-eabi/9.3.1/../../../../arm-none-eabi/lib/thumb/v7e-m+dp/hard\libcr_nohost_nf.a(__ciob.o)
                0x600093c8                __num_Ciob_streams
 .rodata._initio.str1.1
                0x600093cc        0x4 c:/nxp/mcuxpressoide_11.3.0_5222/ide/plugins/com.nxp.mcuxpresso.tools.win32_11.3.0.202008311133/tools/bin/../lib/gcc/arm-none-eabi/9.3.1/../../../../arm-none-eabi/lib/thumb/v7e-m+dp/hard\libcr_c.a(initio.o)
                0x60009450                . = ALIGN (0x4)

.glue_7         0x600093d0        0x0
 .glue_7        0x600093d0        0x0 linker stubs

.glue_7t        0x600093d0        0x0
 .glue_7t       0x600093d0        0x0 linker stubs

.vfp11_veneer   0x600093d0        0x0
 .vfp11_veneer  0x600093d0        0x0 linker stubs

.v4_bx          0x600093d0        0x0
 .v4_bx         0x600093d0        0x0 linker stubs

.iplt           0x600093d0        0x0
 .iplt          0x600093d0        0x0 ./xip/evkbimxrt1050_flexspi_nor_config.o

.ARM.extab
 *(SORT_BY_ALIGNMENT(.ARM.extab*) SORT_BY_ALIGNMENT(.gnu.linkonce.armextab.*))

.ARM.exidx      0x600093d0        0x8
                0x600093d0                __exidx_start = .
 *(SORT_BY_ALIGNMENT(.ARM.exidx*) SORT_BY_ALIGNMENT(.gnu.linkonce.armexidx.*))
 .ARM.exidx     0x600093d0        0x8 C:/Users/NOTA0801/Documents/MCUXpressoIDE_11.3.0_5222/workspace/lenet_Pglow_2.9.0_1050_tutorial/source/Lenet_mnist.o
                                 0x38 (size before relaxing)
                0x600093d8                __exidx_end = .
                0x600093d8                _etext = .

.rel.dyn        0x600093d8        0x0
 .rel.iplt      0x600093d8        0x0 ./xip/evkbimxrt1050_flexspi_nor_config.o

.data_RAM2      0x81e00000        0x0 load address 0x600093d8
 FILL mask 0xff
                [!provide]                PROVIDE (__start_data_RAM2 = .)
                [!provide]                PROVIDE (__start_data_NCACHE_REGION = .)
 *(SORT_BY_ALIGNMENT(.ramfunc.$RAM2))
 *(SORT_BY_ALIGNMENT(.ramfunc.$NCACHE_REGION))
 *(SORT_BY_ALIGNMENT(NonCacheable.init))
 *(SORT_BY_ALIGNMENT(.data.$RAM2))
 *(SORT_BY_ALIGNMENT(.data.$NCACHE_REGION))
 *(SORT_BY_ALIGNMENT(.data.$RAM2.*))
 *(SORT_BY_ALIGNMENT(.data.$NCACHE_REGION.*))
                0x81e00000                . = ALIGN (0x4)
                [!provide]                PROVIDE (__end_data_RAM2 = .)
                [!provide]                PROVIDE (__end_data_NCACHE_REGION = .)

.data_RAM3      0x20000000        0x0 load address 0x600093d8
 FILL mask 0xff
                [!provide]                PROVIDE (__start_data_RAM3 = .)
                [!provide]                PROVIDE (__start_data_SRAM_DTC = .)
 *(SORT_BY_ALIGNMENT(.ramfunc.$RAM3))
 *(SORT_BY_ALIGNMENT(.ramfunc.$SRAM_DTC))
 *(SORT_BY_ALIGNMENT(.data.$RAM3))
 *(SORT_BY_ALIGNMENT(.data.$SRAM_DTC))
 *(SORT_BY_ALIGNMENT(.data.$RAM3.*))
 *(SORT_BY_ALIGNMENT(.data.$SRAM_DTC.*))
                0x20000000                . = ALIGN (0x4)
                [!provide]                PROVIDE (__end_data_RAM3 = .)
                [!provide]                PROVIDE (__end_data_SRAM_DTC = .)

.data_RAM4      0x00000000        0x0 load address 0x600093d8
 FILL mask 0xff
                [!provide]                PROVIDE (__start_data_RAM4 = .)
                [!provide]                PROVIDE (__start_data_SRAM_ITC = .)
 *(SORT_BY_ALIGNMENT(.ramfunc.$RAM4))
 *(SORT_BY_ALIGNMENT(.ramfunc.$SRAM_ITC))
 *(SORT_BY_ALIGNMENT(.data.$RAM4))
 *(SORT_BY_ALIGNMENT(.data.$SRAM_ITC))
 *(SORT_BY_ALIGNMENT(.data.$RAM4.*))
 *(SORT_BY_ALIGNMENT(.data.$SRAM_ITC.*))
                0x00000000                . = ALIGN (0x4)
                [!provide]                PROVIDE (__end_data_RAM4 = .)
                [!provide]                PROVIDE (__end_data_SRAM_ITC = .)

.data_RAM5      0x20200000        0x0 load address 0x600093d8
 FILL mask 0xff
                [!provide]                PROVIDE (__start_data_RAM5 = .)
                [!provide]                PROVIDE (__start_data_SRAM_OC = .)
 *(SORT_BY_ALIGNMENT(.ramfunc.$RAM5))
 *(SORT_BY_ALIGNMENT(.ramfunc.$SRAM_OC))
 *(SORT_BY_ALIGNMENT(.data.$RAM5))
 *(SORT_BY_ALIGNMENT(.data.$SRAM_OC))
 *(SORT_BY_ALIGNMENT(.data.$RAM5.*))
 *(SORT_BY_ALIGNMENT(.data.$SRAM_OC.*))
                0x20200000                . = ALIGN (0x4)
                [!provide]                PROVIDE (__end_data_RAM5 = .)
                [!provide]                PROVIDE (__end_data_SRAM_OC = .)

.uninit_RESERVED
                0x80000000        0x0
                0x80000000                _start_uninit_RESERVED = .
 *(SORT_BY_ALIGNMENT(.bss.$RESERVED*))
                0x80000000                . = ALIGN (0x4)
                0x80000000                _end_uninit_RESERVED = .

.data           0x80000000    0x6a14c load address 0x600093d8
 FILL mask 0xff
                0x80000000                _data = .
                [!provide]                PROVIDE (__start_data_RAM = .)
                [!provide]                PROVIDE (__start_data_BOARD_SDRAM = .)
 *(SORT_BY_ALIGNMENT(vtable))
 *(SORT_BY_ALIGNMENT(.ramfunc*))
 *(SORT_BY_ALIGNMENT(CodeQuickAccess))
 *(SORT_BY_ALIGNMENT(DataQuickAccess))
 *(SORT_BY_ALIGNMENT(RamFunction))
 *(SORT_BY_ALIGNMENT(.data*))
 .data.constantWeight
                0x80000000    0x69500 ./source/main.o
                0x80000000                constantWeight
 .data.inputAddr
                0x80069500        0x4 ./source/main.o
                0x80069500                inputAddr
 .data.outputAddr
                0x80069504        0x4 ./source/main.o
                0x80069504                outputAddr
 .data.imageData
                0x80069508      0xc40 ./source/main.o
                0x80069508                imageData
 .data.SystemCoreClock
                0x8006a148        0x4 ./device/system_MIMXRT1052.o
                0x8006a148                SystemCoreClock
                0x8006a14c                . = ALIGN (0x4)
                0x8006a14c                _edata = .
                [!provide]                PROVIDE (__end_data_RAM = .)
                [!provide]                PROVIDE (__end_data_BOARD_SDRAM = .)

.igot.plt       0x8006a14c        0x0 load address 0x60073524
 .igot.plt      0x8006a14c        0x0 ./xip/evkbimxrt1050_flexspi_nor_config.o

.bss_RAM2       0x81e00000        0x0
                [!provide]                PROVIDE (__start_bss_RAM2 = .)
                [!provide]                PROVIDE (__start_bss_NCACHE_REGION = .)
 *(SORT_BY_ALIGNMENT(NonCacheable))
 *(SORT_BY_ALIGNMENT(.bss.$RAM2))
 *(SORT_BY_ALIGNMENT(.bss.$NCACHE_REGION))
 *(SORT_BY_ALIGNMENT(.bss.$RAM2.*))
 *(SORT_BY_ALIGNMENT(.bss.$NCACHE_REGION.*))
                0x81e00000                . = ALIGN ((. != 0x0)?0x4:0x1)
                [!provide]                PROVIDE (__end_bss_RAM2 = .)
                [!provide]                PROVIDE (__end_bss_NCACHE_REGION = .)

.bss_RAM3       0x20000000        0x0
                [!provide]                PROVIDE (__start_bss_RAM3 = .)
                [!provide]                PROVIDE (__start_bss_SRAM_DTC = .)
 *(SORT_BY_ALIGNMENT(.bss.$RAM3))
 *(SORT_BY_ALIGNMENT(.bss.$SRAM_DTC))
 *(SORT_BY_ALIGNMENT(.bss.$RAM3.*))
 *(SORT_BY_ALIGNMENT(.bss.$SRAM_DTC.*))
                0x20000000                . = ALIGN ((. != 0x0)?0x4:0x1)
                [!provide]                PROVIDE (__end_bss_RAM3 = .)
                [!provide]                PROVIDE (__end_bss_SRAM_DTC = .)

.bss_RAM4       0x00000000        0x0
                [!provide]                PROVIDE (__start_bss_RAM4 = .)
                [!provide]                PROVIDE (__start_bss_SRAM_ITC = .)
 *(SORT_BY_ALIGNMENT(.bss.$RAM4))
 *(SORT_BY_ALIGNMENT(.bss.$SRAM_ITC))
 *(SORT_BY_ALIGNMENT(.bss.$RAM4.*))
 *(SORT_BY_ALIGNMENT(.bss.$SRAM_ITC.*))
                0x00000000                . = ALIGN ((. != 0x0)?0x4:0x1)
                [!provide]                PROVIDE (__end_bss_RAM4 = .)
                [!provide]                PROVIDE (__end_bss_SRAM_ITC = .)

.bss_RAM5       0x20200000        0x0
                [!provide]                PROVIDE (__start_bss_RAM5 = .)
                [!provide]                PROVIDE (__start_bss_SRAM_OC = .)
 *(SORT_BY_ALIGNMENT(.bss.$RAM5))
 *(SORT_BY_ALIGNMENT(.bss.$SRAM_OC))
 *(SORT_BY_ALIGNMENT(.bss.$RAM5.*))
 *(SORT_BY_ALIGNMENT(.bss.$SRAM_OC.*))
                0x20200000                . = ALIGN ((. != 0x0)?0x4:0x1)
                [!provide]                PROVIDE (__end_bss_RAM5 = .)
                [!provide]                PROVIDE (__end_bss_SRAM_OC = .)

.bss            0x8006a180     0x5f80
                0x8006a180                _bss = .
                [!provide]                PROVIDE (__start_bss_RAM = .)
                [!provide]                PROVIDE (__start_bss_BOARD_SDRAM = .)
 *(SORT_BY_ALIGNMENT(.bss*))
 .bss.mutableWeight
                0x8006a180      0xc80 ./source/main.o
                0x8006a180                mutableWeight
 .bss.activations
                0x8006ae00     0x5200 ./source/main.o
                0x8006ae00                activations
 .bss.s_debugConsole
                0x80070000       0x14 ./utilities/fsl_debug_console.o
 .bss.msTicks   0x80070014        0x4 ./source/timer.o
 .bss.g_xtalFreq
                0x80070018        0x4 ./drivers/fsl_clock.o
                0x80070018                g_xtalFreq
 .bss.g_rtcXtalFreq
                0x8007001c        0x4 ./drivers/fsl_clock.o
                0x8007001c                g_rtcXtalFreq
 .bss.s_lpuartHandle
                0x80070020       0x24 ./drivers/fsl_lpuart.o
 .bss.s_lpuartIsr
                0x80070044        0x4 ./drivers/fsl_lpuart.o
 .bss.errno     0x80070048        0x4 c:/nxp/mcuxpressoide_11.3.0_5222/ide/plugins/com.nxp.mcuxpresso.tools.win32_11.3.0.202008311133/tools/bin/../lib/gcc/arm-none-eabi/9.3.1/../../../../arm-none-eabi/lib/thumb/v7e-m+dp/hard\libcr_c.a(errno.o)
                0x80070048                errno
 .bss.__Ciob    0x8007004c       0xb4 c:/nxp/mcuxpressoide_11.3.0_5222/ide/plugins/com.nxp.mcuxpresso.tools.win32_11.3.0.202008311133/tools/bin/../lib/gcc/arm-none-eabi/9.3.1/../../../../arm-none-eabi/lib/thumb/v7e-m+dp/hard\libcr_nohost_nf.a(__ciob.o)
                0x8007004c                __Ciob
 *(SORT_BY_ALIGNMENT(COMMON))
                0x80070100                . = ALIGN (0x4)
                0x80070100                _ebss = .
                [!provide]                PROVIDE (__end_bss_RAM = .)
                [!provide]                PROVIDE (__end_bss_BOARD_SDRAM = .)
                [!provide]                PROVIDE (end = .)

.noinit_RAM2    0x81e00000        0x0
                [!provide]                PROVIDE (__start_noinit_RAM2 = .)
                [!provide]                PROVIDE (__start_noinit_NCACHE_REGION = .)
 *(SORT_BY_ALIGNMENT(.noinit.$RAM2))
 *(SORT_BY_ALIGNMENT(.noinit.$NCACHE_REGION))
 *(SORT_BY_ALIGNMENT(.noinit.$RAM2.*))
 *(SORT_BY_ALIGNMENT(.noinit.$NCACHE_REGION.*))
                0x81e00000                . = ALIGN (0x4)
                [!provide]                PROVIDE (__end_noinit_RAM2 = .)
                [!provide]                PROVIDE (__end_noinit_NCACHE_REGION = .)

.noinit_RAM3    0x20000000        0x0
                [!provide]                PROVIDE (__start_noinit_RAM3 = .)
                [!provide]                PROVIDE (__start_noinit_SRAM_DTC = .)
 *(SORT_BY_ALIGNMENT(.noinit.$RAM3))
 *(SORT_BY_ALIGNMENT(.noinit.$SRAM_DTC))
 *(SORT_BY_ALIGNMENT(.noinit.$RAM3.*))
 *(SORT_BY_ALIGNMENT(.noinit.$SRAM_DTC.*))
                0x20000000                . = ALIGN (0x4)
                [!provide]                PROVIDE (__end_noinit_RAM3 = .)
                [!provide]                PROVIDE (__end_noinit_SRAM_DTC = .)

.noinit_RAM4    0x00000000        0x0
                [!provide]                PROVIDE (__start_noinit_RAM4 = .)
                [!provide]                PROVIDE (__start_noinit_SRAM_ITC = .)
 *(SORT_BY_ALIGNMENT(.noinit.$RAM4))
 *(SORT_BY_ALIGNMENT(.noinit.$SRAM_ITC))
 *(SORT_BY_ALIGNMENT(.noinit.$RAM4.*))
 *(SORT_BY_ALIGNMENT(.noinit.$SRAM_ITC.*))
                0x00000000                . = ALIGN (0x4)
                [!provide]                PROVIDE (__end_noinit_RAM4 = .)
                [!provide]                PROVIDE (__end_noinit_SRAM_ITC = .)

.noinit_RAM5    0x20200000        0x0
                [!provide]                PROVIDE (__start_noinit_RAM5 = .)
                [!provide]                PROVIDE (__start_noinit_SRAM_OC = .)
 *(SORT_BY_ALIGNMENT(.noinit.$RAM5))
 *(SORT_BY_ALIGNMENT(.noinit.$SRAM_OC))
 *(SORT_BY_ALIGNMENT(.noinit.$RAM5.*))
 *(SORT_BY_ALIGNMENT(.noinit.$SRAM_OC.*))
                0x20200000                . = ALIGN (0x4)
                [!provide]                PROVIDE (__end_noinit_RAM5 = .)
                [!provide]                PROVIDE (__end_noinit_SRAM_OC = .)

.noinit         0x80070100        0x0
                0x80070100                _noinit = .
                [!provide]                PROVIDE (__start_noinit_RAM = .)
                [!provide]                PROVIDE (__start_noinit_BOARD_SDRAM = .)
 *(SORT_BY_ALIGNMENT(.noinit*))
                0x80070100                . = ALIGN (0x4)
                0x80070100                _end_noinit = .
                [!provide]                PROVIDE (__end_noinit_RAM = .)
                [!provide]                PROVIDE (__end_noinit_BOARD_SDRAM = .)
                0x00001000                _HeapSize = 0x1000

.heap           0x80070100     0x1000
                0x80070100                _pvHeapStart = .
                0x80071100                . = (. + _HeapSize)
 *fill*         0x80070100     0x1000 
                0x80071100                . = ALIGN (0x4)
                0x80071100                _pvHeapLimit = .
                0x00001000                _StackSize = 0x1000

.heap2stackfill
                0x80071100     0x1000
                0x80072100                . = (. + _StackSize)
 *fill*         0x80071100     0x1000 

.stack          0x81dff000        0x0
                0x81dff000                _vStackBase = .
                0x81dff000                . = ALIGN (0x4)
                0x81e00000                _vStackTop = (. + _StackSize)
                0x60002000                _image_start = LOADADDR (.text)
                0x60073524                _image_end = (LOADADDR (.data) + SIZEOF (.data))
                0x00071524                _image_size = (_image_end - _image_start)
OUTPUT(lenet_Pglow_2.9.0_1050_tutorial.axf elf32-littlearm)
LOAD linker stubs

.debug_info     0x00000000     0xd757
 .debug_info    0x00000000      0x84b ./xip/evkbimxrt1050_flexspi_nor_config.o
 .debug_info    0x0000084b      0x665 ./xip/fsl_flexspi_nor_boot.o
 .debug_info    0x00000eb0      0x135 ./utilities/fsl_assert.o
 .debug_info    0x00000fe5      0xe4b ./utilities/fsl_debug_console.o
 .debug_info    0x00001e30      0xdbf ./startup/startup_mimxrt1052.o
 .debug_info    0x00002bef      0x79c ./source/main.o
 .debug_info    0x0000338b       0x3c ./source/semihost_hardfault.o
 .debug_info    0x000033c7      0xf03 ./source/timer.o
 .debug_info    0x000042ca      0x1a0 ./eiq/glow/bundle_utils/glow_bundle_utils.o
 .debug_info    0x0000446a     0x2488 ./drivers/fsl_clock.o
 .debug_info    0x000068f2     0x233f ./drivers/fsl_lpuart.o
 .debug_info    0x00008c31      0xd48 ./device/system_MIMXRT1052.o
 .debug_info    0x00009979      0xab8 ./component/uart/fsl_adapter_lpuart.o
 .debug_info    0x0000a431     0x113d ./board/board.o
 .debug_info    0x0000b56e     0x18ac ./board/clock_config.o
 .debug_info    0x0000ce1a       0xd9 ./board/dcd.o
 .debug_info    0x0000cef3       0x4e ./board/peripherals.o
 .debug_info    0x0000cf41      0x816 ./board/pin_mux.o

.debug_abbrev   0x00000000     0x1d59
 .debug_abbrev  0x00000000      0x14c ./xip/evkbimxrt1050_flexspi_nor_config.o
 .debug_abbrev  0x0000014c      0x13f ./xip/fsl_flexspi_nor_boot.o
 .debug_abbrev  0x0000028b       0xb7 ./utilities/fsl_assert.o
 .debug_abbrev  0x00000342      0x25d ./utilities/fsl_debug_console.o
 .debug_abbrev  0x0000059f      0x147 ./startup/startup_mimxrt1052.o
 .debug_abbrev  0x000006e6      0x19d ./source/main.o
 .debug_abbrev  0x00000883       0x31 ./source/semihost_hardfault.o
 .debug_abbrev  0x000008b4      0x200 ./source/timer.o
 .debug_abbrev  0x00000ab4      0x110 ./eiq/glow/bundle_utils/glow_bundle_utils.o
 .debug_abbrev  0x00000bc4      0x35a ./drivers/fsl_clock.o
 .debug_abbrev  0x00000f1e      0x354 ./drivers/fsl_lpuart.o
 .debug_abbrev  0x00001272      0x1be ./device/system_MIMXRT1052.o
 .debug_abbrev  0x00001430      0x1c3 ./component/uart/fsl_adapter_lpuart.o
 .debug_abbrev  0x000015f3      0x2c0 ./board/board.o
 .debug_abbrev  0x000018b3      0x234 ./board/clock_config.o
 .debug_abbrev  0x00001ae7       0x9f ./board/dcd.o
 .debug_abbrev  0x00001b86       0x4b ./board/peripherals.o
 .debug_abbrev  0x00001bd1      0x188 ./board/pin_mux.o

.debug_aranges  0x00000000      0xba0
 .debug_aranges
                0x00000000       0x18 ./xip/evkbimxrt1050_flexspi_nor_config.o
 .debug_aranges
                0x00000018       0x18 ./xip/fsl_flexspi_nor_boot.o
 .debug_aranges
                0x00000030       0x20 ./utilities/fsl_assert.o
 .debug_aranges
                0x00000050       0x78 ./utilities/fsl_debug_console.o
 .debug_aranges
                0x000000c8      0x540 ./startup/startup_mimxrt1052.o
 .debug_aranges
                0x00000608       0x20 ./source/main.o
 .debug_aranges
                0x00000628       0x20 ./source/semihost_hardfault.o
 .debug_aranges
                0x00000648       0x40 ./source/timer.o
 .debug_aranges
                0x00000688       0x30 ./eiq/glow/bundle_utils/glow_bundle_utils.o
 .debug_aranges
                0x000006b8      0x1a0 ./drivers/fsl_clock.o
 .debug_aranges
                0x00000858      0x170 ./drivers/fsl_lpuart.o
 .debug_aranges
                0x000009c8       0x30 ./device/system_MIMXRT1052.o
 .debug_aranges
                0x000009f8       0x50 ./component/uart/fsl_adapter_lpuart.o
 .debug_aranges
                0x00000a48       0x58 ./board/board.o
 .debug_aranges
                0x00000aa0       0x78 ./board/clock_config.o
 .debug_aranges
                0x00000b18       0x18 ./board/dcd.o
 .debug_aranges
                0x00000b30       0x28 ./board/peripherals.o
 .debug_aranges
                0x00000b58       0x48 ./board/pin_mux.o

.debug_macro    0x00000000    0x2b596
 .debug_macro   0x00000000      0x12c ./xip/evkbimxrt1050_flexspi_nor_config.o
 .debug_macro   0x0000012c      0xb20 ./xip/evkbimxrt1050_flexspi_nor_config.o
 .debug_macro   0x00000c4c       0x10 ./xip/evkbimxrt1050_flexspi_nor_config.o
 .debug_macro   0x00000c5c      0x12e ./xip/evkbimxrt1050_flexspi_nor_config.o
 .debug_macro   0x00000d8a      0x5b3 ./xip/evkbimxrt1050_flexspi_nor_config.o
 .debug_macro   0x0000133d       0x22 ./xip/evkbimxrt1050_flexspi_nor_config.o
 .debug_macro   0x0000135f       0x16 ./xip/evkbimxrt1050_flexspi_nor_config.o
 .debug_macro   0x00001375       0x22 ./xip/evkbimxrt1050_flexspi_nor_config.o
 .debug_macro   0x00001397       0x10 ./xip/evkbimxrt1050_flexspi_nor_config.o
 .debug_macro   0x000013a7       0x4d ./xip/evkbimxrt1050_flexspi_nor_config.o
 .debug_macro   0x000013f4       0x1c ./xip/evkbimxrt1050_flexspi_nor_config.o
 .debug_macro   0x00001410       0x22 ./xip/evkbimxrt1050_flexspi_nor_config.o
 .debug_macro   0x00001432      0x101 ./xip/evkbimxrt1050_flexspi_nor_config.o
 .debug_macro   0x00001533     0x1305 ./xip/evkbimxrt1050_flexspi_nor_config.o
 .debug_macro   0x00002838      0x11f ./xip/evkbimxrt1050_flexspi_nor_config.o
 .debug_macro   0x00002957       0x27 ./xip/evkbimxrt1050_flexspi_nor_config.o
 .debug_macro   0x0000297e       0x22 ./xip/evkbimxrt1050_flexspi_nor_config.o
 .debug_macro   0x000029a0    0x25042 ./xip/evkbimxrt1050_flexspi_nor_config.o
 .debug_macro   0x000279e2      0x7a7 ./xip/evkbimxrt1050_flexspi_nor_config.o
 .debug_macro   0x00028189      0x116 ./xip/evkbimxrt1050_flexspi_nor_config.o
 .debug_macro   0x0002829f      0x24e ./xip/evkbimxrt1050_flexspi_nor_config.o
 .debug_macro   0x000284ed      0x1a4 ./xip/evkbimxrt1050_flexspi_nor_config.o
 .debug_macro   0x00028691      0x157 ./xip/fsl_flexspi_nor_boot.o
 .debug_macro   0x000287e8      0x124 ./xip/fsl_flexspi_nor_boot.o
 .debug_macro   0x0002890c       0x10 ./xip/fsl_flexspi_nor_boot.o
 .debug_macro   0x0002891c      0x1fb ./xip/fsl_flexspi_nor_boot.o
 .debug_macro   0x00028b17       0x7c ./xip/fsl_flexspi_nor_boot.o
 .debug_macro   0x00028b93      0x11a ./utilities/fsl_assert.o
 .debug_macro   0x00028cad       0x1c ./utilities/fsl_assert.o
 .debug_macro   0x00028cc9       0x40 ./utilities/fsl_assert.o
 .debug_macro   0x00028d09      0x140 ./utilities/fsl_debug_console.o
 .debug_macro   0x00028e49       0x16 ./utilities/fsl_debug_console.o
 .debug_macro   0x00028e5f       0x10 ./utilities/fsl_debug_console.o
 .debug_macro   0x00028e6f       0x28 ./utilities/fsl_debug_console.o
 .debug_macro   0x00028e97       0xc4 ./utilities/fsl_debug_console.o
 .debug_macro   0x00028f5b       0x3a ./utilities/fsl_debug_console.o
 .debug_macro   0x00028f95       0x34 ./utilities/fsl_debug_console.o
 .debug_macro   0x00028fc9       0x29 ./startup/startup_mimxrt1052.o
 .debug_macro   0x00028ff2      0x19a ./source/main.o
 .debug_macro   0x0002918c       0xa0 ./source/main.o
 .debug_macro   0x0002922c       0x2e ./source/main.o
 .debug_macro   0x0002925a       0x40 ./source/main.o
 .debug_macro   0x0002929a       0x11 ./source/semihost_hardfault.o
 .debug_macro   0x000292ab      0x13c ./source/timer.o
 .debug_macro   0x000293e7       0x75 ./eiq/glow/bundle_utils/glow_bundle_utils.o
 .debug_macro   0x0002945c       0x16 ./eiq/glow/bundle_utils/glow_bundle_utils.o
 .debug_macro   0x00029472       0x1c ./eiq/glow/bundle_utils/glow_bundle_utils.o
 .debug_macro   0x0002948e      0x117 ./drivers/fsl_clock.o
 .debug_macro   0x000295a5      0x126 ./drivers/fsl_lpuart.o
 .debug_macro   0x000296cb       0x10 ./drivers/fsl_lpuart.o
 .debug_macro   0x000296db       0xa7 ./device/system_MIMXRT1052.o
 .debug_macro   0x00029782      0x139 ./component/uart/fsl_adapter_lpuart.o
 .debug_macro   0x000298bb       0x2e ./component/uart/fsl_adapter_lpuart.o
 .debug_macro   0x000298e9      0x148 ./board/board.o
 .debug_macro   0x00029a31      0x12a ./board/board.o
 .debug_macro   0x00029b5b     0x1761 ./board/board.o
 .debug_macro   0x0002b2bc      0x129 ./board/clock_config.o
 .debug_macro   0x0002b3e5       0x51 ./board/dcd.o
 .debug_macro   0x0002b436       0x22 ./board/dcd.o
 .debug_macro   0x0002b458       0x1b ./board/peripherals.o
 .debug_macro   0x0002b473      0x123 ./board/pin_mux.o

.debug_line     0x00000000     0x7edc
 .debug_line    0x00000000      0x3de ./xip/evkbimxrt1050_flexspi_nor_config.o
 .debug_line    0x000003de      0x457 ./xip/fsl_flexspi_nor_boot.o
 .debug_line    0x00000835      0x3da ./utilities/fsl_assert.o
 .debug_line    0x00000c0f     0x103f ./utilities/fsl_debug_console.o
 .debug_line    0x00001c4e      0xf42 ./startup/startup_mimxrt1052.o
 .debug_line    0x00002b90      0x617 ./source/main.o
 .debug_line    0x000031a7       0x59 ./source/semihost_hardfault.o
 .debug_line    0x00003200      0x508 ./source/timer.o
 .debug_line    0x00003708      0x241 ./eiq/glow/bundle_utils/glow_bundle_utils.o
 .debug_line    0x00003949     0x1149 ./drivers/fsl_clock.o
 .debug_line    0x00004a92     0x1323 ./drivers/fsl_lpuart.o
 .debug_line    0x00005db5      0x580 ./device/system_MIMXRT1052.o
 .debug_line    0x00006335      0x566 ./component/uart/fsl_adapter_lpuart.o
 .debug_line    0x0000689b      0x822 ./board/board.o
 .debug_line    0x000070bd      0x79a ./board/clock_config.o
 .debug_line    0x00007857      0x168 ./board/dcd.o
 .debug_line    0x000079bf       0x71 ./board/peripherals.o
 .debug_line    0x00007a30      0x4ac ./board/pin_mux.o

.debug_str      0x00000000   0x15e099
 .debug_str     0x00000000   0x146234 ./xip/evkbimxrt1050_flexspi_nor_config.o
                             0x1462cb (size before relaxing)
 .debug_str     0x00146234     0x1b18 ./xip/fsl_flexspi_nor_boot.o
                             0x147016 (size before relaxing)
 .debug_str     0x00147d4c      0x141 ./utilities/fsl_assert.o
                             0x144d95 (size before relaxing)
 .debug_str     0x00147e8d      0xe36 ./utilities/fsl_debug_console.o
                             0x1464a8 (size before relaxing)
 .debug_str     0x00148cc3      0xdc7 ./startup/startup_mimxrt1052.o
                               0x3dd8 (size before relaxing)
 .debug_str     0x00149a8a      0x603 ./source/main.o
                             0x14736d (size before relaxing)
 .debug_str     0x0014a08d       0x1f ./source/semihost_hardfault.o
                               0x2fcc (size before relaxing)
 .debug_str     0x0014a0ac      0xad3 ./source/timer.o
                             0x147777 (size before relaxing)
 .debug_str     0x0014ab7f       0x8e ./eiq/glow/bundle_utils/glow_bundle_utils.o
                               0x4d66 (size before relaxing)
 .debug_str     0x0014ac0d     0x1913 ./drivers/fsl_clock.o
                             0x146fc0 (size before relaxing)
 .debug_str     0x0014c520     0x1788 ./drivers/fsl_lpuart.o
                             0x14781f (size before relaxing)
 .debug_str     0x0014dca8       0xc4 ./device/system_MIMXRT1052.o
                             0x14255f (size before relaxing)
 .debug_str     0x0014dd6c      0x120 ./component/uart/fsl_adapter_lpuart.o
                             0x145e92 (size before relaxing)
 .debug_str     0x0014de8c     0xfcd4 ./board/board.o
                             0x1569da (size before relaxing)
 .debug_str     0x0015db60      0x3d7 ./board/clock_config.o
                             0x156d90 (size before relaxing)
 .debug_str     0x0015df37       0x6c ./board/dcd.o
                               0x4773 (size before relaxing)
 .debug_str     0x0015dfa3       0x47 ./board/peripherals.o
                               0x2ff3 (size before relaxing)
 .debug_str     0x0015dfea       0xaf ./board/pin_mux.o
                             0x1550e1 (size before relaxing)

.comment        0x00000000       0x79
 .comment       0x00000000       0x4c ./xip/evkbimxrt1050_flexspi_nor_config.o
                                 0x4d (size before relaxing)
 .comment       0x0000004c       0x4d ./xip/fsl_flexspi_nor_boot.o
 .comment       0x0000004c       0x4d ./utilities/fsl_assert.o
 .comment       0x0000004c       0x4d ./utilities/fsl_debug_console.o
 .comment       0x0000004c       0x4d ./startup/startup_mimxrt1052.o
 .comment       0x0000004c       0x4d ./source/main.o
 .comment       0x0000004c       0x4d ./source/semihost_hardfault.o
 .comment       0x0000004c       0x4d ./source/timer.o
 .comment       0x0000004c       0x4d ./eiq/glow/bundle_utils/glow_bundle_utils.o
 .comment       0x0000004c       0x4d ./drivers/fsl_clock.o
 .comment       0x0000004c       0x4d ./drivers/fsl_lpuart.o
 .comment       0x0000004c       0x4d ./device/system_MIMXRT1052.o
 .comment       0x0000004c       0x4d ./component/uart/fsl_adapter_lpuart.o
 .comment       0x0000004c       0x4d ./board/board.o