rpmsg_default_config.h:141:20:RL_HANG	4	static
rpmsg_env_freertos.c:89:16:env_in_isr	8	static
rpmsg_env_freertos.c:100:9:env_init	16	static
rpmsg_env_freertos.c:147:9:env_deinit	16	static
rpmsg_env_freertos.c:186:7:env_allocate_memory	16	static
rpmsg_env_freertos.c:196:6:env_free_memory	16	static
rpmsg_env_freertos.c:212:6:env_memset	24	static
rpmsg_env_freertos.c:225:6:env_memcpy	24	static
rpmsg_env_freertos.c:238:9:env_strcmp	16	static
rpmsg_env_freertos.c:251:6:env_strncpy	24	static
rpmsg_env_freertos.c:264:9:env_strncmp	24	static
rpmsg_env_freertos.c:274:6:env_mb	4	static
rpmsg_env_freertos.c:282:6:env_rmb	4	static
rpmsg_env_freertos.c:290:6:env_wmb	4	static
rpmsg_env_freertos.c:300:10:env_map_vatopa	16	static
rpmsg_env_freertos.c:310:7:env_map_patova	16	static
rpmsg_env_freertos.c:321:9:env_create_mutex	16	static
rpmsg_env_freertos.c:345:6:env_delete_mutex	16	static
rpmsg_env_freertos.c:356:6:env_lock_mutex	24	static
rpmsg_env_freertos.c:370:6:env_unlock_mutex	24	static
rpmsg_env_freertos.c:386:9:env_create_sync_lock	16	static
rpmsg_env_freertos.c:397:6:env_delete_sync_lock	16	static
rpmsg_env_freertos.c:411:6:env_acquire_sync_lock	24	static
rpmsg_env_freertos.c:431:6:env_release_sync_lock	24	static
rpmsg_env_freertos.c:451:6:env_sleep_msec	16	static
rpmsg_env_freertos.c:464:6:env_register_isr	16	static
rpmsg_env_freertos.c:480:6:env_unregister_isr	16	static
rpmsg_env_freertos.c:497:6:env_enable_interrupt	16	static
rpmsg_env_freertos.c:510:6:env_disable_interrupt	16	static
rpmsg_env_freertos.c:526:6:env_map_memory	24	static
rpmsg_env_freertos.c:538:6:env_disable_cache	8	static
rpmsg_env_freertos.c:552:10:env_get_timestamp	8	static
rpmsg_env_freertos.c:567:6:env_isr	24	static
rpmsg_env_freertos.c:589:9:env_create_queue	24	static
rpmsg_env_freertos.c:610:6:env_delete_queue	16	static
rpmsg_env_freertos.c:627:9:env_put_queue	32	static
rpmsg_env_freertos.c:661:9:env_get_queue	32	static
rpmsg_env_freertos.c:693:9:env_get_current_queue_size	16	static
