rpmsg_platform.c:42:6:MU_A_IRQHandler	16	static
rpmsg_platform.c:69:9:platform_init_interrupt	24	static
rpmsg_platform.c:88:9:platform_deinit_interrupt	16	static
rpmsg_platform.c:108:6:platform_notify	16	static
rpmsg_platform.c:127:6:platform_time_delay	8	static
rpmsg_platform.c:153:9:platform_in_isr	0	static
rpmsg_platform.c:168:9:platform_interrupt_enable	0	static
rpmsg_platform.c:193:9:platform_interrupt_disable	0	static
rpmsg_platform.c:215:6:platform_map_mem_region	0	static
rpmsg_platform.c:225:6:platform_cache_all_flush_invalidate	0	static
rpmsg_platform.c:235:6:platform_cache_disable	0	static
rpmsg_platform.c:245:10:platform_vatopa	0	static
rpmsg_platform.c:256:7:platform_patova	0	static
rpmsg_platform.c:266:9:platform_init	8	static
rpmsg_platform.c:295:9:platform_deinit	8	static
