rpmsg_default_config.h:141:20:RL_HANG	4	static
core_cm33.h:2127:22:__NVIC_EnableIRQ	16	static
core_cm33.h:2165:22:__NVIC_DisableIRQ	16	static
core_cm33.h:2324:22:__NVIC_SetPriority	16	static
fsl_mu.h:342:24:MU_GetStatusFlags	16	static
fsl_mu.h:403:20:MU_ClearStatusFlags	24	static
fsl_mu.h:440:20:MU_EnableInterrupts	24	static
fsl_mu.h:461:20:MU_DisableInterrupts	24	static
rpmsg_platform.c:42:6:MU_A_IRQHandler	16	static
rpmsg_platform.c:59:13:platform_global_isr_disable	4	static
rpmsg_platform.c:64:13:platform_global_isr_enable	4	static
rpmsg_platform.c:69:9:platform_init_interrupt	16	static
rpmsg_platform.c:88:9:platform_deinit_interrupt	16	static
rpmsg_platform.c:108:6:platform_notify	16	static
rpmsg_platform.c:127:6:platform_time_delay	24	static
rpmsg_platform.c:153:9:platform_in_isr	4	static
rpmsg_platform.c:168:9:platform_interrupt_enable	16	static
rpmsg_platform.c:193:9:platform_interrupt_disable	16	static
rpmsg_platform.c:215:6:platform_map_mem_region	24	static
rpmsg_platform.c:225:6:platform_cache_all_flush_invalidate	4	static
rpmsg_platform.c:235:6:platform_cache_disable	4	static
rpmsg_platform.c:245:10:platform_vatopa	16	static
rpmsg_platform.c:256:7:platform_patova	16	static
rpmsg_platform.c:266:9:platform_init	8	static
rpmsg_platform.c:295:9:platform_deinit	8	static
