micro_allocator.cc:66:9:virtual void* tflite::{anonymous}::MicroBuiltinDataAllocator::Allocate(size_t, size_t)	0	static
micro_allocator.cc:69:8:virtual void tflite::{anonymous}::MicroBuiltinDataAllocator::Deallocate(void*)	0	static
micro_allocator.cc:61:7:tflite::{anonymous}::MicroBuiltinDataAllocator::~MicroBuiltinDataAllocator()	0	static
micro_allocator.cc:61:7:virtual tflite::{anonymous}::MicroBuiltinDataAllocator::~MicroBuiltinDataAllocator()	8	static
micro_allocator.cc:273:14:TfLiteStatus tflite::internal::InitializeTfLiteTensorFromFlatbuffer(tflite::SimpleMemoryAllocator*, const tflite::Tensor&, const flatbuffers::Vector<flatbuffers::Offset<tflite::Buffer> >*, tflite::ErrorReporter*, TfLiteTensor*)	72	static
micro_allocator.cc:518:14:TfLiteStatus tflite::MicroAllocator::AllocatePersistentBuffer(size_t, void**)	16	static
micro_allocator.cc:531:14:TfLiteStatus tflite::MicroAllocator::RequestScratchBufferInArena(int, size_t, int*)	24	static
micro_allocator.cc:568:7:void* tflite::MicroAllocator::GetScratchBuffer(int) const	8	static
micro_allocator.cc:579:8:size_t tflite::MicroAllocator::used_bytes() const	16	static
micro_allocator.cc:607:14:TfLiteStatus tflite::MicroAllocator::AllocateTfLiteTensorArray()	16	static
micro_allocator.cc:623:14:TfLiteStatus tflite::MicroAllocator::PopulateTfLiteTensorArrayFromFlatbuffer()	88	static
micro_allocator.cc:592:14:TfLiteStatus tflite::MicroAllocator::InitGraphAndContextTensorData()	8	static
micro_allocator.cc:404:1:tflite::MicroAllocator::MicroAllocator(TfLiteContext*, const tflite::Model*, uint8_t*, size_t, tflite::ErrorReporter*)	24	static
micro_allocator.cc:638:14:TfLiteStatus tflite::MicroAllocator::AllocateNodeAndRegistrations(tflite::NodeAndRegistration**)	16	static
micro_allocator.cc:654:14:TfLiteStatus tflite::MicroAllocator::PrepareNodeAndRegistrationDataFromFlatbuffer(const tflite::MicroOpResolver&, tflite::NodeAndRegistration*)	80	static
micro_allocator.cc:436:14:TfLiteStatus tflite::MicroAllocator::InitializeFromFlatbuffer(const tflite::MicroOpResolver&, tflite::NodeAndRegistration**)	16	static
micro_allocator.cc:448:14:TfLiteStatus tflite::MicroAllocator::FinishTensorAllocation()	136	static
