test_helpers.cc:39:12:virtual uint8_t* tflite::testing::{anonymous}::StackAllocator::allocate(size_t)	12	static
test_helpers.cc:47:8:virtual void tflite::testing::{anonymous}::StackAllocator::deallocate(uint8_t*, size_t)	0	static
test_helpers.cc:35:7:tflite::testing::{anonymous}::StackAllocator::~StackAllocator()	0	static
flatbuffers.h:627:7:flatbuffers::DefaultAllocator::~DefaultAllocator()	0	static
test_helpers.cc:64:33:flatbuffers::FlatBufferBuilder* tflite::testing::{anonymous}::BuilderInstance()	24	static
flatbuffers.h:629:12:virtual uint8_t* flatbuffers::DefaultAllocator::allocate(size_t)	0	static
flatbuffers.h:633:8:virtual void flatbuffers::DefaultAllocator::deallocate(uint8_t*, size_t)	0	static
test_helpers.cc:35:7:virtual tflite::testing::{anonymous}::StackAllocator::~StackAllocator()	8	static
flatbuffers.h:627:7:virtual flatbuffers::DefaultAllocator::~DefaultAllocator()	8	static
flatbuffers.h:601:20:virtual uint8_t* flatbuffers::Allocator::reallocate_downward(uint8_t*, size_t, size_t, size_t, size_t)	32	static
flatbuffers.h:1013:8:void flatbuffers::vector_downward::reallocate(size_t)	56	static
flatbuffers.h:1597:42:flatbuffers::Offset<flatbuffers::Vector<T> > flatbuffers::FlatBufferBuilder::CreateVector(const T*, size_t) [with T = long int]	24	static
flatbuffers.h:1350:13:flatbuffers::uoffset_t flatbuffers::FlatBufferBuilder::EndTable(flatbuffers::uoffset_t)	48	static
flatbuffers.h:1452:18:flatbuffers::Offset<flatbuffers::String> flatbuffers::FlatBufferBuilder::CreateString(const char*, size_t)	24	static
test_helpers.cc:586:5:int tflite::testing::TestStrcmp(const char*, const char*)	4	static
test_helpers.cc:599:6:)	12	static
test_helpers.cc:609:17:TfLiteIntArray* tflite::testing::IntArrayFromInts(const int*)	0	static
test_helpers.cc:616:19:TfLiteFloatArray* tflite::testing::FloatArrayFromFloats(const float*)	0	static
test_helpers.cc:624:14:TfLiteTensor tflite::testing::CreateTensor(TfLiteIntArray*, const char*, bool)	8	static
test_helpers.cc:637:14:TfLiteTensor tflite::testing::CreateFloatTensor(const float*, TfLiteIntArray*, const char*, bool)	16	static
test_helpers.cc:646:6:void tflite::testing::PopulateFloatTensor(TfLiteTensor*, float*, float*)	0	static
test_helpers.cc:654:14:TfLiteTensor tflite::testing::CreateBoolTensor(const bool*, TfLiteIntArray*, const char*, bool)	16	static
test_helpers.cc:663:14:TfLiteTensor tflite::testing::CreateInt32Tensor(const int32_t*, TfLiteIntArray*, const char*, bool)	16	static
test_helpers.cc:672:14:TfLiteTensor tflite::testing::CreateQuantizedTensor(const uint8_t*, TfLiteIntArray*, float, int, const char*, bool)	16	static
test_helpers.cc:684:14:TfLiteTensor tflite::testing::CreateQuantizedTensor(const int8_t*, TfLiteIntArray*, float, int, const char*, bool)	16	static
test_helpers.cc:696:14:TfLiteTensor tflite::testing::CreateQuantizedTensor(const int16_t*, TfLiteIntArray*, float, int, const char*, bool)	16	static
test_helpers.cc:708:14:TfLiteTensor tflite::testing::CreateQuantized32Tensor(const int32_t*, TfLiteIntArray*, float, const char*, bool)	16	static
test_helpers.cc:723:14:TfLiteTensor tflite::testing::CreateQuantizedBiasTensor(const float*, int32_t*, TfLiteIntArray*, float, float, const char*, bool)	40	static
test_helpers.cc:735:14:TfLiteTensor tflite::testing::CreatePerChannelQuantizedBiasTensor(const float*, int32_t*, TfLiteIntArray*, float, float*, float*, int*, TfLiteAffineQuantization*, int, const char*, bool)	64	static
test_helpers.cc:766:14:TfLiteTensor tflite::testing::CreateSymmetricPerChannelQuantizedTensor(const float*, int8_t*, TfLiteIntArray*, float*, int*, TfLiteAffineQuantization*, int, const char*, bool)	64	static
flatbuffers.h:1268:34:flatbuffers::uoffset_t flatbuffers::FlatBufferBuilder::PushElement(T) [with T = long unsigned int]	24	static
flatbuffers.h:1291:29:void flatbuffers::FlatBufferBuilder::AddElement(flatbuffers::voffset_t, T, T) [with T = long unsigned int]	24	static
schema_generated.h:10660:35:flatbuffers::Offset<tflite::Model> tflite::CreateModel(flatbuffers::FlatBufferBuilder&, uint32_t, flatbuffers::Offset<flatbuffers::Vector<flatbuffers::Offset<tflite::OperatorCode> > >, flatbuffers::Offset<flatbuffers::Vector<flatbuffers::Offset<tflite::SubGraph> > >, flatbuffers::Offset<flatbuffers::String>, flatbuffers::Offset<flatbuffers::Vector<flatbuffers::Offset<tflite::Buffer> > >, flatbuffers::Offset<flatbuffers::Vector<long int> >, flatbuffers::Offset<flatbuffers::Vector<flatbuffers::Offset<tflite::Metadata> > >)	40	static
schema_generated.h:3669:36:flatbuffers::Offset<tflite::Tensor> tflite::CreateTensor(flatbuffers::FlatBufferBuilder&, flatbuffers::Offset<flatbuffers::Vector<long int> >, tflite::TensorType, uint32_t, flatbuffers::Offset<flatbuffers::String>, flatbuffers::Offset<tflite::QuantizationParameters>, bool, flatbuffers::Offset<tflite::SparsityParameters>, flatbuffers::Offset<flatbuffers::Vector<long int> >)	40	static
test_helpers.cc:512:15:const tflite::Tensor* tflite::testing::Create1dFlatbufferTensor(int, bool)	64	static
test_helpers.cc:527:15:const tflite::Tensor* tflite::testing::CreateQuantizedFlatbufferTensor(int)	112	static
test_helpers.cc:179:22:tflite::testing::{anonymous}::ModelBuilder::Tensor tflite::testing::{anonymous}::ModelBuilder::AddTensorImpl(tflite::TensorType, bool, std::initializer_list<long int>)	72	static
schema_generated.h:10231:38:flatbuffers::Offset<tflite::Operator> tflite::CreateOperator(flatbuffers::FlatBufferBuilder&, uint32_t, flatbuffers::Offset<flatbuffers::Vector<long int> >, flatbuffers::Offset<flatbuffers::Vector<long int> >, tflite::BuiltinOptions, flatbuffers::Offset<void>, flatbuffers::Offset<flatbuffers::Vector<unsigned char> >, tflite::CustomOptionsFormat, flatbuffers::Offset<flatbuffers::Vector<unsigned char> >, flatbuffers::Offset<flatbuffers::Vector<long int> >)	48	static
test_helpers.cc:137:20:tflite::testing::{anonymous}::ModelBuilder::Node tflite::testing::{anonymous}::ModelBuilder::AddNode(tflite::testing::{anonymous}::ModelBuilder::Operator, std::initializer_list<long int>, std::initializer_list<long int>)	88	static
test_helpers.cc:569:1:const flatbuffers::Vector<flatbuffers::Offset<tflite::Buffer> >* tflite::testing::CreateFlatbufferBuffers()	64	static
test_helpers.cc:550:15:const tflite::Tensor* tflite::testing::CreateMissingQuantizationFlatbufferTensor(int)	64	static
test_helpers.cc:150:14:const tflite::Model* tflite::testing::{anonymous}::ModelBuilder::BuildModel(std::initializer_list<long int>, std::initializer_list<long int>)	136	static
test_helpers.cc:191:14:const tflite::Model* tflite::testing::{anonymous}::BuildSimpleStatefulModel()	552	static
test_helpers.cc:504:14:const tflite::Model* tflite::testing::GetSimpleStatefulModel()	8	static
test_helpers.cc:210:14:const tflite::Model* tflite::testing::{anonymous}::BuildSimpleModelWithBranch()	584	static
test_helpers.cc:496:14:const tflite::Model* tflite::testing::GetSimpleModelWithBranch()	8	static
test_helpers.cc:480:14:const tflite::Model* tflite::testing::GetSimpleMockModel()	168	static
test_helpers.cc:488:14:const tflite::Model* tflite::testing::GetComplexMockModel()	208	static
