rpmsg_lite.c:215:13:rpmsg_lite_tx_callback	0	static
rpmsg_lite.c:414:13:virtqueue_notify	0	static
rpmsg_lite.c:332:13:vq_tx_master	8	static
rpmsg_lite.c:383:13:vq_rx_free_master	0	static
rpmsg_lite.c:353:14:vq_tx_alloc_master	0	static
rpmsg_lite.c:245:13:vq_tx_remote	8	static
rpmsg_lite.c:296:13:vq_rx_free_remote	0	static
rpmsg_lite.c:266:14:vq_tx_alloc_remote	0	static
rpmsg_lite.c:113:22:rpmsg_lite_get_endpoint_from_addr.isra.0	0	static
rpmsg_lite.c:148:13:rpmsg_lite_rx_callback	24	static
rpmsg_lite.c:282:14:vq_rx_remote	0	static
rpmsg_lite.c:369:14:vq_rx_master	0	static
rpmsg_lite.c:440:29:rpmsg_lite_create_ept	32	static
rpmsg_lite.c:534:9:rpmsg_lite_destroy_ept	16	static
rpmsg_lite.c:577:9:rpmsg_lite_is_link_up	0	static
rpmsg_lite.c:677:9:rpmsg_lite_send	48	static
rpmsg_lite.c:700:7:rpmsg_lite_alloc_tx_buffer	32	static
rpmsg_lite.c:755:9:rpmsg_lite_send_nocopy	24	static
rpmsg_lite.c:824:9:rpmsg_lite_release_rx_buffer	24	static
rpmsg_lite.c:890:29:rpmsg_lite_master_init	64	static
rpmsg_lite.c:1100:29:rpmsg_lite_remote_init	56	static
rpmsg_lite.c:1234:9:rpmsg_lite_deinit	16	static
