virtqueue.c:586:13:vq_ring_update_avail	8	static
virtqueue.c:57:9:virtqueue_create	40	static
virtqueue.c:118:9:virtqueue_create_static	32	static
virtqueue.c:170:9:virtqueue_add_buffer	16	static
virtqueue.c:203:9:virtqueue_fill_avail_buffers	40	static
virtqueue.c:246:7:virtqueue_get_buffer	24	static
virtqueue.c:292:10:virtqueue_get_buffer_length	0	static
virtqueue.c:303:6:virtqueue_free	0	static
virtqueue.c:323:6:virtqueue_free_static	0	static
virtqueue.c:345:7:virtqueue_get_available_buffer	16	static
virtqueue.c:382:9:virtqueue_add_consumed_buffer	16	static
virtqueue.c:405:9:virtqueue_fill_used_buffers	32	static
virtqueue.c:434:9:virtqueue_enable_cb	8	static
virtqueue.c:445:6:virtqueue_disable_cb	0	static
virtqueue.c:466:6:virtqueue_kick	8	static
virtqueue.c:487:6:virtqueue_dump	48	static
virtqueue.c:510:10:virtqueue_get_desc_size	0	static
virtqueue.c:566:6:vq_ring_init	0	static
virtqueue.c:675:6:virtqueue_notification	0	static
