fsl_power.c:155:1:POWER_SetBiasConfig	0	static
fsl_power.c:168:17:POWER_CalcVoltLevel	8	static
fsl_power.c:229:6:POWER_ApplyPD	0	static
fsl_power.c:532:1:delay	0	static
fsl_power.c:541:1:deinitXip	0	static
fsl_power.c:629:1:countPartitionSwitches.isra.0	0	static
fsl_power.c:637:1:POWER_CalculateSafetyCount	16	static
fsl_power.c:557:1:initFlexSPI.constprop	8	static
fsl_power.c:618:1:initXip	0	static
fsl_power.c:311:6:POWER_EnterRbb	24	static
fsl_power.c:358:6:POWER_EnterFbb	24	static
fsl_power.c:405:6:POWER_EnterNbb	20	static
fsl_power.c:744:6:POWER_EnterDeepSleep	64	static
fsl_power.c:193:6:POWER_DisableLVD	0	static
fsl_power.c:202:6:POWER_RestoreLVD	0	static
fsl_power.c:212:6:POWER_UpdateOscSettlingTime	0	static
fsl_power.c:221:6:POWER_UpdatePmicRecoveryTime	0	static
fsl_power.c:246:6:POWER_ClearEventFlags	0	static
fsl_power.c:255:10:POWER_GetEventFlags	0	static
fsl_power.c:264:6:POWER_EnableInterrupts	0	static
fsl_power.c:273:6:POWER_DisableInterrupts	0	static
fsl_power.c:282:6:POWER_SetAnalogBuffer	0	static
fsl_power.c:301:6:POWER_SetPadVolRange	0	static
fsl_power.c:451:6:POWER_SetLdoVoltageForFreq	32	static
fsl_power.c:520:6:POWER_SetLvdFallingTripVoltage	0	static
fsl_power.c:526:34:POWER_GetLvdFallingTripVoltage	0	static
fsl_power.c:729:6:POWER_EnterSleep	0	static
fsl_power.c:1035:6:POWER_SetPmicMode	0	static
fsl_power.c:939:6:POWER_EnterDeepPowerDown	16	static
fsl_power.c:976:6:POWER_EnterFullDeepPowerDown	16	static
fsl_power.c:1009:6:POWER_EnterPowerMode	0	static
fsl_power.c:1046:6:EnableDeepSleepIRQ	0	static
fsl_power.c:1064:6:DisableDeepSleepIRQ	0	static
fsl_power.c:1084:10:POWER_GetLibVersion	0	static
