fsl_dma.c:86:17:DMA_GetInstance	0	static
fsl_dma.c:126:6:DMA_Init	16	static
fsl_dma.c:155:6:DMA_Deinit	8	static
fsl_dma.c:172:6:DMA_ConfigureChannelTrigger	8	static
fsl_dma.c:191:10:DMA_GetRemainingBytes	8	static
fsl_dma.c:265:6:DMA_SetupDescriptor	20	static
fsl_dma.c:336:6:DMA_SetupChannelDescriptor	20	static
fsl_dma.c:440:6:DMA_CreateDescriptor	20	static
fsl_dma.c:461:6:DMA_AbortTransfer	12	static
fsl_dma.c:485:6:DMA_CreateHandle	24	static
fsl_dma.c:515:6:DMA_SetCallback	0	static
fsl_dma.c:540:6:DMA_PrepareTransfer	32	static
fsl_dma.c:607:6:DMA_SetChannelConfig	12	static
fsl_dma.c:645:6:DMA_PrepareChannelTransfer	24	static
fsl_dma.c:703:6:DMA_LoadChannelDescriptor	16	static
fsl_dma.c:732:6:DMA_InstallDescriptorMemory	0	static
fsl_dma.c:782:6:DMA_SubmitChannelTransferParameter	32	static
fsl_dma.c:823:6:DMA_SubmitChannelDescriptor	0	static
fsl_dma.c:887:10:DMA_SubmitChannelTransfer	40	static
fsl_dma.c:930:10:DMA_SubmitTransfer	32	static
fsl_dma.c:969:6:DMA_StartTransfer	16	static
fsl_dma.c:986:6:DMA_IRQHandle	32	static
fsl_dma.c:1037:6:DMA0_DriverIRQHandler	0	static
fsl_dma.c:1045:6:DMA1_DriverIRQHandler	0	static
