fsl_i3c.c:385:17:I3C_SlaveCheckAndClearError	8	static
fsl_i3c.c:2215:6:I3C_SlaveTransferHandleIRQ	32	static
fsl_i3c.c:145:10:I3C_GetInstance	0	static
fsl_i3c.c:178:10:I3C_MasterCheckAndClearError	8	static
fsl_i3c.c:287:17:I3C_MasterWaitForTxReady	24	static
fsl_i3c.c:523:10:I3C_CheckForBusyBus	0	static
fsl_i3c.c:547:6:I3C_MasterGetDefaultConfig	0	static
fsl_i3c.c:598:20:I3C_MasterGetState	0	static
fsl_i3c.c:492:17:I3C_MasterEmitStop	24	static
fsl_i3c.c:645:6:I3C_MasterDeinit	8	static
fsl_i3c.c:685:6:I3C_MasterSetBaudRate	20	static
fsl_i3c.c:571:6:I3C_MasterInit	24	static
fsl_i3c.c:787:10:I3C_MasterRepeatedStart	8	static
fsl_i3c.c:758:10:I3C_MasterStart	24	static
fsl_i3c.c:1750:6:I3C_MasterTransferHandleIRQ	40	static
fsl_i3c.c:819:10:I3C_MasterStop	0	static
fsl_i3c.c:830:6:I3C_MasterEmitRequest	0	static
fsl_i3c.c:845:6:I3C_MasterRegisterIBI	12	static
fsl_i3c.c:879:10:I3C_MasterReceive	32	static
fsl_i3c.c:987:10:I3C_MasterSend	40	static
fsl_i3c.c:1065:10:I3C_MasterProcessDAA	24	static
fsl_i3c.c:1145:10:I3C_MasterTransferBlocking	24	static
fsl_i3c.c:1263:6:I3C_MasterTransferCreateHandle	24	static
fsl_i3c.c:1608:10:I3C_MasterTransferNonBlocking	24	static
fsl_i3c.c:1663:10:I3C_MasterTransferGetCount	16	static
fsl_i3c.c:1725:6:I3C_MasterTransferAbort	8	static
fsl_i3c.c:1801:6:I3C_SlaveGetDefaultConfig	8	static
fsl_i3c.c:1835:6:I3C_SlaveInit	24	static
fsl_i3c.c:1888:6:I3C_SlaveDeinit	8	static
fsl_i3c.c:1912:28:I3C_SlaveGetActivityState	0	static
fsl_i3c.c:1945:6:I3C_SlaveRequestEvent	8	static
fsl_i3c.c:1969:10:I3C_SlaveSend	32	static
fsl_i3c.c:2008:10:I3C_SlaveReceive	16	static
fsl_i3c.c:2069:6:I3C_SlaveTransferCreateHandle	24	static
fsl_i3c.c:2123:10:I3C_SlaveTransferNonBlocking	24	static
fsl_i3c.c:2160:10:I3C_SlaveTransferGetCount	0	static
fsl_i3c.c:2190:6:I3C_SlaveTransferAbort	8	static
fsl_i3c.c:2400:6:I3C0_DriverIRQHandler	8	static
