core_cm33.h:2127:22:__NVIC_EnableIRQ	16	static
core_cm33.h:2146:26:__NVIC_GetEnableIRQ	16	static
core_cm33.h:2165:22:__NVIC_DisableIRQ	16	static
core_cm33.h:2218:22:__NVIC_ClearPendingIRQ	16	static
fsl_common.h:747:28:EnableIRQ	24	static
fsl_common.h:791:28:DisableIRQ	24	static
fsl_common.h:827:28:DisableGlobalIRQ	16	static
fsl_common.h:858:24:EnableGlobalIRQ	24	static
fsl_power.h:325:20:POWER_EnableDeepSleep	4	static
fsl_power.h:408:32:POWER_GetBodyBiasMode	24	static
fsl_power.c:311:6:POWER_EnterRbb	32	static
fsl_power.c:358:6:POWER_EnterFbb	32	static
fsl_power.c:405:6:POWER_EnterNbb	32	static
fsl_power.c:744:6:POWER_EnterDeepSleep	88	static
fsl_power.c:155:1:POWER_SetBiasConfig	4	static
fsl_power.c:168:17:POWER_CalcVoltLevel	32	static
fsl_power.c:193:6:POWER_DisableLVD	4	static
fsl_power.c:202:6:POWER_RestoreLVD	4	static
fsl_power.c:212:6:POWER_UpdateOscSettlingTime	16	static
fsl_power.c:221:6:POWER_UpdatePmicRecoveryTime	16	static
fsl_power.c:229:6:POWER_ApplyPD	4	static
fsl_power.c:246:6:POWER_ClearEventFlags	16	static
fsl_power.c:255:10:POWER_GetEventFlags	4	static
fsl_power.c:264:6:POWER_EnableInterrupts	16	static
fsl_power.c:273:6:POWER_DisableInterrupts	16	static
fsl_power.c:282:6:POWER_SetAnalogBuffer	16	static
fsl_power.c:301:6:POWER_SetPadVolRange	16	static
fsl_power.c:451:6:POWER_SetLdoVoltageForFreq	56	static
fsl_power.c:520:6:POWER_SetLvdFallingTripVoltage	16	static
fsl_power.c:526:34:POWER_GetLvdFallingTripVoltage	4	static
fsl_power.c:532:1:delay	24	static
fsl_power.c:541:1:deinitXip	4	static
fsl_power.c:557:1:initFlexSPI	32	static
fsl_power.c:618:1:initXip	8	static
fsl_power.c:629:1:countPartitionSwitches	16	static
fsl_power.c:637:1:POWER_CalculateSafetyCount	32	static
fsl_power.c:729:6:POWER_EnterSleep	24	static
fsl_power.c:939:6:POWER_EnterDeepPowerDown	24	static
fsl_power.c:976:6:POWER_EnterFullDeepPowerDown	24	static
fsl_power.c:1009:6:POWER_EnterPowerMode	16	static
fsl_power.c:1035:6:POWER_SetPmicMode	16	static
fsl_power.c:1046:6:EnableDeepSleepIRQ	24	static
fsl_power.c:1064:6:DisableDeepSleepIRQ	24	static
fsl_power.c:1084:10:POWER_GetLibVersion	4	static
