core_cm33.h:2127:22:__NVIC_EnableIRQ	16	static
core_cm33.h:2324:22:__NVIC_SetPriority	16	static
fsl_common.h:747:28:EnableIRQ	24	static
fsl_usart.h:381:24:USART_GetStatusFlags	16	static
fsl_usart.h:401:20:USART_ClearStatusFlags	16	static
fsl_usart.h:427:20:USART_EnableInterrupts	16	static
fsl_usart.h:445:20:USART_DisableInterrupts	16	static
fsl_usart.h:457:24:USART_GetEnabledInterrupts	16	static
fsl_usart.h:567:20:USART_WriteByte	16	static
fsl_usart.h:581:23:USART_ReadByte	16	static
fsl_adapter_usart.c:115:26:HAL_UartGetStatus	16	static
fsl_adapter_usart.c:154:13:HAL_UartInterruptHandle	40	static
fsl_adapter_usart.c:212:13:HAL_UartInterruptHandle_Wapper	16	static
fsl_adapter_usart.c:220:19:HAL_UartInit	48	static
fsl_adapter_usart.c:287:19:HAL_UartDeinit	24	static
fsl_adapter_usart.c:300:19:HAL_UartReceiveBlocking	32	static
fsl_adapter_usart.c:322:19:HAL_UartSendBlocking	32	static
fsl_adapter_usart.c:343:19:HAL_UartEnterLowpower	16	static
fsl_adapter_usart.c:350:19:HAL_UartExitLowpower	16	static
fsl_adapter_usart.c:470:19:HAL_UartInstallCallback	32	static
fsl_adapter_usart.c:487:19:HAL_UartReceiveNonBlocking	32	static
fsl_adapter_usart.c:509:19:HAL_UartSendNonBlocking	32	static
fsl_adapter_usart.c:530:19:HAL_UartGetReceiveCount	24	static
fsl_adapter_usart.c:547:19:HAL_UartGetSendCount	24	static
fsl_adapter_usart.c:564:19:HAL_UartAbortReceive	24	static
fsl_adapter_usart.c:582:19:HAL_UartAbortSend	24	static
fsl_adapter_usart.c:623:6:HAL_UartIsrFunction	24	static
