mpu_armv7.h:191:22:ARM_MPU_Enable	16	static
mpu_armv7.h:203:22:ARM_MPU_Disable	4	static
fsl_clock.h:1112:20:CLOCK_SetMux	24	static
fsl_clock.h:1138:24:CLOCK_GetMux	16	static
fsl_clock.h:1149:20:CLOCK_SetDiv	24	static
fsl_clock.h:1174:24:CLOCK_GetDiv	16	static
fsl_clock.h:1235:24:CLOCK_GetOscFreq	4	static
fsl_iomuxc.h:1125:20:IOMUXC_SetPinConfig	24	static
board.c:25:10:BOARD_DebugConsoleSrcFreq	24	static
board.c:44:6:BOARD_InitDebugConsole	16	static
board.c:52:6:BOARD_LPI2C_Init	48	static
board.c:70:10:BOARD_LPI2C_Send	48	static
board.c:90:10:BOARD_LPI2C_Receive	48	static
board.c:110:10:BOARD_LPI2C_SendSCCB	48	static
board.c:130:10:BOARD_LPI2C_ReceiveSCCB	56	static
board.c:163:6:BOARD_Accel_I2C_Init	8	static
board.c:168:10:BOARD_Accel_I2C_Send	40	static
board.c:175:10:BOARD_Accel_I2C_Receive	32	static
board.c:181:6:BOARD_Codec_I2C_Init	8	static
board.c:186:10:BOARD_Codec_I2C_Send	32	static
board.c:193:10:BOARD_Codec_I2C_Receive	32	static
board.c:199:6:BOARD_Camera_I2C_Init	8	static
board.c:206:10:BOARD_Camera_I2C_Send	32	static
board.c:213:10:BOARD_Camera_I2C_Receive	32	static
board.c:220:10:BOARD_Camera_I2C_SendSCCB	32	static
board.c:227:10:BOARD_Camera_I2C_ReceiveSCCB	32	static
board.c:235:6:BOARD_SD_Pin_Config	24	static
board.c:268:6:BOARD_MMC_Pin_Config	24	static
board.c:322:6:BOARD_ConfigMPU	48	static
