startup_mimxrt685s.cpp:460:14:void NMI_Handler()	0	static
startup_mimxrt685s.cpp:464:14:void HardFault_Handler()	0	static
startup_mimxrt685s.cpp:468:14:void MemManage_Handler()	0	static
startup_mimxrt685s.cpp:472:14:void BusFault_Handler()	0	static
startup_mimxrt685s.cpp:476:14:void UsageFault_Handler()	0	static
startup_mimxrt685s.cpp:480:14:void SecureFault_Handler()	0	static
startup_mimxrt685s.cpp:484:14:void SVC_Handler()	0	static
startup_mimxrt685s.cpp:488:14:void DebugMon_Handler()	0	static
startup_mimxrt685s.cpp:492:14:void PendSV_Handler()	0	static
startup_mimxrt685s.cpp:496:14:void SysTick_Handler()	0	static
startup_mimxrt685s.cpp:350:6:void data_init(unsigned int, unsigned int, unsigned int)	8	static
startup_mimxrt685s.cpp:359:6:void bss_init(unsigned int, unsigned int)	0	static
startup_mimxrt685s.cpp:384:6:void ResetISR()	16	static
startup_mimxrt685s.cpp:504:14:void IntDefaultHandler()	0	static
startup_mimxrt685s.cpp:514:11:void WDT0_IRQHandler()	8	static
startup_mimxrt685s.cpp:518:11:void DMA0_IRQHandler()	8	static
startup_mimxrt685s.cpp:522:11:void GPIO_INTA_IRQHandler()	8	static
startup_mimxrt685s.cpp:526:11:void GPIO_INTB_IRQHandler()	8	static
startup_mimxrt685s.cpp:530:11:void PIN_INT0_IRQHandler()	8	static
startup_mimxrt685s.cpp:534:11:void PIN_INT1_IRQHandler()	8	static
startup_mimxrt685s.cpp:538:11:void PIN_INT2_IRQHandler()	8	static
startup_mimxrt685s.cpp:542:11:void PIN_INT3_IRQHandler()	8	static
startup_mimxrt685s.cpp:546:11:void UTICK0_IRQHandler()	8	static
startup_mimxrt685s.cpp:550:11:void MRT0_IRQHandler()	8	static
startup_mimxrt685s.cpp:554:11:void CTIMER0_IRQHandler()	8	static
startup_mimxrt685s.cpp:558:11:void CTIMER1_IRQHandler()	8	static
startup_mimxrt685s.cpp:562:11:void SCT0_IRQHandler()	8	static
startup_mimxrt685s.cpp:566:11:void CTIMER3_IRQHandler()	8	static
startup_mimxrt685s.cpp:570:11:void FLEXCOMM0_IRQHandler()	8	static
startup_mimxrt685s.cpp:574:11:void FLEXCOMM1_IRQHandler()	8	static
startup_mimxrt685s.cpp:578:11:void FLEXCOMM2_IRQHandler()	8	static
startup_mimxrt685s.cpp:582:11:void FLEXCOMM3_IRQHandler()	8	static
startup_mimxrt685s.cpp:586:11:void FLEXCOMM4_IRQHandler()	8	static
startup_mimxrt685s.cpp:590:11:void FLEXCOMM5_IRQHandler()	8	static
startup_mimxrt685s.cpp:594:11:void FLEXCOMM14_IRQHandler()	8	static
startup_mimxrt685s.cpp:598:11:void FLEXCOMM15_IRQHandler()	8	static
startup_mimxrt685s.cpp:602:11:void ADC0_IRQHandler()	8	static
startup_mimxrt685s.cpp:606:11:void Reserved39_IRQHandler()	8	static
startup_mimxrt685s.cpp:610:11:void ACMP_IRQHandler()	8	static
startup_mimxrt685s.cpp:614:11:void DMIC0_IRQHandler()	8	static
startup_mimxrt685s.cpp:618:11:void Reserved42_IRQHandler()	8	static
startup_mimxrt685s.cpp:622:11:void HYPERVISOR_IRQHandler()	8	static
startup_mimxrt685s.cpp:626:11:void SECUREVIOLATION_IRQHandler()	8	static
startup_mimxrt685s.cpp:630:11:void HWVAD0_IRQHandler()	8	static
startup_mimxrt685s.cpp:634:11:void Reserved46_IRQHandler()	8	static
startup_mimxrt685s.cpp:638:11:void RNG_IRQHandler()	8	static
startup_mimxrt685s.cpp:642:11:void RTC_IRQHandler()	8	static
startup_mimxrt685s.cpp:646:11:void DSPWAKE_IRQHandler()	8	static
startup_mimxrt685s.cpp:650:11:void MU_A_IRQHandler()	8	static
startup_mimxrt685s.cpp:654:11:void PIN_INT4_IRQHandler()	8	static
startup_mimxrt685s.cpp:658:11:void PIN_INT5_IRQHandler()	8	static
startup_mimxrt685s.cpp:662:11:void PIN_INT6_IRQHandler()	8	static
startup_mimxrt685s.cpp:666:11:void PIN_INT7_IRQHandler()	8	static
startup_mimxrt685s.cpp:670:11:void CTIMER2_IRQHandler()	8	static
startup_mimxrt685s.cpp:674:11:void CTIMER4_IRQHandler()	8	static
startup_mimxrt685s.cpp:678:11:void OS_EVENT_IRQHandler()	8	static
startup_mimxrt685s.cpp:682:11:void FLEXSPI_IRQHandler()	8	static
startup_mimxrt685s.cpp:686:11:void FLEXCOMM6_IRQHandler()	8	static
startup_mimxrt685s.cpp:690:11:void FLEXCOMM7_IRQHandler()	8	static
startup_mimxrt685s.cpp:694:11:void USDHC0_IRQHandler()	8	static
startup_mimxrt685s.cpp:698:11:void USDHC1_IRQHandler()	8	static
startup_mimxrt685s.cpp:702:11:void SGPIO_INTA_IRQHandler()	8	static
startup_mimxrt685s.cpp:706:11:void SGPIO_INTB_IRQHandler()	8	static
startup_mimxrt685s.cpp:710:11:void I3C0_IRQHandler()	8	static
startup_mimxrt685s.cpp:714:11:void USB_IRQHandler()	8	static
startup_mimxrt685s.cpp:718:11:void USB_WAKEUP_IRQHandler()	8	static
startup_mimxrt685s.cpp:722:11:void WDT1_IRQHandler()	8	static
startup_mimxrt685s.cpp:726:11:void USBPHY_DCD_IRQHandler()	8	static
startup_mimxrt685s.cpp:730:11:void DMA1_IRQHandler()	8	static
startup_mimxrt685s.cpp:734:11:void PUF_IRQHandler()	8	static
startup_mimxrt685s.cpp:738:11:void POWERQUAD_IRQHandler()	8	static
startup_mimxrt685s.cpp:742:11:void CASPER_IRQHandler()	8	static
startup_mimxrt685s.cpp:746:11:void PMC_PMIC_IRQHandler()	8	static
startup_mimxrt685s.cpp:750:11:void HASHCRYPT_IRQHandler()	8	static
