fsl_clock.c:158:6:CLOCK_InitExternalClk	0	static
fsl_clock.c:182:6:CLOCK_DeinitExternalClk	0	static
fsl_clock.c:194:6:CLOCK_SwitchOsc	0	static
fsl_clock.c:209:6:CLOCK_InitRcOsc24M	0	static
fsl_clock.c:217:6:CLOCK_DeinitRcOsc24M	0	static
fsl_clock.c:406:6:CLOCK_EnableUsbhs0Clock	4	static
fsl_clock.c:433:6:CLOCK_EnableUsbhs1Clock	4	static
fsl_clock.c:482:6:CLOCK_DisableUsbhs0PhyPllClock	0	static
fsl_clock.c:495:6:CLOCK_InitArmPll	8	static
fsl_clock.c:516:6:CLOCK_DeinitArmPll	0	static
fsl_clock.c:528:6:CLOCK_InitSysPll	8	static
fsl_clock.c:558:6:CLOCK_DeinitSysPll	0	static
fsl_clock.c:570:6:CLOCK_InitUsb1Pll	8	static
fsl_clock.c:458:6:CLOCK_EnableUsbhs0PhyPllClock	16	static
fsl_clock.c:591:6:CLOCK_DeinitUsb1Pll	0	static
fsl_clock.c:603:6:CLOCK_InitUsb2Pll	8	static
fsl_clock.c:624:6:CLOCK_DeinitUsb2Pll	0	static
fsl_clock.c:636:6:CLOCK_InitAudioPll	8	static
fsl_clock.c:711:6:CLOCK_DeinitAudioPll	0	static
fsl_clock.c:723:6:CLOCK_InitVideoPll	4	static
fsl_clock.c:797:6:CLOCK_DeinitVideoPll	0	static
fsl_clock.c:809:6:CLOCK_InitEnetPll	4	static
fsl_clock.c:844:6:CLOCK_DeinitEnetPll	0	static
fsl_clock.c:857:10:CLOCK_GetPllFreq	32	static
fsl_clock.c:78:17:CLOCK_GetPeriphClkFreq	8	static
fsl_clock.c:227:10:CLOCK_GetAhbFreq	8	static
fsl_clock.c:271:10:CLOCK_GetIpgFreq	8	static
fsl_clock.c:281:10:CLOCK_GetPerClkFreq	8	static
fsl_clock.c:237:10:CLOCK_GetSemcFreq	8	static
fsl_clock.c:310:10:CLOCK_GetFreq	8	static
fsl_clock.c:1075:6:CLOCK_InitSysPfd	8	static
fsl_clock.c:1098:6:CLOCK_DeinitSysPfd	0	static
fsl_clock.c:1113:6:CLOCK_InitUsb1Pfd	8	static
fsl_clock.c:1136:6:CLOCK_DeinitUsb1Pfd	0	static
fsl_clock.c:1149:10:CLOCK_GetSysPfdFreq	8	static
fsl_clock.c:1188:10:CLOCK_GetUsb1PfdFreq	8	static
fsl_clock.c:1228:6:CLOCK_EnableUsbhs1PhyPllClock	16	static
fsl_clock.c:1246:6:CLOCK_DisableUsbhs1PhyPllClock	0	static
